###############################################################################
#
# IAR ELF Linker V8.40.2.214/W32 for ARM                  19/Mar/2021  00:25:18
# Copyright 2007-2019 IAR Systems AB.
#
#    Output file  =
#        C:\Users\User\Desktop\projects\stm32Labs\Lab8_UART\Debug\Exe\Lab8_UART.out
#    Map file     =
#        C:\Users\User\Desktop\projects\stm32Labs\Lab8_UART\Debug\List\Lab8_UART.map
#    Command line =
#        -f C:\Users\User\AppData\Local\Temp\EW11F0.tmp
#        (C:\Users\User\Desktop\projects\stm32Labs\Lab8_UART\Debug\Obj\interrupthandler.o
#        C:\Users\User\Desktop\projects\stm32Labs\Lab8_UART\Debug\Obj\main.o
#        C:\Users\User\Desktop\projects\stm32Labs\Lab8_UART\Debug\Obj\startup.o
#        C:\Users\User\Desktop\projects\stm32Labs\Lab8_UART\Debug\Obj\timersdiver.o
#        C:\Users\User\Desktop\projects\stm32Labs\Lab8_UART\Debug\Obj\uart.o
#        C:\Users\User\Desktop\projects\stm32Labs\Lab8_UART\Debug\Obj\uartdriver.o
#        --no_out_extension -o
#        C:\Users\User\Desktop\projects\stm32Labs\Lab8_UART\Debug\Exe\Lab8_UART.out
#        --redirect _Printf=_PrintfFullNoMb --redirect _Scanf=_ScanfFullNoMb
#        --map
#        C:\Users\User\Desktop\projects\stm32Labs\Lab8_UART\Debug\List\Lab8_UART.map
#        --config "C:\Program Files\IAR Systems\Embedded Workbench
#        8.3\arm\config\linker\ST\stm32f411xC.icf" --semihosting --entry
#        __iar_program_start --vfe --text_out locale)
#
###############################################################################

*******************************************************************************
*** RUNTIME MODEL ATTRIBUTES
***

CppFlavor                     = *
__CPP_Exceptions              = Disabled
__CPP_Language                = C++14
__Heap_Handler                = Basic
__SystemLibrary               = DLib
__dlib_dynamic_initialization = normal
__dlib_version                = 6


*******************************************************************************
*** HEAP SELECTION
***

The basic heap was selected because no calls to memory allocation
functions were found in the application outside of system library
functions, and there are calls to deallocation functions in the
application.


*******************************************************************************
*** PLACEMENT SUMMARY
***

"A0":  place at address 0x800'0000 { ro section .intvec };
"P1":  place in [from 0x800'0000 to 0x803'ffff] { ro };
define block CSTACK with size = 8K, alignment = 8 { };
define block HEAP with size = 8K, alignment = 8 { };
"P2":  place in [from 0x2000'0000 to 0x2001'ffff] {
          rw, block CSTACK, block HEAP };
initialize by copy { rw };

  Section                Kind         Address    Size  Object
  -------                ----         -------    ----  ------
"A0":                                            0xbc
  .intvec                const     0x800'0000    0xbc  startup.o [1]
                                 - 0x800'00bc    0xbc

"P1":                                           0x728
  .text                  ro code   0x800'00bc    0xac  main.o [1]
  .text                  ro code   0x800'0168    0x18  uartdriver.o [1]
  .text                  ro code   0x800'0180    0x14  main.o [1]
  .text                  ro code   0x800'0194    0x10  main.o [1]
  .text                  ro code   0x800'01a4    0x14  main.o [1]
  .text                  ro code   0x800'01b8    0x1c  main.o [1]
  .text                  ro code   0x800'01d4    0x10  main.o [1]
  .text                  ro code   0x800'01e4    0x14  main.o [1]
  .text                  ro code   0x800'01f8    0x14  main.o [1]
  .text                  ro code   0x800'020c    0x14  main.o [1]
  .text                  ro code   0x800'0220    0x14  main.o [1]
  .text                  ro code   0x800'0234    0x14  main.o [1]
  .text                  ro code   0x800'0248    0x14  main.o [1]
  .text                  ro code   0x800'025c    0x10  main.o [1]
  .text                  ro code   0x800'026c    0x14  main.o [1]
  .text                  ro code   0x800'0280    0x10  main.o [1]
  .text                  ro code   0x800'0290    0x10  main.o [1]
  .text                  ro code   0x800'02a0    0x10  main.o [1]
  .text                  ro code   0x800'02b0    0x14  main.o [1]
  .text                  ro code   0x800'02c4     0xc  main.o [1]
  .text                  ro code   0x800'02d0     0xa  main.o [1]
  .text                  ro code   0x800'02da    0x2e  copy_init3.o [5]
  .text                  ro code   0x800'0308    0x34  timersdiver.o [1]
  .text                  ro code   0x800'033c    0x90  main.o [1]
  .text                  ro code   0x800'03cc     0x8  uartdriver.o [1]
  .text                  ro code   0x800'03d4     0xc  timersdiver.o [1]
  .text                  ro code   0x800'03e0     0xc  timersdiver.o [1]
  .text                  ro code   0x800'03ec     0xc  timersdiver.o [1]
  .text                  ro code   0x800'03f8    0x10  timersdiver.o [1]
  .text                  ro code   0x800'0408    0x24  ABIassert.o [6]
  .text                  ro code   0x800'042c     0x2  main.o [1]
  .rodata                const     0x800'042e     0x1  unwind_debug.o [6]
  .text                  ro code   0x800'0430    0x76  ABImemcpy_unaligned.o [5]
  .text                  ro code   0x800'04a6    0x22  main.o [1]
  .text                  ro code   0x800'04c8     0x4  main.o [1]
  .text                  ro code   0x800'04cc     0xc  uartdriver.o [1]
  .text                  ro code   0x800'04d8     0x8  uartdriver.o [1]
  .text                  ro code   0x800'04e0     0xc  uartdriver.o [1]
  .text                  ro code   0x800'04ec     0x8  uartdriver.o [1]
  .text                  ro code   0x800'04f4     0xc  uartdriver.o [1]
  .text                  ro code   0x800'0500     0x2  uartdriver.o [1]
  .text                  ro code   0x800'0504     0xc  timersdiver.o [1]
  .text                  ro code   0x800'0510     0xc  timersdiver.o [1]
  .text                  ro code   0x800'051c     0xc  timersdiver.o [1]
  .text                  ro code   0x800'0528    0x14  timersdiver.o [1]
  .text                  ro code   0x800'053c    0x10  timersdiver.o [1]
  .text                  ro code   0x800'054c     0x6  abort.o [2]
  .text                  ro code   0x800'0554    0x10  main.o [1]
  .text                  ro code   0x800'0564    0x10  main.o [1]
  .text                  ro code   0x800'0574     0xc  uartdriver.o [1]
  .text                  ro code   0x800'0580    0x14  uartdriver.o [1]
  .text                  ro code   0x800'0594    0x14  uartdriver.o [1]
  .text                  ro code   0x800'05a8    0x14  uartdriver.o [1]
  .text                  ro code   0x800'05bc    0x10  uartdriver.o [1]
  .text                  ro code   0x800'05cc    0x10  uartdriver.o [1]
  .text                  ro code   0x800'05dc    0x14  exit.o [6]
  .rodata                const     0x800'05f0    0x58  main.o [1]
  .text                  ro code   0x800'0648    0x28  data_init.o [5]
  .text                  ro code   0x800'0670    0x22  fpinit_M.o [4]
  .iar.init_table        const     0x800'0694    0x18  - Linker created -
  .text                  ro code   0x800'06ac    0x20  uartdriver.o [1]
  .text                  ro code   0x800'06cc    0x20  cmain_call_ctors.o [5]
  .text                  ro code   0x800'06ec    0x18  cppinit.o [2]
  .text                  ro code   0x800'0704    0x1e  cmain.o [5]
  .text                  ro code   0x800'0722     0x4  exit.o [2]
  .text                  ro code   0x800'0728     0xa  cexit.o [5]
  .rodata                const     0x800'0734    0x1c  uartdriver.o [1]
  .text                  ro code   0x800'0750    0x1a  interrupthandler.o [1]
  .text                  ro code   0x800'076c    0x10  interrupthandler.o [1]
  .text                  ro code   0x800'077c    0x10  interrupthandler.o [1]
  .rodata                const     0x800'078c    0x18  timersdiver.o [1]
  .rodata                const     0x800'07a4    0x10  main.o [1]
  .text                  ro code   0x800'07b4    0x10  startup.o [1]
  .rodata                const     0x800'07c4     0xc  main.o [1]
  Initializer bytes      const     0x800'07d0     0xc  <for P2-1>
  SHT$$PREINIT_ARRAY               0x800'07dc     0x0  <Block>
  SHT$$INIT_ARRAY                  0x800'07dc     0x8  <Block>
    .init_array          const     0x800'07dc     0x4  main.o [1]
    .init_array          const     0x800'07e0     0x4  uartdriver.o [1]
  __iar_tls$$INIT_ARRAY            0x800'07e4     0x0  <Block>
  .rodata                const     0x800'07e4     0x0  copy_init3.o [5]
                                 - 0x800'07e4   0x728

"P2", part 1 of 2:                                0xc
  P2-1                            0x2000'0000     0x9  <Init block>
    .data                inited   0x2000'0000     0x4  timersdiver.o [1]
    .bss                 inited   0x2000'0004     0x4  uartdriver.o [1]
    .bss                 inited   0x2000'0008     0x1  uartdriver.o [1]
                                - 0x2000'0009     0x9

"P2", part 2 of 2:                             0x2000
  CSTACK                          0x2000'0010  0x2000  <Block>
    CSTACK               uninit   0x2000'0010  0x2000  <Block tail>
                                - 0x2000'2010  0x2000

Unused ranges:

         From           To      Size
         ----           --      ----
   0x800'07e4   0x803'ffff  0x3'f81c
  0x2000'000c  0x2000'000f       0x4
  0x2000'2010  0x2001'ffff  0x1'dff0


*******************************************************************************
*** INIT TABLE
***

          Address      Size
          -------      ----
Copy (__iar_copy_init3)
    1 source range, total size 0xc (133% of destination):
           0x800'07d0   0xc
    1 destination range, total size 0x9:
          0x2000'0000   0x9

Extra (__iar_cstart_call_ctors)



*******************************************************************************
*** MODULE SUMMARY
***

    Module                 ro code  ro data  rw data
    ------                 -------  -------  -------
command line/config:
    ------------------------------------------------
    Total:

C:\Users\User\Desktop\projects\stm32Labs\Lab8_UART\Debug\Obj: [1]
    interrupthandler.o          58
    main.o                     734      120
    startup.o                   16      188
    timersdiver.o              176       28        4
    uartdriver.o               222       37        5
    ------------------------------------------------
    Total:                   1'206      373        9

dl7M_tln.a: [2]
    abort.o                      6
    cppinit.o                   24
    exit.o                       4
    ------------------------------------------------
    Total:                      34

dlpp7M_tl_nc.a: [3]
    ------------------------------------------------
    Total:

m7M_tls.a: [4]
    fpinit_M.o                  34
    ------------------------------------------------
    Total:                      34

rt7M_tl.a: [5]
    ABImemcpy_unaligned.o      118
    cexit.o                     10
    cmain.o                     30
    cmain_call_ctors.o          32
    copy_init3.o                46
    data_init.o                 40
    ------------------------------------------------
    Total:                     276

shb_l.a: [6]
    ABIassert.o                 36
    exit.o                      20
    unwind_debug.o                        1
    ------------------------------------------------
    Total:                      56        1

    Gaps                         9        4
    Linker created                       27    8'192
----------------------------------------------------
    Grand Total:             1'615      405    8'201


*******************************************************************************
*** ENTRY LIST
***

Entry                       Address  Size  Type      Object
-----                       -------  ----  ----      ------
.iar.init_table$$Base    0x800'0694         --   Gb  - Linker created -
.iar.init_table$$Limit   0x800'06ac         --   Gb  - Linker created -
?main                    0x800'0705        Code  Gb  cmain.o [5]
CSTACK$$Base            0x2000'0010         --   Gb  - Linker created -
CSTACK$$Limit           0x2000'2010         --   Gb  - Linker created -
IUartBase::IUartBase()   0x800'0501   0x2  Code  Gb  uartdriver.o [1]
IUartBase::IUartBase() [subobject]
                         0x800'03cd   0x8  Code  Gb  uartdriver.o [1]
Initialization guard variable for uart
                        0x2000'0008   0x1  Data  Gb  uartdriver.o [1]
InterruptHandler::DummyHandler()
                         0x800'0751   0x2  Code  Gb  interrupthandler.o [1]
InterruptHandler::Tim2ToggleLeds()
                         0x800'0753  0x18  Code  Gb  interrupthandler.o [1]
Region$$Table$$Base      0x800'0694         --   Gb  - Linker created -
Region$$Table$$Limit     0x800'06ac         --   Gb  - Linker created -
SHT$$INIT_ARRAY$$Base    0x800'07dc         --   Gb  - Linker created -
SHT$$INIT_ARRAY$$Limit   0x800'07e4         --   Gb  - Linker created -
SHT$$PREINIT_ARRAY$$Base
                         0x800'07dc         --   Gb  - Linker created -
SHT$$PREINIT_ARRAY$$Limit
                         0x800'07dc         --   Gb  - Linker created -
Timer<TIM2>::SetArr(unsigned short)
                         0x800'03e1   0xc  Code  Gb  timersdiver.o [1]
Timer<TIM2>::SetCounter(unsigned short)
                         0x800'03ed   0xc  Code  Gb  timersdiver.o [1]
Timer<TIM2>::SetPrescaler(unsigned short)
                         0x800'03d5   0xc  Code  Gb  timersdiver.o [1]
Timer<TIM2>::Sleep()     0x800'03f9  0x10  Code  Gb  timersdiver.o [1]
TimersDriver::Config(unsigned short, unsigned short, unsigned short)
                         0x800'0309  0x26  Code  Gb  timersdiver.o [1]
TimersDriver::Sleep()    0x800'032f   0xa  Code  Gb  timersdiver.o [1]
Uart<USART2>::InterruptsDisable()
                         0x800'04ed   0x8  Code  Gb  uartdriver.o [1]
Uart<USART2>::InterruptsEnable()
                         0x800'04d9   0x8  Code  Gb  uartdriver.o [1]
Uart<USART2>::IsTransferRegisterEmpty()
                         0x800'04a7  0x22  Code  Gb  main.o [1]
Uart<USART2>::TransmitDisable()
                         0x800'04f5   0xc  Code  Gb  uartdriver.o [1]
Uart<USART2>::TransmitEnable()
                         0x800'04e1   0xc  Code  Gb  uartdriver.o [1]
Uart<USART2>::Uart()     0x800'0169  0x18  Code  Gb  uartdriver.o [1]
Uart<USART2>::WriteByte(unsigned char)
                         0x800'04cd   0xc  Code  Gb  uartdriver.o [1]
UartDriver::SendMessage(char const *, unsigned int)
                         0x800'033d  0x90  Code  Gb  main.o [1]
UartDriver::SendMessage(char const *, unsigned int)::string
                         0x800'07c4   0xc  Data  Gb  main.o [1]
UartDriver::SendMessage(char const *, unsigned int)::string (instance 2)
                         0x800'05f0  0x58  Data  Gb  main.o [1]
UartDriver::UartDriver()
                         0x800'02d1   0xa  Code  Gb  main.o [1]
Virtual function table for Timer<TIM2>
                         0x800'078c  0x18  Data  Gb  timersdiver.o [1]
Virtual function table for Uart<USART2>
                         0x800'0734  0x1c  Data  Gb  uartdriver.o [1]
__aeabi_assert           0x800'0409  0x24  Code  Gb  ABIassert.o [6]
__call_ctors             0x800'06ed  0x18  Code  Gb  cppinit.o [2]
__cmain                  0x800'0705        Code  Gb  cmain.o [5]
__exit                   0x800'05dd  0x14  Code  Gb  exit.o [6]
__iar_copy_init3         0x800'02db  0x2e  Code  Gb  copy_init3.o [5]
__iar_cstart_call_ctors
                         0x800'06cd  0x20  Code  Gb  cmain_call_ctors.o [5]
__iar_data_init3         0x800'0649  0x28  Code  Gb  data_init.o [5]
__iar_debug_exceptions   0x800'042e   0x1  Data  Gb  unwind_debug.o [6]
__iar_init_vfp           0x800'0671        Code  Gb  fpinit_M.o [4]
__iar_program_start      0x800'07b5  0x10  Code  Gb  startup.o [1]
__iar_tls$$INIT_ARRAY$$Base
                         0x800'07e4         --   Gb  - Linker created -
__iar_tls$$INIT_ARRAY$$Limit
                         0x800'07e4         --   Gb  - Linker created -
__iar_unaligned_memcpy   0x800'0431        Code  Gb  ABImemcpy_unaligned.o [5]
__iar_unaligned_memcpy4
                         0x800'0451        Code  Gb  ABImemcpy_unaligned.o [5]
__iar_unaligned_memcpy8
                         0x800'0451        Code  Gb  ABImemcpy_unaligned.o [5]
__low_level_init         0x800'00d3  0x5a  Code  Gb  main.o [1]
__sti__routine           0x800'00bd  0x16  Code  Lc  main.o [1]
__sti__routine           0x800'06ad  0x20  Code  Lc  uartdriver.o [1]
__vector_table           0x800'0000  0xbc  Data  Lc  startup.o [1]
_call_main               0x800'0711        Code  Gb  cmain.o [5]
_exit                    0x800'0729        Code  Gb  cexit.o [5]
_main                    0x800'071f        Code  Gb  cmain.o [5]
abort                    0x800'054d   0x6  Code  Gb  abort.o [2]
bool FieldValueBase<RCC_CFGR_SWS_Values<RCC::CFGR, (unsigned int)2, (unsigned int)2, ReadMode, RCC::RCCCFGRBase>, RCC::RCCCFGRBase, (unsigned int)1>::IsSet<ReadMode, void>()
                         0x800'01b9  0x1c  Code  Gb  main.o [1]
bool FieldValueBase<RCC_CR_HSERDY_Values<RCC::CR, (unsigned int)17, (unsigned int)1, ReadMode, RCC::RCCCRBase>, RCC::RCCCRBase, (unsigned int)1>::IsSet<ReadMode, void>()
                         0x800'0195  0x10  Code  Gb  main.o [1]
bool FieldValueBase<TIM2_SR_UIF_Values<TIM2::SR, (unsigned int)0, (unsigned int)1, ReadWriteMode, TIM2::TIM2SRBase>, TIM2::TIM2SRBase, (unsigned int)0>::IsSet<ReadWriteMode, void>()
                         0x800'0529  0x14  Code  Gb  timersdiver.o [1]
bool FieldValueBase<TIM2_SR_UIF_Values<TIM2::SR, (unsigned int)0, (unsigned int)1, ReadWriteMode, TIM2::TIM2SRBase>, TIM2::TIM2SRBase, (unsigned int)1>::IsSet<ReadWriteMode, void>()
                         0x800'076d  0x10  Code  Gb  interrupthandler.o [1]
bool FieldValueBase<USART2_CR1_TXEIE_Values<USART2::CR1, (unsigned int)7, (unsigned int)1, ReadWriteMode, USART2::USART2CR1Base>, USART2::USART2CR1Base, (unsigned int)1>::IsSet<ReadWriteMode, void>()
                         0x800'0565  0x10  Code  Gb  main.o [1]
bool FieldValueBase<USART2_SR_TXE_Values<USART2::SR, (unsigned int)7, (unsigned int)1, ReadMode, USART2::USART2SRBase>, USART2::USART2SRBase, (unsigned int)1>::IsSet<ReadMode, void>()
                         0x800'0555  0x10  Code  Gb  main.o [1]
exit                     0x800'0723   0x4  Code  Gb  exit.o [2]
main                     0x800'012d  0x30  Code  Gb  main.o [1]
std::array<unsigned char, (unsigned int)255>::data()
                         0x800'042d   0x2  Code  Gb  main.o [1]
std::array<unsigned char, (unsigned int)255>::operator [](unsigned int)
                         0x800'04c9   0x4  Code  Gb  main.o [1]
tim2                    0x2000'0000   0x4  Data  Gb  timersdiver.o [1]
uart                    0x2000'0004   0x4  Data  Gb  uartdriver.o [1]
void FieldValueBase<GPIOA_AFRL_AFRL7_Values<GPIOA::AFRL, (unsigned int)12, (unsigned int)4, ReadWriteMode, GPIOA::GPIOAAFRLBase>, GPIOA::GPIOAAFRLBase, (unsigned int)7>::Set<ReadWriteMode, void>()
                         0x800'0249  0x14  Code  Gb  main.o [1]
void FieldValueBase<GPIOA_AFRL_AFRL7_Values<GPIOA::AFRL, (unsigned int)8, (unsigned int)4, ReadWriteMode, GPIOA::GPIOAAFRLBase>, GPIOA::GPIOAAFRLBase, (unsigned int)7>::Set<ReadWriteMode, void>()
                         0x800'0235  0x14  Code  Gb  main.o [1]
void FieldValueBase<GPIOA_MODER_MODER15_Values<GPIOA::MODER, (unsigned int)4, (unsigned int)2, ReadWriteMode, GPIOA::GPIOAMODERBase>, GPIOA::GPIOAMODERBase, (unsigned int)2>::Set<ReadWriteMode, void>()
                         0x800'020d  0x14  Code  Gb  main.o [1]
void FieldValueBase<GPIOA_MODER_MODER15_Values<GPIOA::MODER, (unsigned int)6, (unsigned int)2, ReadWriteMode, GPIOA::GPIOAMODERBase>, GPIOA::GPIOAMODERBase, (unsigned int)2>::Set<ReadWriteMode, void>()
                         0x800'0221  0x14  Code  Gb  main.o [1]
void FieldValueBase<GPIOA_OTYPER_OT3_Values<GPIOA::OTYPER, (unsigned int)3, (unsigned int)1, ReadWriteMode, GPIOA::GPIOAOTYPERBase>, GPIOA::GPIOAOTYPERBase, (unsigned int)0>::Set<ReadWriteMode, void>()
                         0x800'025d  0x10  Code  Gb  main.o [1]
void FieldValueBase<GPIOA_PUPDR_PUPDR15_Values<GPIOA::PUPDR, (unsigned int)6, (unsigned int)2, ReadWriteMode, GPIOA::GPIOAPUPDRBase>, GPIOA::GPIOAPUPDRBase, (unsigned int)1>::Set<ReadWriteMode, void>()
                         0x800'026d  0x14  Code  Gb  main.o [1]
void FieldValueBase<RCC_AHB1ENR_DMA2EN_Values<RCC::AHB1ENR, (unsigned int)0, (unsigned int)1, ReadWriteMode, RCC::RCCAHB1ENRBase>, RCC::RCCAHB1ENRBase, (unsigned int)1>::Set<ReadWriteMode, void>()
                         0x800'01e5  0x14  Code  Gb  main.o [1]
void FieldValueBase<RCC_APB1ENR_USART2EN_Values<RCC::APB1ENR, (unsigned int)17, (unsigned int)1, ReadWriteMode, RCC::RCCAPB1ENRBase>, RCC::RCCAPB1ENRBase, (unsigned int)1>::Set<ReadWriteMode, void>()
                         0x800'01f9  0x14  Code  Gb  main.o [1]
void FieldValueBase<RCC_CFGR_SW_Values<RCC::CFGR, (unsigned int)0, (unsigned int)2, ReadWriteMode, RCC::RCCCFGRBase>, RCC::RCCCFGRBase, (unsigned int)1>::Set<ReadWriteMode, void>()
                         0x800'01a5  0x14  Code  Gb  main.o [1]
void FieldValueBase<RCC_CR_HSEON_Values<RCC::CR, (unsigned int)16, (unsigned int)1, ReadWriteMode, RCC::RCCCRBase>, RCC::RCCCRBase, (unsigned int)1>::Set<ReadWriteMode, void>()
                         0x800'0181  0x14  Code  Gb  main.o [1]
void FieldValueBase<RCC_CR_HSION_Values<RCC::CR, (unsigned int)0, (unsigned int)1, ReadWriteMode, RCC::RCCCRBase>, RCC::RCCCRBase, (unsigned int)0>::Set<ReadWriteMode, void>()
                         0x800'01d5  0x10  Code  Gb  main.o [1]
void FieldValueBase<TIM2_SR_UIF_Values<TIM2::SR, (unsigned int)0, (unsigned int)1, ReadWriteMode, TIM2::TIM2SRBase>, TIM2::TIM2SRBase, (unsigned int)0>::Set<ReadWriteMode, void>()
                         0x800'053d  0x10  Code  Gb  timersdiver.o [1]
void FieldValueBase<USART2_CR1_M_Values<USART2::CR1, (unsigned int)12, (unsigned int)1, ReadWriteMode, USART2::USART2CR1Base>, USART2::USART2CR1Base, (unsigned int)0>::Set<ReadWriteMode, void>()
                         0x800'0281  0x10  Code  Gb  main.o [1]
void FieldValueBase<USART2_CR1_OVER8_Values<USART2::CR1, (unsigned int)15, (unsigned int)1, ReadWriteMode, USART2::USART2CR1Base>, USART2::USART2CR1Base, (unsigned int)0>::Set<ReadWriteMode, void>()
                         0x800'0291  0x10  Code  Gb  main.o [1]
void FieldValueBase<USART2_CR1_RE_Values<USART2::CR1, (unsigned int)2, (unsigned int)1, ReadWriteMode, USART2::USART2CR1Base>, USART2::USART2CR1Base, (unsigned int)0>::Set<ReadWriteMode, void>()
                         0x800'05cd  0x10  Code  Gb  uartdriver.o [1]
void FieldValueBase<USART2_CR1_RE_Values<USART2::CR1, (unsigned int)2, (unsigned int)1, ReadWriteMode, USART2::USART2CR1Base>, USART2::USART2CR1Base, (unsigned int)1>::Set<ReadWriteMode, void>()
                         0x800'05a9  0x14  Code  Gb  uartdriver.o [1]
void FieldValueBase<USART2_CR1_TE_Values<USART2::CR1, (unsigned int)3, (unsigned int)1, ReadWriteMode, USART2::USART2CR1Base>, USART2::USART2CR1Base, (unsigned int)1>::Set<ReadWriteMode, void>()
                         0x800'0595  0x14  Code  Gb  uartdriver.o [1]
void FieldValueBase<USART2_CR1_TXEIE_Values<USART2::CR1, (unsigned int)7, (unsigned int)1, ReadWriteMode, USART2::USART2CR1Base>, USART2::USART2CR1Base, (unsigned int)0>::Set<ReadWriteMode, void>()
                         0x800'05bd  0x10  Code  Gb  uartdriver.o [1]
void FieldValueBase<USART2_CR1_TXEIE_Values<USART2::CR1, (unsigned int)7, (unsigned int)1, ReadWriteMode, USART2::USART2CR1Base>, USART2::USART2CR1Base, (unsigned int)1>::Set<ReadWriteMode, void>()
                         0x800'0581  0x14  Code  Gb  uartdriver.o [1]
void FieldValueBase<USART2_CR2_LINEN_Values<USART2::CR2, (unsigned int)14, (unsigned int)1, ReadWriteMode, USART2::USART2CR2Base>, USART2::USART2CR2Base, (unsigned int)1>::Set<ReadWriteMode, void>()
                         0x800'02b1  0x14  Code  Gb  main.o [1]
void FieldValueBase<USART2_CR2_STOP_Values<USART2::CR2, (unsigned int)12, (unsigned int)2, ReadWriteMode, USART2::USART2CR2Base>, USART2::USART2CR2Base, (unsigned int)0>::Set<ReadWriteMode, void>()
                         0x800'02a1  0x10  Code  Gb  main.o [1]
void RegisterBase<(unsigned int)1073741860, (unsigned int)32, ReadWriteMode>::Write<ReadWriteMode, void>(unsigned int)
                         0x800'051d   0xc  Code  Gb  timersdiver.o [1]
void RegisterBase<(unsigned int)1073741864, (unsigned int)32, ReadWriteMode>::Write<ReadWriteMode, void>(unsigned int)
                         0x800'0505   0xc  Code  Gb  timersdiver.o [1]
void RegisterBase<(unsigned int)1073741868, (unsigned int)32, ReadWriteMode>::Write<ReadWriteMode, void>(unsigned int)
                         0x800'0511   0xc  Code  Gb  timersdiver.o [1]
void RegisterBase<(unsigned int)1073759236, (unsigned int)32, ReadWriteMode>::Write<ReadWriteMode, void>(unsigned int)
                         0x800'0575   0xc  Code  Gb  uartdriver.o [1]
void RegisterBase<(unsigned int)1073759240, (unsigned int)32, ReadWriteMode>::Write<ReadWriteMode, void>(unsigned int)
                         0x800'02c5   0xc  Code  Gb  main.o [1]
void RegisterBase<(unsigned int)1073874964, (unsigned int)32, ReadWriteMode>::Toggle<ReadWriteMode, void>(unsigned int)
                         0x800'077d  0x10  Code  Gb  interrupthandler.o [1]


[1] = C:\Users\User\Desktop\projects\stm32Labs\Lab8_UART\Debug\Obj
[2] = dl7M_tln.a
[3] = dlpp7M_tl_nc.a
[4] = m7M_tls.a
[5] = rt7M_tl.a
[6] = shb_l.a

  1'615 bytes of readonly  code memory
    405 bytes of readonly  data memory
  8'201 bytes of readwrite data memory

Errors: none
Warnings: none
