###############################################################################
#
# IAR ELF Linker V8.40.2.214/W32 for ARM                  12/Dec/2020  12:13:19
# Copyright 2007-2019 IAR Systems AB.
#
#    Output file  =
#        C:\Users\User\Desktop\projects\stm32Labs\MyLab7\Debug\Exe\lab7.out
#    Map file     =
#        C:\Users\User\Desktop\projects\stm32Labs\MyLab7\Debug\List\lab7.map
#    Command line =
#        -f C:\Users\User\AppData\Local\Temp\EW92B.tmp
#        (C:\Users\User\Desktop\projects\stm32Labs\MyLab7\Debug\Obj\main.o
#        C:\Users\User\Desktop\projects\stm32Labs\MyLab7\Debug\Obj\startup.o
#        --no_out_extension -o
#        C:\Users\User\Desktop\projects\stm32Labs\MyLab7\Debug\Exe\lab7.out
#        --redirect _Printf=_PrintfFullNoMb --redirect _Scanf=_ScanfFullNoMb
#        --map
#        C:\Users\User\Desktop\projects\stm32Labs\MyLab7\Debug\List\lab7.map
#        --config "C:\Program Files\IAR Systems\Embedded Workbench
#        8.3\arm\config\linker\ST\stm32f411xE.icf" --semihosting --entry
#        __iar_program_start --vfe --text_out locale)
#
###############################################################################

*******************************************************************************
*** RUNTIME MODEL ATTRIBUTES
***

CppFlavor        = *
__CPP_Exceptions = Disabled
__CPP_Language   = C++14
__Heap_Handler   = Basic
__SystemLibrary  = DLib
__dlib_version   = 6


*******************************************************************************
*** HEAP SELECTION
***

The basic heap was selected because no calls to memory allocation
functions were found in the application outside of system library
functions, and there are calls to deallocation functions in the
application.


*******************************************************************************
*** PLACEMENT SUMMARY
***

"A0":  place at address 0x800'0000 { ro section .intvec };
"P1":  place in [from 0x800'0000 to 0x807'ffff] { ro };
define block CSTACK with size = 8K, alignment = 8 { };
define block HEAP with size = 8K, alignment = 8 { };
"P2":  place in [from 0x2000'0000 to 0x2001'ffff] {
          rw, block CSTACK, block HEAP };

No sections matched the following patterns:

  rw  in "P2"


  Section   Kind         Address    Size  Object
  -------   ----         -------    ----  ------
"A0":                               0xbc
  .intvec   const     0x800'0000    0xbc  startup.o [1]
                    - 0x800'00bc    0xbc

"P1":                              0x1c0
  .text     ro code   0x800'00bc    0x58  main.o [1]
  .text     ro code   0x800'0114    0x14  main.o [1]
  .text     ro code   0x800'0128    0x14  main.o [1]
  .text     ro code   0x800'013c    0x14  main.o [1]
  .text     ro code   0x800'0150    0x1c  main.o [1]
  .text     ro code   0x800'016c     0xc  main.o [1]
  .text     ro code   0x800'0178     0xc  main.o [1]
  .text     ro code   0x800'0184     0xc  main.o [1]
  .text     ro code   0x800'0190    0x14  main.o [1]
  .text     ro code   0x800'01a4    0x10  main.o [1]
  .text     ro code   0x800'01b4     0xc  main.o [1]
  .text     ro code   0x800'01c0    0x12  main.o [1]
  .text     ro code   0x800'01d2    0x10  main.o [1]
  .text     ro code   0x800'01e2     0x2  startup.o [1]
  .text     ro code   0x800'01e4    0x10  main.o [1]
  .text     ro code   0x800'01f4    0x22  fpinit_M.o [4]
  .rodata   const     0x800'0216     0x1  unwind_debug.o [6]
  .text     ro code   0x800'0218    0x1e  cmain.o [5]
  .text     ro code   0x800'0236     0x4  exit.o [2]
  .text     ro code   0x800'023c     0xa  cexit.o [5]
  .text     ro code   0x800'0248    0x14  exit.o [6]
  .text     ro code   0x800'025c    0x10  startup.o [1]
  .rodata   const     0x800'026c     0xc  main.o [1]
  .rodata   const     0x800'0278     0x4  main.o [1]
                    - 0x800'027c   0x1c0

"P2":                             0x2000
  CSTACK             0x2000'0000  0x2000  <Block>
    CSTACK  uninit   0x2000'0000  0x2000  <Block tail>
                   - 0x2000'2000  0x2000

Unused ranges:

         From           To      Size
         ----           --      ----
   0x800'027c   0x807'ffff  0x7'fd84
  0x2000'2000  0x2001'ffff  0x1'e000



*******************************************************************************
*** MODULE SUMMARY
***

    Module          ro code  ro data  rw data
    ------          -------  -------  -------
command line/config:
    -----------------------------------------
    Total:

C:\Users\User\Desktop\projects\stm32Labs\MyLab7\Debug\Obj: [1]
    main.o              310       16
    startup.o            18      188
    -----------------------------------------
    Total:              328      204

dl7M_tln.a: [2]
    exit.o                4
    -----------------------------------------
    Total:                4

dlpp7M_tl_nc.a: [3]
    -----------------------------------------
    Total:

m7M_tls.a: [4]
    fpinit_M.o           34
    -----------------------------------------
    Total:               34

rt7M_tl.a: [5]
    cexit.o              10
    cmain.o              30
    -----------------------------------------
    Total:               40

shb_l.a: [6]
    exit.o               20
    unwind_debug.o                 1
    -----------------------------------------
    Total:               20        1

    Gaps                  5
    Linker created                      8'192
---------------------------------------------
    Grand Total:        431      205    8'192


*******************************************************************************
*** ENTRY LIST
***

Entry                       Address  Size  Type      Object
-----                       -------  ----  ----      ------
?main                    0x800'0219        Code  Gb  cmain.o [5]
CSTACK$$Base            0x2000'0000         --   Gb  - Linker created -
CSTACK$$Limit           0x2000'2000         --   Gb  - Linker created -
InterruptHandler::DummyHandler()
                         0x800'01e3   0x2  Code  Gb  startup.o [1]
Port<GPIOC>::Toggle(unsigned char)
                         0x800'01d3  0x10  Code  Gb  main.o [1]
Region$$Table$$Base             0x0         --   Gb  - Linker created -
Region$$Table$$Limit            0x0         --   Gb  - Linker created -
Virtual function table for Port<GPIOC>
                         0x800'026c   0xc  Data  Gb  main.o [1]
__cmain                  0x800'0219        Code  Gb  cmain.o [5]
__exit                   0x800'0249  0x14  Code  Gb  exit.o [6]
__iar_debug_exceptions   0x800'0216   0x1  Data  Gb  unwind_debug.o [6]
__iar_init_vfp           0x800'01f5        Code  Gb  fpinit_M.o [4]
__iar_program_start      0x800'025d  0x10  Code  Gb  startup.o [1]
__low_level_init         0x800'00bd  0x40  Code  Gb  main.o [1]
__vector_table           0x800'0000  0xbc  Data  Lc  startup.o [1]
_call_main               0x800'0225        Code  Gb  cmain.o [5]
_exit                    0x800'023d        Code  Gb  cexit.o [5]
_main                    0x800'0233        Code  Gb  cmain.o [5]
exit                     0x800'0237   0x4  Code  Gb  exit.o [2]
main                     0x800'00fd  0x12  Code  Gb  main.o [1]
void FieldValueBase<GPIOA_MODER_MODER15_Values<GPIOA::MODER, (unsigned int)10, (unsigned int)2, ReadWriteMode, GPIOA::GPIOAMODERBase>, GPIOA::GPIOAMODERBase, (unsigned int)1>::Set<ReadWriteMode, void>()
                         0x800'013d  0x14  Code  Gb  main.o [1]
void FieldValueBase<TIM2_CR1_CEN_Values<TIM2::CR1, (unsigned int)0, (unsigned int)1, ReadWriteMode, TIM2::TIM2CR1Base>, TIM2::TIM2CR1Base, (unsigned int)1>::Set<ReadWriteMode, void>()
                         0x800'01c1  0x12  Code  Gb  main.o [1]
void FieldValueBase<TIM2_DIER_UIE_Values<TIM2::DIER, (unsigned int)0, (unsigned int)1, ReadWriteMode, TIM2::TIM2DIERBase>, TIM2::TIM2DIERBase, (unsigned int)1>::Set<ReadWriteMode, void>()
                         0x800'0191  0x14  Code  Gb  main.o [1]
void FieldValueBase<TIM2_SR_UIF_Values<TIM2::SR, (unsigned int)0, (unsigned int)1, ReadWriteMode, TIM2::TIM2SRBase>, TIM2::TIM2SRBase, (unsigned int)0>::Set<ReadWriteMode, void>()
                         0x800'01a5  0x10  Code  Gb  main.o [1]
void Register<(unsigned int)1073874944, (unsigned int)32, ReadWriteMode, GPIOC::GPIOCMODERBase, FieldValue<GPIOC_MODER_MODER15_Values<GPIOC::MODER, (unsigned int)10, (unsigned int)2, ReadWriteMode, GPIOC::GPIOCMODERBase>, GPIOC::GPIOCMODERBase, (unsigned int)1>, FieldValue<GPIOC_MODER_MODER15_Values<GPIOC::MODER, (unsigned int)16, (unsigned int)2, ReadWriteMode, GPIOC::GPIOCMODERBase>, GPIOC::GPIOCMODERBase, (unsigned int)1>, FieldValue<GPIOC_MODER_MODER15_Values<GPIOC::MODER, (unsigned int)18, (unsigned int)2, ReadWriteMode, GPIOC::GPIOCMODERBase>, GPIOC::GPIOCMODERBase, (unsigned int)1>>::Set<ReadWriteMode, void>()
                         0x800'0151  0x1c  Code  Gb  main.o [1]
void Register<(unsigned int)1073887280, (unsigned int)32, ReadWriteMode, RCC::RCCAHB1ENRBase, FieldValue<RCC_AHB1ENR_DMA2EN_Values<RCC::AHB1ENR, (unsigned int)2, (unsigned int)1, ReadWriteMode, RCC::RCCAHB1ENRBase>, RCC::RCCAHB1ENRBase, (unsigned int)1>, FieldValue<RCC_AHB1ENR_DMA2EN_Values<RCC::AHB1ENR, (unsigned int)0, (unsigned int)1, ReadWriteMode, RCC::RCCAHB1ENRBase>, RCC::RCCAHB1ENRBase, (unsigned int)1>>::Set<ReadWriteMode, void>()
                         0x800'0115  0x14  Code  Gb  main.o [1]
void Register<(unsigned int)1073887296, (unsigned int)32, ReadWriteMode, RCC::RCCAPB1ENRBase, FieldValue<RCC_AHB1ENR_DMA2EN_Values<RCC::APB1ENR, (unsigned int)0, (unsigned int)1, ReadWriteMode, RCC::RCCAPB1ENRBase>, RCC::RCCAPB1ENRBase, (unsigned int)1>>::Set<ReadWriteMode, void>()
                         0x800'0129  0x14  Code  Gb  main.o [1]
void RegisterBase<(unsigned int)1073741860, (unsigned int)32, ReadWriteMode>::Write<ReadWriteMode, void>(unsigned int)
                         0x800'01b5   0xc  Code  Gb  main.o [1]
void RegisterBase<(unsigned int)1073741864, (unsigned int)32, ReadWriteMode>::Write<ReadWriteMode, void>(unsigned int)
                         0x800'0179   0xc  Code  Gb  main.o [1]
void RegisterBase<(unsigned int)1073741868, (unsigned int)32, ReadWriteMode>::Write<ReadWriteMode, void>(unsigned int)
                         0x800'0185   0xc  Code  Gb  main.o [1]
void RegisterBase<(unsigned int)1073874964, (unsigned int)32, ReadWriteMode>::Toggle<ReadWriteMode, void>(unsigned int)
                         0x800'01e5  0x10  Code  Gb  main.o [1]
void RegisterBase<(unsigned int)3758153984, (unsigned int)32, ReadWriteMode>::Write<ReadWriteMode, void>(unsigned int)
                         0x800'016d   0xc  Code  Gb  main.o [1]


[1] = C:\Users\User\Desktop\projects\stm32Labs\MyLab7\Debug\Obj
[2] = dl7M_tln.a
[3] = dlpp7M_tl_nc.a
[4] = m7M_tls.a
[5] = rt7M_tl.a
[6] = shb_l.a

    431 bytes of readonly  code memory
    205 bytes of readonly  data memory
  8'192 bytes of readwrite data memory

Errors: none
Warnings: none
