###############################################################################
#
# IAR ELF Linker V8.40.2.214/W32 for ARM                  14/Oct/2020  13:38:01
# Copyright 2007-2019 IAR Systems AB.
#
#    Output file  =
#        C:\Users\User\Desktop\projects\stm32Labs\MyLab2\Debug\Exe\Lab2.out
#    Map file     =
#        C:\Users\User\Desktop\projects\stm32Labs\MyLab2\Debug\List\Lab2.map
#    Command line =
#        -f C:\Users\User\AppData\Local\Temp\EWB084.tmp
#        (C:\Users\User\Desktop\projects\stm32Labs\MyLab2\Debug\Obj\main.o
#        --no_out_extension -o
#        C:\Users\User\Desktop\projects\stm32Labs\MyLab2\Debug\Exe\Lab2.out
#        --redirect _Printf=_PrintfFullNoMb --redirect _Scanf=_ScanfFullNoMb
#        --map
#        C:\Users\User\Desktop\projects\stm32Labs\MyLab2\Debug\List\Lab2.map
#        --config "C:\Program Files\IAR Systems\Embedded Workbench
#        8.3\arm\config\linker\ST\stm32f411xE.icf" --semihosting --entry
#        __iar_program_start --vfe --text_out locale)
#
###############################################################################

*******************************************************************************
*** RUNTIME MODEL ATTRIBUTES
***

CppFlavor                     = *
__CPP_Exceptions              = Disabled
__CPP_Language                = C++14
__Heap_Handler                = DLMalloc
__SystemLibrary               = DLib
__dlib_dynamic_initialization = normal
__dlib_version                = 6


*******************************************************************************
*** HEAP SELECTION
***

The advanced heap was selected because the application calls memory
allocation functions outside of system library functions, and there
are calls to deallocation functions in the application.


*******************************************************************************
*** PLACEMENT SUMMARY
***

"A0":  place at address 0x800'0000 { ro section .intvec };
"P1":  place in [from 0x800'0000 to 0x807'ffff] { ro };
define block CSTACK with size = 8K, alignment = 8 { };
define block HEAP with size = 8K, alignment = 8 { };
"P2":  place in [from 0x2000'0000 to 0x2001'ffff] {
          rw, block CSTACK, block HEAP };
initialize by copy { rw };

  Section                Kind         Address    Size  Object
  -------                ----         -------    ----  ------
"A0":                                            0x40
  .intvec                ro code   0x800'0000    0x40  vector_table_M.o [5]
                                 - 0x800'0040    0x40

"P1":                                          0x4e24
  .text                  ro code   0x800'0040  0x149c  dlmalloc.o [2]
  .text                  ro code   0x800'14dc     0x6  abort.o [2]
  .text                  ro code   0x800'14e2    0x3a  zero_init3.o [5]
  .text                  ro code   0x800'151c    0x2c  xgetmemchunk.o [2]
  .text                  ro code   0x800'1548    0x14  exit.o [6]
  .text                  ro code   0x800'155c    0x7c  iarttio.o [6]
  .text                  ro code   0x800'15d8    0x3c  XShttio.o [2]
  .text                  ro code   0x800'1614   0xfaa  xprintffull_nomb.o [2]
  .text                  ro code   0x800'25be    0x2e  copy_init3.o [5]
  .text                  ro code   0x800'25ec    0x16  strchr.o [5]
  .text                  ro code   0x800'2602     0xa  xsprout.o [2]
  .text                  ro code   0x800'260c    0x40  xfail_s.o [2]
  .text                  ro code   0x800'264c    0x36  strlen.o [5]
  .text                  ro code   0x800'2682     0x6  iostream_cout.o [3]
  .text                  ro code   0x800'2688    0x58  memchr.o [5]
  .text                  ro code   0x800'26e0    0x76  ABImemcpy_unaligned.o [5]
  .text                  ro code   0x800'2756     0x2  iostream_cout.o [3]
  .text                  ro code   0x800'2758    0x70  frexp.o [4]
  .text                  ro code   0x800'27c8    0x2e  DblCmpLe.o [4]
  .text                  ro code   0x800'27f6     0x2  iostream_cout.o [3]
  .text                  ro code   0x800'27f8    0x2e  DblCmpGe.o [4]
  .text                  ro code   0x800'2826     0x2  vector_table_M.o [5]
  .text                  ro code   0x800'2828   0x13a  ldexp.o [4]
  .rodata                const     0x800'2962     0x1  main.o [1]
  .rodata                const     0x800'2963     0x1  main.o [1]
  .text                  ro code   0x800'2964    0x3a  DblToS32.o [4]
  .rodata                const     0x800'299e     0x1  unwind_debug.o [6]
  .text                  ro code   0x800'29a0    0x22  S32ToDbl.o [4]
  .text                  ro code   0x800'29c4    0xe2  DblSub.o [4]
  .text                  ro code   0x800'2aa8   0x246  DblDiv.o [4]
  .text                  ro code   0x800'2cf0    0x28  DblToU32.o [4]
  .text                  ro code   0x800'2d18    0x1a  U32ToDbl.o [4]
  .text                  ro code   0x800'2d34   0x1a2  DblMul.o [4]
  .text                  ro code   0x800'2ed8   0x230  I64DivMod.o [5]
  .text                  ro code   0x800'3108   0x16a  DblAdd.o [4]
  .text                  ro code   0x800'3274     0x2  I64DivZer.o [5]
  .text                  ro code   0x800'3276   0x234  main.o [1]
  .text                  ro code   0x800'34aa     0x4  main.o [1]
  .text                  ro code   0x800'34ae     0x6  main.o [1]
  .text                  ro code   0x800'34b4    0x20  main.o [1]
  .text                  ro code   0x800'34d4    0x2a  main.o [1]
  .text                  ro code   0x800'34fe     0xc  main.o [1]
  .text                  ro code   0x800'350a    0x12  main.o [1]
  .text                  ro code   0x800'351c    0x30  main.o [1]
  .text                  ro code   0x800'354c     0xa  main.o [1]
  .text                  ro code   0x800'3556     0xc  main.o [1]
  .text                  ro code   0x800'3562     0xa  main.o [1]
  .text                  ro code   0x800'356c    0x96  main.o [1]
  .text                  ro code   0x800'3602     0xa  main.o [1]
  .text                  ro code   0x800'360c     0x4  main.o [1]
  .text                  ro code   0x800'3610    0x2e  main.o [1]
  .text                  ro code   0x800'363e    0x2e  main.o [1]
  .text                  ro code   0x800'366c     0x8  main.o [1]
  .text                  ro code   0x800'3674    0x12  main.o [1]
  .text                  ro code   0x800'3688    0x18  main.o [1]
  .text                  ro code   0x800'36a0     0x8  main.o [1]
  .text                  ro code   0x800'36a8    0x7a  main.o [1]
  .text                  ro code   0x800'3722    0x3a  main.o [1]
  .text                  ro code   0x800'375c     0xc  main.o [1]
  .text                  ro code   0x800'3768    0x18  main.o [1]
  .text                  ro code   0x800'3780     0xa  cxxabi.o [3]
  .text                  ro code   0x800'378a     0xc  main.o [1]
  .text                  ro code   0x800'3796     0xa  main.o [1]
  .text                  ro code   0x800'37a0    0x7a  main.o [1]
  .text                  ro code   0x800'381a    0x12  main.o [1]
  .text                  ro code   0x800'382c    0x2a  main.o [1]
  .text                  ro code   0x800'3856    0x28  main.o [1]
  .text                  ro code   0x800'387e     0xa  main.o [1]
  .text                  ro code   0x800'3888     0x2  main.o [1]
  .text                  ro code   0x800'388a    0x2e  main.o [1]
  .text                  ro code   0x800'38b8     0x2  main.o [1]
  .text                  ro code   0x800'38ba     0x8  main.o [1]
  .text                  ro code   0x800'38c4    0x18  main.o [1]
  .text                  ro code   0x800'38dc     0xa  main.o [1]
  .text                  ro code   0x800'38e6     0x8  main.o [1]
  .text                  ro code   0x800'38ee     0x8  main.o [1]
  .text                  ro code   0x800'38f6     0x8  main.o [1]
  .text                  ro code   0x800'38fe     0x8  main.o [1]
  .text                  ro code   0x800'3906    0x12  main.o [1]
  .text                  ro code   0x800'3918     0x8  main.o [1]
  .text                  ro code   0x800'3920     0x8  main.o [1]
  .text                  ro code   0x800'3928    0x12  main.o [1]
  .text                  ro code   0x800'393a     0x8  main.o [1]
  .text                  ro code   0x800'3944    0xa0  cppinit.o [2]
  .text                  ro code   0x800'39e4     0x8  main.o [1]
  .text                  ro code   0x800'39ec    0x12  main.o [1]
  .text                  ro code   0x800'39fe    0x18  main.o [1]
  .text                  ro code   0x800'3a16    0xd6  main.o [1]
  .text                  ro code   0x800'3aec    0x78  ABImemmove_unaligned.o [5]
  .text                  ro code   0x800'3b64     0x6  main.o [1]
  .text                  ro code   0x800'3b6a    0x10  main.o [1]
  .text                  ro code   0x800'3b7a    0x32  main.o [1]
  .text                  ro code   0x800'3bac    0x12  main.o [1]
  .text                  ro code   0x800'3bc0     0xc  main.o [1]
  .text                  ro code   0x800'3bcc    0x1c  main.o [1]
  .text                  ro code   0x800'3be8     0x2  main.o [1]
  .text                  ro code   0x800'3bea     0x8  main.o [1]
  .text                  ro code   0x800'3bf2     0x2  main.o [1]
  .text                  ro code   0x800'3bf4     0xc  main.o [1]
  .text                  ro code   0x800'3c00     0x2  main.o [1]
  .text                  ro code   0x800'3c04    0x28  main.o [1]
  .text                  ro code   0x800'3c2c     0x2  main.o [1]
  .text                  ro code   0x800'3c2e     0x8  main.o [1]
  .text                  ro code   0x800'3c36     0x8  main.o [1]
  .text                  ro code   0x800'3c3e     0x8  main.o [1]
  .text                  ro code   0x800'3c46     0x2  main.o [1]
  .text                  ro code   0x800'3c48    0x18  main.o [1]
  .text                  ro code   0x800'3c60    0x66  ABImemset.o [5]
  .text                  ro code   0x800'3cc6    0x18  main.o [1]
  .text                  ro code   0x800'3cde     0xe  main.o [1]
  .text                  ro code   0x800'3cec     0x4  main.o [1]
  .text                  ro code   0x800'3cf0     0x2  main.o [1]
  .text                  ro code   0x800'3cf2     0x8  main.o [1]
  .text                  ro code   0x800'3cfa     0xa  main.o [1]
  .text                  ro code   0x800'3d04     0x2  main.o [1]
  .text                  ro code   0x800'3d06     0x8  main.o [1]
  .text                  ro code   0x800'3d10    0x70  main.o [1]
  .text                  ro code   0x800'3d80     0x4  main.o [1]
  .text                  ro code   0x800'3d84     0x2  main.o [1]
  .text                  ro code   0x800'3d86     0x8  main.o [1]
  .text                  ro code   0x800'3d8e     0xe  main.o [1]
  .text                  ro code   0x800'3d9c     0x2  main.o [1]
  .text                  ro code   0x800'3d9e    0x18  main.o [1]
  .text                  ro code   0x800'3db6     0x2  main.o [1]
  .text                  ro code   0x800'3db8     0xa  delop_0.o [3]
  .text                  ro code   0x800'3dc2    0x34  main.o [1]
  .text                  ro code   0x800'3df6    0x1a  main.o [1]
  .text                  ro code   0x800'3e10     0x6  main.o [1]
  .text                  ro code   0x800'3e16    0x12  main.o [1]
  .text                  ro code   0x800'3e28    0x20  main.o [1]
  .text                  ro code   0x800'3e48     0x4  heaptramp0.o [2]
  .text                  ro code   0x800'3e4c    0x24  newop_0.o [3]
  .text                  ro code   0x800'3e70     0x4  main.o [1]
  .text                  ro code   0x800'3e74     0x4  nomemory.o [3]
  .text                  ro code   0x800'3e78   0x1b2  main.o [1]
  .text                  ro code   0x800'402a    0x12  main.o [1]
  .text                  ro code   0x800'403c    0x72  main.o [1]
  .text                  ro code   0x800'40ae     0x4  main.o [1]
  .text                  ro code   0x800'40b2     0x8  main.o [1]
  .text                  ro code   0x800'40ba     0x6  main.o [1]
  .text                  ro code   0x800'40c0     0x4  main.o [1]
  .text                  ro code   0x800'40c4     0xa  main.o [1]
  .text                  ro code   0x800'40ce    0x28  main.o [1]
  .text                  ro code   0x800'40f6     0xe  main.o [1]
  .text                  ro code   0x800'4104     0x8  main.o [1]
  .text                  ro code   0x800'410c    0x14  main.o [1]
  .text                  ro code   0x800'4120     0x4  main.o [1]
  .text                  ro code   0x800'4124    0x54  main.o [1]
  .text                  ro code   0x800'4178     0x4  main.o [1]
  .text                  ro code   0x800'417c    0x18  main.o [1]
  .text                  ro code   0x800'4194     0x8  main.o [1]
  .text                  ro code   0x800'419c    0x28  main.o [1]
  .text                  ro code   0x800'41c4     0xa  main.o [1]
  .text                  ro code   0x800'41ce    0x14  main.o [1]
  .text                  ro code   0x800'41e4   0x104  ios.o [3]
  .text                  ro code   0x800'42e8     0x8  main.o [1]
  .text                  ro code   0x800'42f0    0x54  main.o [1]
  .text                  ro code   0x800'4344     0x8  main.o [1]
  .text                  ro code   0x800'434c     0x4  delop4_0.o [3]
  .text                  ro code   0x800'4350    0x48  main.o [1]
  .text                  ro code   0x800'4398    0x46  main.o [1]
  .text                  ro code   0x800'43de    0xc8  main.o [1]
  .text                  ro code   0x800'44a8    0x20  main.o [1]
  .text                  ro code   0x800'44c8     0x8  main.o [1]
  .text                  ro code   0x800'44d0    0x18  main.o [1]
  .text                  ro code   0x800'44e8     0x4  main.o [1]
  .text                  ro code   0x800'44ec    0x18  main.o [1]
  .text                  ro code   0x800'4504     0x8  main.o [1]
  .text                  ro code   0x800'450c     0xc  main.o [1]
  .text                  ro code   0x800'4518    0xa0  main.o [1]
  .text                  ro code   0x800'45b8    0x90  iostream_cout.o [3]
  .text                  ro code   0x800'4648    0x5c  iostream_cout.o [3]
  .text                  ro code   0x800'46a4    0x7c  main.o [1]
  .text                  ro code   0x800'4720    0x22  main.o [1]
  .text                  ro code   0x800'4742    0x6c  main.o [1]
  .text                  ro code   0x800'47ae    0x76  main.o [1]
  .text                  ro code   0x800'4824    0x60  iostream_cout.o [3]
  .text                  ro code   0x800'4884    0x58  main.o [1]
  .text                  ro code   0x800'48dc    0x40  sprintf.o [2]
  .text                  ro code   0x800'491c    0x52  main.o [1]
  .text                  ro code   0x800'496e    0x32  main.o [1]
  .rodata                const     0x800'49a0    0x44  iostream_cout.o [3]
  .rodata                const     0x800'49e4    0x44  iostream_cout.o [3]
  .text                  ro code   0x800'4a28    0x44  main.o [1]
  .text                  ro code   0x800'4a6c     0x6  main.o [1]
  .text                  ro code   0x800'4a72    0x38  iostream_cout.o [3]
  .text                  ro code   0x800'4aaa    0x20  putchar.o [2]
  .text                  ro code   0x800'4aca    0x10  write.o [6]
  .text                  ro code   0x800'4ada    0x1e  dwrite.o [6]
  .text                  ro code   0x800'4af8    0x20  iarwstd.o [6]
  .text                  ro code   0x800'4b18    0x22  iarwrite.o [6]
  .rodata                const     0x800'4b3c    0x30  main.o [1]
  .rodata                const     0x800'4b6c    0x30  main.o [1]
  .text                  ro code   0x800'4b9c    0x2e  main.o [1]
  .text                  ro code   0x800'4bca    0x12  main.o [1]
  .text                  ro code   0x800'4bdc     0x6  main.o [1]
  .rodata                const     0x800'4be4    0x28  iostream_cout.o [3]
  .text                  ro code   0x800'4c0c    0x28  data_init.o [5]
  .rodata                const     0x800'4c34    0x24  main.o [1]
  .rodata                const     0x800'4c58    0x24  main.o [1]
  .text                  ro code   0x800'4c7c    0x24  main.o [1]
  .text                  ro code   0x800'4ca0    0x18  main.o [1]
  .text                  ro code   0x800'4cb8    0x22  fpinit_M.o [4]
  .iar.init_table        const     0x800'4cdc    0x28  - Linker created -
  .text                  ro code   0x800'4d04    0x20  cmain_call_ctors.o [5]
  .text                  ro code   0x800'4d24    0x1e  cmain.o [5]
  .text                  ro code   0x800'4d42     0x4  low_level_init.o [2]
  .text                  ro code   0x800'4d46     0x4  exit.o [2]
  .text                  ro code   0x800'4d4c     0xe  cexit.o [5]
  .text                  ro code   0x800'4d5c    0x18  main.o [1]
  .text                  ro code   0x800'4d74    0x18  main.o [1]
  .text                  ro code   0x800'4d8c     0x4  delaop_0.o [3]
  .text                  ro code   0x800'4d90    0x14  iostream_cout.o [3]
  .rodata                const     0x800'4da4    0x10  main.o [1]
  .rodata                const     0x800'4db4    0x10  main.o [1]
  .rodata                const     0x800'4dc4    0x10  ios.o [3]
  .rodata                const     0x800'4dd4    0x10  iostream_cout.o [3]
  .text                  ro code   0x800'4de4     0xe  main.o [1]
  .text                  ro code   0x800'4df2     0x8  main.o [1]
  .text                  ro code   0x800'4dfa     0xe  iostream_cout.o [3]
  .rodata                const     0x800'4e08     0xc  main.o [1]
  .text                  ro code   0x800'4e14     0xc  cstartup_M.o [5]
  .text                  ro code   0x800'4e20     0xa  main.o [1]
  Initializer bytes      const     0x800'4e2c     0xc  <for P2-1>
  .rodata                const     0x800'4e38     0x8  main.o [1]
  .rodata                const     0x800'4e40     0x8  main.o [1]
  .rodata                const     0x800'4e48     0x8  xprintffull_nomb.o [2]
  SHT$$PREINIT_ARRAY               0x800'4e50     0x4  <Block>
    .preinit_array       const     0x800'4e50     0x4  iostream_cout.o [3]
  SHT$$INIT_ARRAY                  0x800'4e54     0x4  <Block>
    .init_array          const     0x800'4e54     0x4  ios.o [3]
  __iar_tls$$INIT_ARRAY            0x800'4e58     0x0  <Block>
  .rodata                const     0x800'4e58     0x4  main.o [1]
  .text                  ro code   0x800'4e5c     0x4  main.o [1]
  .text                  ro code   0x800'4e60     0x4  iostream_cout.o [3]
  .text                  ro code   0x800'4e64     0x0  cstart_call_dtors.o [5]
  .rodata                const     0x800'4e64     0x0  zero_init3.o [5]
  .rodata                const     0x800'4e64     0x0  copy_init3.o [5]
                                 - 0x800'4e64  0x4e24

"P2", part 1 of 3:                                0xc
  P2-1                            0x2000'0000     0xa  <Init block>
    .data                inited   0x2000'0000     0x8  XShttio.o [2]
    .data                inited   0x2000'0008     0x2  main.o [1]
                                - 0x2000'000a     0xa

"P2", part 2 of 3:                              0x2dc
  .bss                   zero     0x2000'000c   0x1d8  dlmalloc.o [2]
  .bss                   zero     0x2000'01e4    0x70  iostream_cout.o [3]
  .bss                   zero     0x2000'0254    0x34  ios.o [3]
  .bss                   zero     0x2000'0288    0x18  dlmalloc.o [2]
  .bss                   zero     0x2000'02a0    0x14  main.o [1]
  .bss                   zero     0x2000'02b8    0x10  ios.o [3]
  .bss                   zero     0x2000'02c8     0x4  main.o [1]
  .bss                   zero     0x2000'02cc     0x4  main.o [1]
  .bss                   zero     0x2000'02d0     0x4  cppinit.o [2]
  .bss                   zero     0x2000'02d4     0x4  cppinit.o [2]
  .bss                   zero     0x2000'02d8     0x4  new.o [3]
  .bss                   zero     0x2000'02dc     0x4  xfail_s.o [2]
  .bss                   zero     0x2000'02e0     0x4  xgetmemchunk.o [2]
  .bss                   zero     0x2000'02e4     0x1  main.o [1]
  .bss                   zero     0x2000'02e5     0x1  main.o [1]
  .bss                   zero     0x2000'02e6     0x1  main.o [1]
  .bss                   zero     0x2000'02e7     0x1  XShttio.o [2]
                                - 0x2000'02e8   0x2dc

"P2", part 3 of 3:                             0x41a8
  .iar.dynexit                    0x2000'02e8   0x1a4  <Block>
    .iar.dynexit         uninit   0x2000'02e8     0xc  cppinit.o [2]
    .iar.dynexit         uninit   0x2000'02f4   0x198  <Block tail>
  CSTACK                          0x2000'0490  0x2000  <Block>
    CSTACK               uninit   0x2000'0490  0x2000  <Block tail>
  HEAP                            0x2000'2490  0x2000  <Block>
    HEAP                 uninit   0x2000'2490  0x2000  <Block tail>
                                - 0x2000'4490  0x41a8

Unused ranges:

         From           To      Size
         ----           --      ----
   0x800'4e64   0x807'ffff  0x7'b19c
  0x2000'4490  0x2001'ffff  0x1'bb70


*******************************************************************************
*** INIT TABLE
***

          Address      Size
          -------      ----
Zero (__iar_zero_init3)
    1 destination range, total size 0x2dc:
          0x2000'000c  0x2dc

Copy (__iar_copy_init3)
    1 source range, total size 0xc (120% of destination):
           0x800'4e2c    0xc
    1 destination range, total size 0xa:
          0x2000'0000    0xa

Extra (__iar_cstart_call_ctors)



*******************************************************************************
*** MODULE SUMMARY
***

    Module                  ro code  ro data  rw data
    ------                  -------  -------  -------
command line/config:
    -------------------------------------------------
    Total:

C:\Users\User\Desktop\projects\stm32Labs\MyLab2\Debug\Obj: [1]
    main.o                    5'096      236       33
    -------------------------------------------------
    Total:                    5'096      236       33

dl7M_tln.a: [2]
    XShttio.o                    60        8        9
    abort.o                       6
    cppinit.o                   160                20
    dlmalloc.o                5'276               496
    exit.o                        4
    heaptramp0.o                  4
    low_level_init.o              4
    putchar.o                    32
    sprintf.o                    64
    xfail_s.o                    64                 4
    xgetmemchunk.o               44                 4
    xprintffull_nomb.o        4'010        8
    xsprout.o                    10
    -------------------------------------------------
    Total:                    9'738       16      533

dlpp7M_tl_nc.a: [3]
    cxxabi.o                     10
    delaop_0.o                    4
    delop4_0.o                    4
    delop_0.o                    10
    ios.o                       260       20       68
    iostream_cout.o             436      196      112
    new.o                                           4
    newop_0.o                    36
    nomemory.o                    4
    -------------------------------------------------
    Total:                      764      216      184

m7M_tls.a: [4]
    DblAdd.o                    362
    DblCmpGe.o                   46
    DblCmpLe.o                   46
    DblDiv.o                    582
    DblMul.o                    418
    DblSub.o                    226
    DblToS32.o                   58
    DblToU32.o                   40
    S32ToDbl.o                   34
    U32ToDbl.o                   26
    fpinit_M.o                   34
    frexp.o                     112
    ldexp.o                     314
    -------------------------------------------------
    Total:                    2'298

rt7M_tl.a: [5]
    ABImemcpy_unaligned.o       118
    ABImemmove_unaligned.o      120
    ABImemset.o                 102
    I64DivMod.o                 560
    I64DivZer.o                   2
    cexit.o                      14
    cmain.o                      30
    cmain_call_ctors.o           32
    copy_init3.o                 46
    cstart_call_dtors.o
    cstartup_M.o                 12
    data_init.o                  40
    memchr.o                     88
    strchr.o                     22
    strlen.o                     54
    vector_table_M.o             66
    zero_init3.o                 58
    -------------------------------------------------
    Total:                    1'364

shb_l.a: [6]
    dwrite.o                     30
    exit.o                       20
    iarttio.o                   124
    iarwrite.o                   34
    iarwstd.o                    32
    unwind_debug.o                         1
    write.o                      16
    -------------------------------------------------
    Total:                      256        1

    Gaps                         33        6        4
    Linker created                        44   16'792
-----------------------------------------------------
    Grand Total:             19'549      519   17'546


*******************************************************************************
*** ENTRY LIST
***

Entry                       Address   Size  Type      Object
-----                       -------   ----  ----      ------
.iar.dynexit$$Base      0x2000'02e8          --   Gb  - Linker created -
.iar.dynexit$$Limit     0x2000'048c          --   Gb  - Linker created -
.iar.init_table$$Base    0x800'4cdc          --   Gb  - Linker created -
.iar.init_table$$Limit   0x800'4d04          --   Gb  - Linker created -
?main                    0x800'4d25         Code  Gb  cmain.o [5]
CSTACK$$Base            0x2000'0490          --   Gb  - Linker created -
CSTACK$$Limit           0x2000'2490          --   Gb  - Linker created -
DtorRecArray            0x2000'02e8    0xc  Data  Lc  cppinit.o [2]
HEAP$$Base              0x2000'2490          --   Gb  - Linker created -
HEAP$$Limit             0x2000'4490          --   Gb  - Linker created -
Initialization guard variable for std::ctype<char> const & std::use_facet<std::ctype<char>>()::_MyFacet
                        0x2000'02e5    0x1  Data  Gb  main.o [1]
Initialization guard variable for std::num_put<char, std::ostreambuf_iterator<char, std::char_traits<char>>> const & std::use_facet<std::num_put<char, std::ostreambuf_iterator<char, std::char_traits<char>>>>()::_MyFacet
                        0x2000'02e4    0x1  Data  Gb  main.o [1]
Initialization guard variable for std::numpunct<char> const & std::use_facet<std::numpunct<char>>()::_MyFacet
                        0x2000'02e6    0x1  Data  Gb  main.o [1]
Region$$Table$$Base      0x800'4cdc          --   Gb  - Linker created -
Region$$Table$$Limit     0x800'4d04          --   Gb  - Linker created -
SHT$$INIT_ARRAY$$Base    0x800'4e54          --   Gb  - Linker created -
SHT$$INIT_ARRAY$$Limit   0x800'4e58          --   Gb  - Linker created -
SHT$$PREINIT_ARRAY$$Base
                         0x800'4e50          --   Gb  - Linker created -
SHT$$PREINIT_ARRAY$$Limit
                         0x800'4e54          --   Gb  - Linker created -
Virtual function table for std::_Wrap_facet<std::ctype<char>>
                         0x800'4db4   0x10  Data  Gb  main.o [1]
Virtual function table for std::_Wrap_facet<std::num_put<char, std::ostreambuf_iterator<char, std::char_traits<char>>>>
                         0x800'4b6c   0x30  Data  Gb  main.o [1]
Virtual function table for std::_Wrap_facet<std::numpunct<char>>
                         0x800'4c58   0x24  Data  Gb  main.o [1]
Virtual function table for std::__nobasic_filebuf<char, std::char_traits<char>>
                         0x800'49e4   0x44  Data  Gb  iostream_cout.o [3]
Virtual function table for std::ctype<char>
                         0x800'4da4   0x10  Data  Gb  main.o [1]
Virtual function table for std::ios
                         0x800'4dd4   0x10  Data  Gb  iostream_cout.o [3]
Virtual function table for std::ios_base
                         0x800'4dc4   0x10  Data  Gb  ios.o [3]
Virtual function table for std::num_put<char, std::ostreambuf_iterator<char, std::char_traits<char>>>
                         0x800'4b3c   0x30  Data  Gb  main.o [1]
Virtual function table for std::numpunct<char>
                         0x800'4c34   0x24  Data  Gb  main.o [1]
Virtual function table for std::ostream
                         0x800'4be4   0x28  Data  Gb  iostream_cout.o [3]
Virtual function table for std::streambuf
                         0x800'49a0   0x44  Data  Gb  iostream_cout.o [3]
[local to ios_cpp]::std::stdopens
                        0x2000'0254    0xc  Data  Lc  ios.o [3]
[local to ios_cpp]::std::stdstr
                        0x2000'0260   0x28  Data  Lc  ios.o [3]
[local to iostream_cout_cpp]::std::__iarcoutguard
                        0x2000'0210    0x1  Data  Lc  iostream_cout.o [3]
[local to iostream_cout_cpp]::std::fout
                        0x2000'0214   0x40  Data  Lc  iostream_cout.o [3]
_LitobFullNoMb           0x800'23b9  0x10a  Code  Lc  xprintffull_nomb.o [2]
_PrintfFullNoMb          0x800'1615  0xd80  Code  Gb  xprintffull_nomb.o [2]
_PutcharFullNoMb         0x800'2529   0x20  Code  Lc  xprintffull_nomb.o [2]
_PutcharsFullNoMb        0x800'2549   0x2e  Code  Lc  xprintffull_nomb.o [2]
_SProut                  0x800'2603    0xa  Code  Gb  xsprout.o [2]
__aeabi_atexit           0x800'3781    0xa  Code  Gb  cxxabi.o [3]
__aeabi_cdcmple          0x800'27c9         Code  Gb  DblCmpLe.o [4]
__aeabi_cdrcmple         0x800'27f9         Code  Gb  DblCmpGe.o [4]
__aeabi_d2iz             0x800'2965         Code  Gb  DblToS32.o [4]
__aeabi_d2uiz            0x800'2cf1         Code  Gb  DblToU32.o [4]
__aeabi_ddiv             0x800'2aa9         Code  Gb  DblDiv.o [4]
__aeabi_dmul             0x800'2d35         Code  Gb  DblMul.o [4]
__aeabi_dsub             0x800'29c5         Code  Gb  DblSub.o [4]
__aeabi_i2d              0x800'29a1         Code  Gb  S32ToDbl.o [4]
__aeabi_ldiv0            0x800'3275         Code  Gb  I64DivZer.o [5]
__aeabi_memset           0x800'3c61         Code  Gb  ABImemset.o [5]
__aeabi_ui2d             0x800'2d19         Code  Gb  U32ToDbl.o [4]
__aeabi_uldivmod         0x800'2ed9         Code  Gb  I64DivMod.o [5]
__call_ctors             0x800'3945   0x18  Code  Gb  cppinit.o [2]
__call_dtors             0x800'3993    0xc  Code  Gb  cppinit.o [2]
__call_dtors0            0x800'399f   0x36  Code  Gb  cppinit.o [2]
__cexit_call_dtors       0x800'4d4f         Code  Gb  cexit.o [5]
__cmain                  0x800'4d25         Code  Gb  cmain.o [5]
__cstart_call_dtors      0x800'4e64         Data  Gb  cstart_call_dtors.o [5]
__cxa_atexit             0x800'395d   0x36  Code  Gb  cppinit.o [2]
__data_GetMemChunk       0x800'151d   0x2c  Code  Gb  xgetmemchunk.o [2]
__data_GetMemChunk::start
                        0x2000'02e0    0x4  Data  Lc  xgetmemchunk.o [2]
__dso_handle            0x2000'02d4    0x4  Data  Gb  cppinit.o [2]
__dwrite                 0x800'4adb   0x1e  Code  Gb  dwrite.o [6]
__exit                   0x800'1549   0x14  Code  Gb  exit.o [6]
__iar_Fail_s             0x800'260d   0x1c  Code  Gb  xfail_s.o [2]
__iar_Memchr             0x800'2689         Code  Gb  memchr.o [5]
__iar_Memset             0x800'3c61         Code  Gb  ABImemset.o [5]
__iar_Memset_word        0x800'3c69         Code  Gb  ABImemset.o [5]
__iar_Strchr             0x800'25ed         Code  Gb  strchr.o [5]
__iar_close_ttio         0x800'155d   0x2c  Code  Gb  iarttio.o [6]
__iar_copy_init3         0x800'25bf   0x2e  Code  Gb  copy_init3.o [5]
__iar_cstart_call_ctors
                         0x800'4d05   0x20  Code  Gb  cmain_call_ctors.o [5]
__iar_dadd               0x800'29d5         Code  Gb  DblSub.o [4]
__iar_data_init3         0x800'4c0d   0x28  Code  Gb  data_init.o [5]
__iar_debug_exceptions   0x800'299e    0x1  Data  Gb  unwind_debug.o [6]
__iar_dlfree             0x800'0fb7  0x51e  Code  Gb  dlmalloc.o [2]
__iar_dlmalloc           0x800'00c9  0xeee  Code  Gb  dlmalloc.o [2]
__iar_dsub               0x800'3109         Code  Gb  DblAdd.o [4]
__iar_dsubStart          0x800'311b         Code  Gb  DblAdd.o [4]
__iar_frexp              0x800'2765         Code  Gb  frexp.o [4]
__iar_frexpl             0x800'2765         Code  Gb  frexp.o [4]
__iar_get_ttio           0x800'1589   0x4c  Code  Gb  iarttio.o [6]
__iar_init_vfp           0x800'4cb9         Code  Gb  fpinit_M.o [4]
__iar_ldexp64            0x800'2829         Code  Gb  ldexp.o [4]
__iar_lookup_ttioh       0x800'1607    0x4  Code  Gb  XShttio.o [2]
__iar_program_start      0x800'4e15         Code  Gb  cstartup_M.o [5]
__iar_scalbln64          0x800'2829         Code  Gb  ldexp.o [4]
__iar_scalbn64           0x800'2829         Code  Gb  ldexp.o [4]
__iar_sh_stdout          0x800'4af9   0x20  Code  Gb  iarwstd.o [6]
__iar_sh_write           0x800'4b19   0x22  Code  Gb  iarwrite.o [6]
__iar_softfp___iar_frexp64
                         0x800'2759         Code  Gb  frexp.o [4]
__iar_softfp_frexp       0x800'2759         Code  Gb  frexp.o [4]
__iar_softfp_frexpl      0x800'2759         Code  Gb  frexp.o [4]
__iar_tls$$INIT_ARRAY$$Base
                         0x800'4e58          --   Gb  - Linker created -
__iar_tls$$INIT_ARRAY$$Limit
                         0x800'4e58          --   Gb  - Linker created -
__iar_ttio_guard_lock    0x800'15d9   0x1e  Code  Gb  XShttio.o [2]
__iar_ttio_guard_unlock
                         0x800'15f7   0x10  Code  Gb  XShttio.o [2]
__iar_ttio_handles      0x2000'0000    0x8  Data  Lc  XShttio.o [2]
__iar_unaligned_memcpy   0x800'26e1         Code  Gb  ABImemcpy_unaligned.o [5]
__iar_unaligned_memcpy4
                         0x800'2701         Code  Gb  ABImemcpy_unaligned.o [5]
__iar_unaligned_memcpy8
                         0x800'2701         Code  Gb  ABImemcpy_unaligned.o [5]
__iar_unaligned_memmove
                         0x800'3aed         Code  Gb  ABImemmove_unaligned.o [5]
__iar_unaligned_memmove4
                         0x800'3aed         Code  Gb  ABImemmove_unaligned.o [5]
__iar_unaligned_memmove8
                         0x800'3aed         Code  Gb  ABImemmove_unaligned.o [5]
__iar_zero_init3         0x800'14e3   0x3a  Code  Gb  zero_init3.o [5]
__low_level_init         0x800'4d43    0x4  Code  Gb  low_level_init.o [2]
__sti__routine           0x800'41e7    0xa  Code  Lc  ios.o [3]
__sti__routine           0x800'45b9   0x90  Code  Lc  iostream_cout.o [3]
__vector_table           0x800'0000         Data  Gb  vector_table_M.o [5]
__write                  0x800'4acb   0x10  Code  Gb  write.o [6]
_call_main               0x800'4d31         Code  Gb  cmain.o [5]
_exit                    0x800'4d4d         Code  Gb  cexit.o [5]
_gm_                    0x2000'000c  0x1d8  Data  Lc  dlmalloc.o [2]
_main                    0x800'4d3f         Code  Gb  cmain.o [5]
abort                    0x800'14dd    0x6  Code  Gb  abort.o [2]
char * && std::forward<char *>(std::remove_reference<char *>::type &)
                         0x800'3d9d    0x2  Code  Gb  main.o [1]
char * std::_Addressof<char>(char &, std::integral_constant<bool, (bool)0>)
                         0x800'3bf3    0x2  Code  Gb  main.o [1]
char * std::_Allocate<char>(unsigned int, char *, bool)
                         0x800'3e17   0x12  Code  Gb  main.o [1]
char * std::_Maklocstr<char>(char const *, char *)
                         0x800'3dc3   0x34  Code  Gb  main.o [1]
char * std::addressof<char>(char &)
                         0x800'38ff    0x8  Code  Gb  main.o [1]
char std::_Maklocchr<char>(char, char *)
                         0x800'3d81    0x4  Code  Gb  main.o [1]
const std::allocator<char>& && std::forward<const std::allocator<char>&>(std::remove_reference<const std::allocator<char>&>::type &)
                         0x800'3cf1    0x2  Code  Gb  main.o [1]
exit                     0x800'4d47    0x4  Code  Gb  exit.o [2]
free                     0x800'3e49    0x4  Code  Gb  heaptramp0.o [2]
init_mparams             0x800'005b   0x2c  Code  Lc  dlmalloc.o [2]
init_top                 0x800'0087   0x34  Code  Lc  dlmalloc.o [2]
ldexp                    0x800'2829         Code  Gb  ldexp.o [4]
ldexpl                   0x800'2829         Code  Gb  ldexp.o [4]
main                     0x800'4a29   0x44  Code  Gb  main.o [1]
memchr                   0x800'2689         Code  Gb  memchr.o [5]
mparams                 0x2000'0288   0x18  Data  Lc  dlmalloc.o [2]
myVar                   0x2000'0008    0x2  Data  Gb  main.o [1]
next_abi_dtor_rec       0x2000'02d0    0x4  Data  Lc  cppinit.o [2]
operator delete (void *)
                         0x800'3db9    0xa  Code  Gb  delop_0.o [3]
operator delete (void *, unsigned int)
                         0x800'434d    0x4  Code  Gb  delop4_0.o [3]
operator delete[] (void *)
                         0x800'4d8d    0x4  Code  Gb  delaop_0.o [3]
operator new (unsigned int)
                         0x800'3e4d   0x24  Code  Gb  newop_0.o [3]
operator new (unsigned int, void *)
                         0x800'3e71    0x4  Code  Gb  main.o [1]
putchar                  0x800'4aab   0x20  Code  Gb  putchar.o [2]
scalbln                  0x800'2829         Code  Gb  ldexp.o [4]
scalblnl                 0x800'2829         Code  Gb  ldexp.o [4]
scalbn                   0x800'2829         Code  Gb  ldexp.o [4]
scalbnl                  0x800'2829         Code  Gb  ldexp.o [4]
scale                    0x800'24c3   0x46  Code  Lc  xprintffull_nomb.o [2]
sec_hand                0x2000'02dc    0x4  Data  Lc  xfail_s.o [2]
segment_holding          0x800'0041   0x1a  Code  Lc  dlmalloc.o [2]
sprintf                  0x800'48dd   0x40  Code  Gb  sprintf.o [2]
std::_Compressed_pair<std::_Wrap_alloc<std::allocator<char>>, std::_String_val<std::_Simple_types<char>>, (bool)1>::_Compressed_pair<const std::allocator<char>&, >(std::_One_then_variadic_args_t, const std::allocator<char>& &&,  &&...)
                         0x800'3bcd   0x1c  Code  Gb  main.o [1]
std::_Compressed_pair<std::_Wrap_alloc<std::allocator<char>>, std::_String_val<std::_Simple_types<char>>, (bool)1>::_Get_first()
                         0x800'3be9    0x2  Code  Gb  main.o [1]
std::_Compressed_pair<std::_Wrap_alloc<std::allocator<char>>, std::_String_val<std::_Simple_types<char>>, (bool)1>::_Get_first() const
                         0x800'3d85    0x2  Code  Gb  main.o [1]
std::_Compressed_pair<std::_Wrap_alloc<std::allocator<char>>, std::_String_val<std::_Simple_types<char>>, (bool)1>::_Get_second()
                         0x800'3c01    0x2  Code  Gb  main.o [1]
std::_Compressed_pair<std::_Wrap_alloc<std::allocator<char>>, std::_String_val<std::_Simple_types<char>>, (bool)1>::_Get_second() const
                         0x800'3c2d    0x2  Code  Gb  main.o [1]
std::_Fpz               0x2000'02b8   0x10  Data  Gb  ios.o [3]
std::_NomemoryNothrow()
                         0x800'3e75    0x4  Code  Gb  nomemory.o [3]
std::_String_alloc<std::_String_base_types<char, std::allocator<char>>>::_Bx()
                         0x800'38e7    0x8  Code  Gb  main.o [1]
std::_String_alloc<std::_String_base_types<char, std::allocator<char>>>::_Get_data()
                         0x800'3921    0x8  Code  Gb  main.o [1]
std::_String_alloc<std::_String_base_types<char, std::allocator<char>>>::_Get_data() const
                         0x800'39e5    0x8  Code  Gb  main.o [1]
std::_String_alloc<std::_String_base_types<char, std::allocator<char>>>::_Getal()
                         0x800'38ef    0x8  Code  Gb  main.o [1]
std::_String_alloc<std::_String_base_types<char, std::allocator<char>>>::_Getal() const
                         0x800'3c2f    0x8  Code  Gb  main.o [1]
std::_String_alloc<std::_String_base_types<char, std::allocator<char>>>::_Myptr()
                         0x800'375d    0xc  Code  Gb  main.o [1]
std::_String_alloc<std::_String_base_types<char, std::allocator<char>>>::_Myptr() const
                         0x800'378b    0xc  Code  Gb  main.o [1]
std::_String_alloc<std::_String_base_types<char, std::allocator<char>>>::_Myres()
                         0x800'38dd    0xa  Code  Gb  main.o [1]
std::_String_alloc<std::_String_base_types<char, std::allocator<char>>>::_Mysize()
                         0x800'3797    0xa  Code  Gb  main.o [1]
std::_String_alloc<std::_String_base_types<char, std::allocator<char>>>::_Mysize() const
                         0x800'387f    0xa  Code  Gb  main.o [1]
std::_String_alloc<std::_String_base_types<char, std::allocator<char>>>::_String_alloc(const std::allocator<char>&)
                         0x800'38c5   0x18  Code  Gb  main.o [1]
std::_String_alloc<std::_String_base_types<char, std::allocator<char>>>::_String_alloc(const std::allocator<char>&) [subobject]
                         0x800'36a1    0x8  Code  Gb  main.o [1]
std::_String_val<std::_Simple_types<char>>::_Myptr()
                         0x800'3929   0x12  Code  Gb  main.o [1]
std::_String_val<std::_Simple_types<char>>::_Myptr() const
                         0x800'39ed   0x12  Code  Gb  main.o [1]
std::_String_val<std::_Simple_types<char>>::_String_val()
                         0x800'3cfb    0xa  Code  Gb  main.o [1]
std::_Wrap_alloc<std::allocator<char>>::_Wrap_alloc(const std::allocator<char>&)
                         0x800'3db7    0x2  Code  Gb  main.o [1]
std::_Wrap_alloc<std::allocator<char>>::_Wrap_alloc(const std::allocator<char>&) [subobject]
                         0x800'3cf3    0x8  Code  Gb  main.o [1]
std::_Wrap_alloc<std::allocator<char>>::allocate(unsigned int)
                         0x800'3c3f    0x8  Code  Gb  main.o [1]
std::_Wrap_alloc<std::allocator<char>>::deallocate(char *, unsigned int)
                         0x800'3919    0x8  Code  Gb  main.o [1]
std::_Wrap_alloc<std::allocator<char>>::max_size(std::_Nil) const
                         0x800'3c37    0x8  Code  Gb  main.o [1]
std::_Wrap_facet<std::ctype<char>>::_Wrap_facet()
                         0x800'3689   0x18  Code  Gb  main.o [1]
std::_Wrap_facet<std::num_put<char, std::ostreambuf_iterator<char, std::char_traits<char>>>>::_Wrap_facet()
                         0x800'44ed   0x18  Code  Gb  main.o [1]
std::_Wrap_facet<std::numpunct<char>>::_Wrap_facet()
                         0x800'3769   0x18  Code  Gb  main.o [1]
std::_Wrap_facet<std::numpunct<char>>::~_Wrap_facet()
                         0x800'4de5    0xe  Code  Gb  main.o [1]
std::__iar_New_hand     0x2000'02d8    0x4  Data  Gb  new.o [3]
std::__iar_cout_guard::~__iar_cout_guard()
                         0x800'4d91   0x14  Code  Gb  iostream_cout.o [3]
std::__nobasic_filebuf<char, std::char_traits<char>>::__nobasic_filebuf()
                         0x800'4649   0x5c  Code  Gb  iostream_cout.o [3]
std::__nobasic_filebuf<char, std::char_traits<char>>::overflow(int)
                         0x800'4a73   0x38  Code  Gb  iostream_cout.o [3]
std::allocator<char>::allocate(unsigned int)
                         0x800'3d8f    0xe  Code  Gb  main.o [1]
std::allocator<char>::deallocate(char *, unsigned int)
                         0x800'3bf5    0xc  Code  Gb  main.o [1]
std::allocator<char>::max_size() const
                         0x800'3e11    0x6  Code  Gb  main.o [1]
std::allocator_traits<std::allocator<char>>::max_size(const std::allocator<char>&)
                         0x800'3d87    0x8  Code  Gb  main.o [1]
std::char_traits<char>::assign(char &, char const &)
                         0x800'3b65    0x6  Code  Gb  main.o [1]
std::char_traits<char>::assign(char *, unsigned int, char)
                         0x800'3b6b   0x10  Code  Gb  main.o [1]
std::char_traits<char>::copy(char *, char const *, unsigned int)
                         0x800'3907   0x12  Code  Gb  main.o [1]
std::char_traits<char>::eq_int_type(int const &, int const &)
                         0x800'3bad   0x12  Code  Gb  main.o [1]
std::char_traits<char>::length(char const *)
                         0x800'402b   0x12  Code  Gb  main.o [1]
std::char_traits<char>::move(char *, char const *, unsigned int)
                         0x800'381b   0x12  Code  Gb  main.o [1]
std::char_traits<char>::to_int_type(char const &)
                         0x800'3ced    0x4  Code  Gb  main.o [1]
std::cout               0x2000'01e4   0x2c  Data  Gb  iostream_cout.o [3]
std::ctype<char> const & std::use_facet<std::ctype<char>>()
                         0x800'34b5   0x20  Code  Gb  main.o [1]
std::ctype<char> const & std::use_facet<std::ctype<char>>()::_MyFacet
                        0x2000'02cc    0x4  Data  Gb  main.o [1]
std::ctype<char>::ctype()
                         0x800'3bc1    0xc  Code  Gb  main.o [1]
std::ctype<char>::ctype() [subobject]
                         0x800'38bb    0x8  Code  Gb  main.o [1]
std::ctype<char>::widen(char const *, char const *, char *) const
                         0x800'350b   0x12  Code  Gb  main.o [1]
std::ctype<char>::widen(char) const
                         0x800'4bdd    0x6  Code  Gb  main.o [1]
std::ios::clear(std::_Iosb<int>::_Iostate, bool)
                         0x800'417d   0x18  Code  Gb  main.o [1]
std::ios::fill() const   0x800'40bb    0x6  Code  Gb  main.o [1]
std::ios::rdbuf() const
                         0x800'40c1    0x4  Code  Gb  main.o [1]
std::ios::setstate(std::_Iosb<int>::_Iostate, bool)
                         0x800'40cf   0x28  Code  Gb  main.o [1]
std::ios::tie() const    0x800'4121    0x4  Code  Gb  main.o [1]
std::ios::widen(char) const
                         0x800'4bcb   0x12  Code  Gb  main.o [1]
std::ios_base::_Addstd(std::ios_base*)
                         0x800'4251   0x36  Code  Gb  ios.o [3]
std::ios_base::_Callfns(std::ios_base::event)
                         0x800'4235   0x1c  Code  Gb  ios.o [3]
std::ios_base::_Init()   0x800'4295   0x1c  Code  Gb  ios.o [3]
std::ios_base::_Tidy()   0x800'42b1   0x38  Code  Gb  ios.o [3]
std::ios_base::clear(std::_Iosb<int>::_Iostate, bool)
                         0x800'41f1   0x20  Code  Gb  ios.o [3]
std::ios_base::flags() const
                         0x800'34ab    0x4  Code  Gb  main.o [1]
std::ios_base::good() const
                         0x800'410d   0x14  Code  Gb  main.o [1]
std::ios_base::rdstate() const
                         0x800'4179    0x4  Code  Gb  main.o [1]
std::ios_base::width() const
                         0x800'360d    0x4  Code  Gb  main.o [1]
std::ios_base::width(int)
                         0x800'366d    0x8  Code  Gb  main.o [1]
std::ios_base::~ios_base()
                         0x800'4211   0x24  Code  Gb  ios.o [3]
std::ios_base::~ios_base() [subobject]
                         0x800'41e5    0x2  Code  Gb  ios.o [3]
std::num_put<char, std::ostreambuf_iterator<char, std::char_traits<char>>> const & std::use_facet<std::num_put<char, std::ostreambuf_iterator<char, std::char_traits<char>>>>()
                         0x800'44a9   0x20  Code  Gb  main.o [1]
std::num_put<char, std::ostreambuf_iterator<char, std::char_traits<char>>> const & std::use_facet<std::num_put<char, std::ostreambuf_iterator<char, std::char_traits<char>>>>()::_MyFacet
                        0x2000'02c8    0x4  Data  Gb  main.o [1]
std::num_put<char, std::ostreambuf_iterator<char, std::char_traits<char>>>::_Ifmt(char *, char const *, std::_Iosb<int>::_Fmtflags) const
                         0x800'4519   0xa0  Code  Gb  main.o [1]
std::num_put<char, std::ostreambuf_iterator<char, std::char_traits<char>>>::_Iput(std::ostreambuf_iterator<char, std::char_traits<char>>, std::ios_base &, char, char *, unsigned int) const
                         0x800'3277  0x234  Code  Gb  main.o [1]
std::num_put<char, std::ostreambuf_iterator<char, std::char_traits<char>>>::_Put(std::ostreambuf_iterator<char, std::char_traits<char>>, char const *, unsigned int) const
                         0x800'363f   0x2e  Code  Gb  main.o [1]
std::num_put<char, std::ostreambuf_iterator<char, std::char_traits<char>>>::_Rep(std::ostreambuf_iterator<char, std::char_traits<char>>, char, unsigned int) const
                         0x800'3611   0x2e  Code  Gb  main.o [1]
std::num_put<char, std::ostreambuf_iterator<char, std::char_traits<char>>>::do_put(std::ostreambuf_iterator<char, std::char_traits<char>>, std::ios_base &, char, long) const
                         0x800'4885   0x58  Code  Gb  main.o [1]
std::num_put<char, std::ostreambuf_iterator<char, std::char_traits<char>>>::do_put(std::ostreambuf_iterator<char, std::char_traits<char>>, std::ios_base &, char, long) const::string
                         0x800'4e58    0x4  Data  Gb  main.o [1]
std::num_put<char, std::ostreambuf_iterator<char, std::char_traits<char>>>::num_put()
                         0x800'450d    0xc  Code  Gb  main.o [1]
std::num_put<char, std::ostreambuf_iterator<char, std::char_traits<char>>>::num_put() [subobject]
                         0x800'4505    0x8  Code  Gb  main.o [1]
std::num_put<char, std::ostreambuf_iterator<char, std::char_traits<char>>>::put(std::ostreambuf_iterator<char, std::char_traits<char>>, std::ios_base &, char, long) const
                         0x800'44d1   0x18  Code  Gb  main.o [1]
std::numpunct<char> const & std::use_facet<std::numpunct<char>>()
                         0x800'351d   0x30  Code  Gb  main.o [1]
std::numpunct<char> const & std::use_facet<std::numpunct<char>>()::_MyFacet
                        0x2000'02a0   0x14  Data  Gb  main.o [1]
std::numpunct<char>::_Init(bool)
                         0x800'3d11   0x70  Code  Gb  main.o [1]
std::numpunct<char>::_Init(bool)::string
                         0x800'2962    0x1  Data  Gb  main.o [1]
std::numpunct<char>::_Init(bool)::string (instance 2)
                         0x800'4e38    0x8  Data  Gb  main.o [1]
std::numpunct<char>::_Init(bool)::string (instance 3)
                         0x800'4e40    0x8  Data  Gb  main.o [1]
std::numpunct<char>::_Tidy()
                         0x800'4d75   0x18  Code  Gb  main.o [1]
std::numpunct<char>::do_grouping() const
                         0x800'4e21    0xa  Code  Gb  main.o [1]
std::numpunct<char>::do_thousands_sep() const
                         0x800'4e5d    0x4  Code  Gb  main.o [1]
std::numpunct<char>::grouping() const
                         0x800'354d    0xa  Code  Gb  main.o [1]
std::numpunct<char>::numpunct()
                         0x800'3c05   0x28  Code  Gb  main.o [1]
std::numpunct<char>::numpunct() [subobject]
                         0x800'393b    0x8  Code  Gb  main.o [1]
std::numpunct<char>::thousands_sep() const
                         0x800'3563    0xa  Code  Gb  main.o [1]
std::numpunct<char>::~numpunct()
                         0x800'4d5d   0x18  Code  Gb  main.o [1]
std::numpunct<char>::~numpunct() [subobject]
                         0x800'4df3    0x8  Code  Gb  main.o [1]
std::operator &(std::_Iosb<int>::_Fmtflags, std::_Iosb<int>::_Fmtflags)
                         0x800'34af    0x6  Code  Gb  main.o [1]
std::operator |=(std::_Iosb<int>::_Iostate &, std::_Iosb<int>::_Iostate)
                         0x800'40b3    0x8  Code  Gb  main.o [1]
std::ostream & std::endl<char, std::char_traits<char>>(std::ostream &)
                         0x800'4b9d   0x2e  Code  Gb  main.o [1]
std::ostream & std::operator <<<std::char_traits<char>>(std::ostream &, char const *)
                         0x800'3e79  0x1b2  Code  Gb  main.o [1]
std::ostream::_Flush_sentry::_Flush_sentry(std::ostream&)
                         0x800'419d   0x28  Code  Gb  main.o [1]
std::ostream::_Flush_sentry::_Flush_sentry(std::ostream&) [subobject]
                         0x800'4105    0x8  Code  Gb  main.o [1]
std::ostream::_Flush_sentry::operator bool() const
                         0x800'40af    0x4  Code  Gb  main.o [1]
std::ostream::_Flush_sentry::~_Flush_sentry()
                         0x800'41cf   0x14  Code  Gb  main.o [1]
std::ostream::_Flush_sentry::~_Flush_sentry() [subobject]
                         0x800'4195    0x8  Code  Gb  main.o [1]
std::ostream::_Osfx()    0x800'42f1   0x54  Code  Gb  main.o [1]
std::ostream::_Sentry_base::_Sentry_base(std::ostream&)
                         0x800'4351   0x48  Code  Gb  main.o [1]
std::ostream::_Sentry_base::_Sentry_base(std::ostream&) [subobject]
                         0x800'42e9    0x8  Code  Gb  main.o [1]
std::ostream::_Sentry_base::~_Sentry_base()
                         0x800'4399   0x46  Code  Gb  main.o [1]
std::ostream::_Sentry_base::~_Sentry_base() [subobject]
                         0x800'4345    0x8  Code  Gb  main.o [1]
std::ostream::flush()    0x800'4125   0x54  Code  Gb  main.o [1]
std::ostream::operator <<(short)
                         0x800'43df   0xc8  Code  Gb  main.o [1]
std::ostream::operator <<(std::ostream&(*)(std::ostream&))
                         0x800'4a6d    0x6  Code  Gb  main.o [1]
std::ostream::put(char)
                         0x800'47af   0x76  Code  Gb  main.o [1]
std::ostream::sentry::sentry(std::ostream&)
                         0x800'403d   0x72  Code  Gb  main.o [1]
std::ostream::sentry::~sentry()
                         0x800'40f7    0xe  Code  Gb  main.o [1]
std::ostream::~basic_ostream()
                         0x800'4dfb    0xe  Code  Gb  iostream_cout.o [3]
std::ostreambuf_iterator<char, std::char_traits<char>>::failed() const
                         0x800'44e9    0x4  Code  Gb  main.o [1]
std::ostreambuf_iterator<char, std::char_traits<char>>::operator *()
                         0x800'3889    0x2  Code  Gb  main.o [1]
std::ostreambuf_iterator<char, std::char_traits<char>>::operator ++()
                         0x800'38b9    0x2  Code  Gb  main.o [1]
std::ostreambuf_iterator<char, std::char_traits<char>>::operator =(char)
                         0x800'388b   0x2e  Code  Gb  main.o [1]
std::ostreambuf_iterator<char, std::char_traits<char>>::ostreambuf_iterator(std::streambuf *)
                         0x800'44c9    0x8  Code  Gb  main.o [1]
std::remove_reference<char *&>::type && std::move<char *&>(char *& &&)
                         0x800'3c47    0x2  Code  Gb  main.o [1]
std::streambuf::_Lock()
                         0x800'2757    0x2  Code  Gb  iostream_cout.o [3]
std::streambuf::_Pnavail() const
                         0x800'3cc7   0x18  Code  Gb  main.o [1]
std::streambuf::_Pninc()
                         0x800'3cdf    0xe  Code  Gb  main.o [1]
std::streambuf::_Unlock()
                         0x800'27f7    0x2  Code  Gb  iostream_cout.o [3]
std::streambuf::overflow(int)
                         0x800'2683    0x6  Code  Gb  iostream_cout.o [3]
std::streambuf::pubsync()
                         0x800'41c5    0xa  Code  Gb  main.o [1]
std::streambuf::sputc(char)
                         0x800'3b7b   0x32  Code  Gb  main.o [1]
std::streambuf::sputn(char const *, int)
                         0x800'40c5    0xa  Code  Gb  main.o [1]
std::streambuf::sync()   0x800'4e61    0x4  Code  Gb  iostream_cout.o [3]
std::streambuf::xsputn(char const *, int)
                         0x800'4825   0x60  Code  Gb  iostream_cout.o [3]
std::string::_Chassign(unsigned int, unsigned int, char)
                         0x800'382d   0x2a  Code  Gb  main.o [1]
std::string::_Copy(unsigned int, unsigned int)
                         0x800'3a17   0xd6  Code  Gb  main.o [1]
std::string::_Eos(unsigned int)
                         0x800'3857   0x28  Code  Gb  main.o [1]
std::string::_Grow(unsigned int, bool)
                         0x800'37a1   0x7a  Code  Gb  main.o [1]
std::string::_Inside(char const *)
                         0x800'496f   0x32  Code  Gb  main.o [1]
std::string::_Tidy(bool, unsigned int)
                         0x800'36a9   0x7a  Code  Gb  main.o [1]
std::string::assign(char const *)
                         0x800'4ca1   0x18  Code  Gb  main.o [1]
std::string::assign(char const *, unsigned int)
                         0x800'491d   0x52  Code  Gb  main.o [1]
std::string::assign(const std::string&, unsigned int, unsigned int)
                         0x800'46a5   0x7c  Code  Gb  main.o [1]
std::string::assign(unsigned int, char)
                         0x800'3723   0x3a  Code  Gb  main.o [1]
std::string::basic_string(char const *)
                         0x800'4c7d   0x24  Code  Gb  main.o [1]
std::string::basic_string(unsigned int, char)
                         0x800'34d5   0x2a  Code  Gb  main.o [1]
std::string::erase(unsigned int)
                         0x800'4721   0x22  Code  Gb  main.o [1]
std::string::erase(unsigned int, unsigned int)
                         0x800'4743   0x6c  Code  Gb  main.o [1]
std::string::insert(unsigned int, unsigned int, char)
                         0x800'356d   0x96  Code  Gb  main.o [1]
std::string::max_size() const
                         0x800'39ff   0x18  Code  Gb  main.o [1]
std::string::operator [](unsigned int)
                         0x800'34ff    0xc  Code  Gb  main.o [1]
std::string::operator [](unsigned int) const
                         0x800'3557    0xc  Code  Gb  main.o [1]
std::string::size() const
                         0x800'3603    0xa  Code  Gb  main.o [1]
std::string::~basic_string()
                         0x800'3675   0x12  Code  Gb  main.o [1]
strchr                   0x800'25ed         Code  Gb  strchr.o [5]
strlen                   0x800'264d         Code  Gb  strlen.o [5]
ttio_guard              0x2000'02e7    0x1  Data  Lc  XShttio.o [2]
void std::_Deallocate<char>(char *, unsigned int)
                         0x800'3d07    0x8  Code  Gb  main.o [1]
void std::_Wrap_alloc<std::allocator<char>>::construct<char *, char *>(char * *, char * &&...)
                         0x800'3c49   0x18  Code  Gb  main.o [1]
void std::_Wrap_alloc<std::allocator<char>>::destroy<char *>(char * *)
                         0x800'38f7    0x8  Code  Gb  main.o [1]
void std::allocator<char>::construct<char *, char *>(char * *, char * &&...)
                         0x800'3e29   0x20  Code  Gb  main.o [1]
void std::allocator<char>::destroy<char *>(char * *)
                         0x800'3d05    0x2  Code  Gb  main.o [1]
void std::allocator_traits<std::allocator<char>>::construct<char *, char *>(std::allocator<char>&, char * *, char * &&...)
                         0x800'3d9f   0x18  Code  Gb  main.o [1]
void std::allocator_traits<std::allocator<char>>::destroy<char *>(std::allocator<char>&, char * *)
                         0x800'3beb    0x8  Code  Gb  main.o [1]
void std::numpunct<char>::_Getvals<char>(char)
                         0x800'3df7   0x1a  Code  Gb  main.o [1]


[1] = C:\Users\User\Desktop\projects\stm32Labs\MyLab2\Debug\Obj
[2] = dl7M_tln.a
[3] = dlpp7M_tl_nc.a
[4] = m7M_tls.a
[5] = rt7M_tl.a
[6] = shb_l.a

  19'549 bytes of readonly  code memory
     519 bytes of readonly  data memory
  17'546 bytes of readwrite data memory

Errors: none
Warnings: none
