###############################################################################
#
# IAR ELF Linker V8.40.2.214/W32 for ARM                  26/Feb/2021  08:25:32
# Copyright 2007-2019 IAR Systems AB.
#
#    Output file  =
#        C:\Users\User\Desktop\projects\stm32Labs\Lab7_ADC\Debug\Exe\lab7.out
#    Map file     =
#        C:\Users\User\Desktop\projects\stm32Labs\Lab7_ADC\Debug\List\lab7.map
#    Command line =
#        -f C:\Users\User\AppData\Local\Temp\EWE422.tmp
#        (C:\Users\User\Desktop\projects\stm32Labs\Lab7_ADC\Debug\Obj\Adc.o
#        C:\Users\User\Desktop\projects\stm32Labs\Lab7_ADC\Debug\Obj\interrupthandler.o
#        C:\Users\User\Desktop\projects\stm32Labs\Lab7_ADC\Debug\Obj\Led.o
#        C:\Users\User\Desktop\projects\stm32Labs\Lab7_ADC\Debug\Obj\LedsController.o
#        C:\Users\User\Desktop\projects\stm32Labs\Lab7_ADC\Debug\Obj\main.o
#        C:\Users\User\Desktop\projects\stm32Labs\Lab7_ADC\Debug\Obj\Solver.o
#        C:\Users\User\Desktop\projects\stm32Labs\Lab7_ADC\Debug\Obj\startup.o
#        C:\Users\User\Desktop\projects\stm32Labs\Lab7_ADC\Debug\Obj\Temperature.o
#        C:\Users\User\Desktop\projects\stm32Labs\Lab7_ADC\Debug\Obj\Voltage.o
#        --no_out_extension -o
#        C:\Users\User\Desktop\projects\stm32Labs\Lab7_ADC\Debug\Exe\lab7.out
#        --redirect _Printf=_PrintfFullNoMb --redirect _Scanf=_ScanfFullNoMb
#        --map
#        C:\Users\User\Desktop\projects\stm32Labs\Lab7_ADC\Debug\List\lab7.map
#        --config "C:\Program Files\IAR Systems\Embedded Workbench
#        8.3\arm\config\linker\ST\stm32f411xE.icf" --semihosting --entry
#        __iar_program_start --vfe --text_out locale)
#
###############################################################################

*******************************************************************************
*** RUNTIME MODEL ATTRIBUTES
***

CppFlavor                     = *
__CPP_Exceptions              = Disabled
__CPP_Language                = C++14
__Heap_Handler                = DLMalloc
__SystemLibrary               = DLib
__dlib_dynamic_initialization = normal
__dlib_version                = 6


*******************************************************************************
*** HEAP SELECTION
***

The advanced heap was selected because the application calls memory
allocation functions outside of system library functions, and there
are calls to deallocation functions in the application.


*******************************************************************************
*** PLACEMENT SUMMARY
***

"A0":  place at address 0x800'0000 { ro section .intvec };
"P1":  place in [from 0x800'0000 to 0x807'ffff] { ro };
define block CSTACK with size = 8K, alignment = 8 { };
define block HEAP with size = 8K, alignment = 8 { };
"P2":  place in [from 0x2000'0000 to 0x2001'ffff] {
          rw, block CSTACK, block HEAP };
initialize by copy { rw };

  Section                Kind         Address    Size  Object
  -------                ----         -------    ----  ------
"A0":                                            0xbc
  .intvec                const     0x800'0000    0xbc  startup.o [1]
                                 - 0x800'00bc    0xbc

"P1":                                          0x21d8
  .text                  ro code   0x800'00bc   0xf7c  dlmalloc.o [2]
  .text                  ro code   0x800'1038     0x6  abort.o [2]
  .text                  ro code   0x800'103e    0x3a  zero_init3.o [5]
  .text                  ro code   0x800'1078    0x2c  xgetmemchunk.o [2]
  .text                  ro code   0x800'10a4    0x14  exit.o [6]
  .text                  ro code   0x800'10b8   0x1e4  main.o [1]
  .text                  ro code   0x800'129c    0x44  Led.o [1]
  .text                  ro code   0x800'12e0    0x24  main.o [1]
  .text                  ro code   0x800'1304    0x2c  main.o [1]
  .text                  ro code   0x800'1330    0x2c  main.o [1]
  .text                  ro code   0x800'135c   0x16a  Solver.o [1]
  .text                  ro code   0x800'14c6    0x2e  copy_init3.o [5]
  .text                  ro code   0x800'14f4    0x7e  LedsController.o [1]
  .text                  ro code   0x800'1572     0x2  startup.o [1]
  .text                  ro code   0x800'1574   0x106  Temperature.o [1]
  .rodata                const     0x800'167a     0x1  main.o [1]
  .rodata                const     0x800'167b     0x1  Solver.o [1]
  .text                  ro code   0x800'167c    0xda  Voltage.o [1]
  .text                  ro code   0x800'1756     0x8  Led.o [1]
  .text                  ro code   0x800'175e     0x8  main.o [1]
  .text                  ro code   0x800'1766     0x8  main.o [1]
  .text                  ro code   0x800'176e     0x8  main.o [1]
  .text                  ro code   0x800'1776    0x10  main.o [1]
  .text                  ro code   0x800'1786     0x8  Solver.o [1]
  .text                  ro code   0x800'178e     0x8  Solver.o [1]
  .text                  ro code   0x800'1796    0x10  Solver.o [1]
  .text                  ro code   0x800'17a6    0x20  Solver.o [1]
  .text                  ro code   0x800'17c6    0x26  Solver.o [1]
  .text                  ro code   0x800'17ec    0x20  Solver.o [1]
  .text                  ro code   0x800'180c     0x8  Solver.o [1]
  .text                  ro code   0x800'1814     0xe  Solver.o [1]
  .text                  ro code   0x800'1822    0x14  Solver.o [1]
  .text                  ro code   0x800'1836     0x8  LedsController.o [1]
  .text                  ro code   0x800'183e    0x26  Voltage.o [1]
  .text                  ro code   0x800'1864    0x20  Voltage.o [1]
  .text                  ro code   0x800'1884     0x8  Voltage.o [1]
  .text                  ro code   0x800'188c     0xe  Voltage.o [1]
  .text                  ro code   0x800'189a    0x14  Voltage.o [1]
  .rodata                const     0x800'18ae     0x1  unwind_debug.o [6]
  .text                  ro code   0x800'18b0    0x4c  Adc.o [1]
  .text                  ro code   0x800'18fc    0x20  Voltage.o [1]
  .text                  ro code   0x800'191c     0x2  Led.o [1]
  .text                  ro code   0x800'191e     0x2  main.o [1]
  .text                  ro code   0x800'1920     0x2  main.o [1]
  .text                  ro code   0x800'1922     0x2  main.o [1]
  .text                  ro code   0x800'1924     0x8  main.o [1]
  .text                  ro code   0x800'192c     0x2  Solver.o [1]
  .text                  ro code   0x800'192e     0x2  Solver.o [1]
  .text                  ro code   0x800'1930     0x8  Solver.o [1]
  .text                  ro code   0x800'1938    0x20  Solver.o [1]
  .text                  ro code   0x800'1958     0x2  Solver.o [1]
  .text                  ro code   0x800'195a    0x4a  Solver.o [1]
  .text                  ro code   0x800'19a4     0x8  Solver.o [1]
  .text                  ro code   0x800'19ac     0x8  Solver.o [1]
  .text                  ro code   0x800'19b4     0x8  Solver.o [1]
  .text                  ro code   0x800'19bc     0xe  Solver.o [1]
  .text                  ro code   0x800'19ca     0xa  Solver.o [1]
  .text                  ro code   0x800'19d4    0x12  Solver.o [1]
  .text                  ro code   0x800'19e6    0x12  Solver.o [1]
  .text                  ro code   0x800'19f8     0x2  LedsController.o [1]
  .text                  ro code   0x800'19fa     0x8  Voltage.o [1]
  .text                  ro code   0x800'1a02     0x8  Voltage.o [1]
  .text                  ro code   0x800'1a0a     0x8  Voltage.o [1]
  .text                  ro code   0x800'1a12     0xe  Voltage.o [1]
  .text                  ro code   0x800'1a20     0xa  Voltage.o [1]
  .text                  ro code   0x800'1a2a    0x12  Voltage.o [1]
  .text                  ro code   0x800'1a3c    0x12  Voltage.o [1]
  .text                  ro code   0x800'1a4e    0x20  Voltage.o [1]
  .text                  ro code   0x800'1a6e     0x2  Voltage.o [1]
  .text                  ro code   0x800'1a70    0x4a  Voltage.o [1]
  .text                  ro code   0x800'1aba     0xe  main.o [1]
  .text                  ro code   0x800'1ac8     0xe  Solver.o [1]
  .text                  ro code   0x800'1ad6     0xe  Solver.o [1]
  .text                  ro code   0x800'1ae4     0x4  Solver.o [1]
  .text                  ro code   0x800'1ae8     0x8  Solver.o [1]
  .text                  ro code   0x800'1af0    0x34  Solver.o [1]
  .text                  ro code   0x800'1b24    0x30  Solver.o [1]
  .text                  ro code   0x800'1b54     0x2  Solver.o [1]
  .text                  ro code   0x800'1b56     0x2  Solver.o [1]
  .text                  ro code   0x800'1b58     0x8  Solver.o [1]
  .text                  ro code   0x800'1b60     0x4  Solver.o [1]
  .text                  ro code   0x800'1b64     0x2  Voltage.o [1]
  .text                  ro code   0x800'1b66     0x2  Voltage.o [1]
  .text                  ro code   0x800'1b68     0x8  Voltage.o [1]
  .text                  ro code   0x800'1b70     0x4  Voltage.o [1]
  .text                  ro code   0x800'1b74     0xe  Voltage.o [1]
  .text                  ro code   0x800'1b82     0x4  Voltage.o [1]
  .text                  ro code   0x800'1b86     0x8  Voltage.o [1]
  .text                  ro code   0x800'1b8e    0x34  Voltage.o [1]
  .text                  ro code   0x800'1bc2    0x30  Voltage.o [1]
  .text                  ro code   0x800'1bf2     0x8  main.o [1]
  .text                  ro code   0x800'1bfa     0x8  Solver.o [1]
  .text                  ro code   0x800'1c02     0x8  Solver.o [1]
  .text                  ro code   0x800'1c0a     0x4  Solver.o [1]
  .text                  ro code   0x800'1c0e    0x54  Solver.o [1]
  .text                  ro code   0x800'1c62     0x8  Solver.o [1]
  .text                  ro code   0x800'1c6a     0x8  Solver.o [1]
  .text                  ro code   0x800'1c72     0x8  Solver.o [1]
  .text                  ro code   0x800'1c7a    0x18  Solver.o [1]
  .text                  ro code   0x800'1c92     0xe  Solver.o [1]
  .text                  ro code   0x800'1ca0     0xa  Solver.o [1]
  .text                  ro code   0x800'1caa     0xe  Solver.o [1]
  .text                  ro code   0x800'1cb8     0xe  Voltage.o [1]
  .text                  ro code   0x800'1cc6     0x8  Voltage.o [1]
  .text                  ro code   0x800'1cce     0x4  Voltage.o [1]
  .text                  ro code   0x800'1cd2    0x54  Voltage.o [1]
  .text                  ro code   0x800'1d26     0x8  Voltage.o [1]
  .text                  ro code   0x800'1d2e     0x8  Voltage.o [1]
  .text                  ro code   0x800'1d36     0x8  Voltage.o [1]
  .text                  ro code   0x800'1d3e    0x18  Voltage.o [1]
  .text                  ro code   0x800'1d56     0xe  Voltage.o [1]
  .text                  ro code   0x800'1d64     0xa  Voltage.o [1]
  .text                  ro code   0x800'1d70    0x28  main.o [1]
  .text                  ro code   0x800'1d98    0x28  Solver.o [1]
  .text                  ro code   0x800'1dc0    0x12  Solver.o [1]
  .text                  ro code   0x800'1dd2     0x8  Solver.o [1]
  .text                  ro code   0x800'1dda     0x8  Solver.o [1]
  .text                  ro code   0x800'1de2    0x18  Solver.o [1]
  .text                  ro code   0x800'1dfa     0x2  Solver.o [1]
  .text                  ro code   0x800'1dfc     0x2  Solver.o [1]
  .text                  ro code   0x800'1dfe    0x18  Solver.o [1]
  .text                  ro code   0x800'1e16     0x8  Solver.o [1]
  .text                  ro code   0x800'1e1e     0x8  Solver.o [1]
  .text                  ro code   0x800'1e26    0x12  Voltage.o [1]
  .text                  ro code   0x800'1e38     0x8  Voltage.o [1]
  .text                  ro code   0x800'1e40     0x8  Voltage.o [1]
  .text                  ro code   0x800'1e48    0x18  Voltage.o [1]
  .text                  ro code   0x800'1e60     0x2  Voltage.o [1]
  .text                  ro code   0x800'1e62     0x2  Voltage.o [1]
  .text                  ro code   0x800'1e64    0x18  Voltage.o [1]
  .text                  ro code   0x800'1e7c     0x8  Voltage.o [1]
  .text                  ro code   0x800'1e84     0x8  Voltage.o [1]
  .text                  ro code   0x800'1e8c    0x1c  main.o [1]
  .text                  ro code   0x800'1ea8     0xc  main.o [1]
  .text                  ro code   0x800'1eb4    0x1c  Solver.o [1]
  .text                  ro code   0x800'1ed0     0xc  Solver.o [1]
  .text                  ro code   0x800'1edc     0x2  Voltage.o [1]
  .text                  ro code   0x800'1ede     0xe  Solver.o [1]
  .text                  ro code   0x800'1eec     0x2  Solver.o [1]
  .text                  ro code   0x800'1eee     0x2  Solver.o [1]
  .text                  ro code   0x800'1ef0    0x18  Solver.o [1]
  .text                  ro code   0x800'1f08    0x20  Solver.o [1]
  .text                  ro code   0x800'1f28     0x2  Solver.o [1]
  .text                  ro code   0x800'1f2a     0x8  Solver.o [1]
  .text                  ro code   0x800'1f32     0xe  Voltage.o [1]
  .text                  ro code   0x800'1f40     0x2  Voltage.o [1]
  .text                  ro code   0x800'1f42     0x2  Voltage.o [1]
  .text                  ro code   0x800'1f44    0x18  Voltage.o [1]
  .text                  ro code   0x800'1f5c    0x20  Voltage.o [1]
  .text                  ro code   0x800'1f7c     0x2  Voltage.o [1]
  .text                  ro code   0x800'1f7e     0x8  Voltage.o [1]
  .text                  ro code   0x800'1f86     0x2  main.o [1]
  .text                  ro code   0x800'1f88     0x8  main.o [1]
  .text                  ro code   0x800'1f90     0xa  main.o [1]
  .text                  ro code   0x800'1f9a     0x2  Solver.o [1]
  .text                  ro code   0x800'1f9c     0x8  Solver.o [1]
  .text                  ro code   0x800'1fa4     0xa  Solver.o [1]
  .text                  ro code   0x800'1fb0    0x24  Solver.o [1]
  .text                  ro code   0x800'1fd4    0x20  Solver.o [1]
  .text                  ro code   0x800'1ff4     0x4  Voltage.o [1]
  .text                  ro code   0x800'1ff8     0x8  Solver.o [1]
  .text                  ro code   0x800'2000    0x24  Voltage.o [1]
  .text                  ro code   0x800'2024    0x20  Voltage.o [1]
  .text                  ro code   0x800'2044     0x8  Voltage.o [1]
  .text                  ro code   0x800'204c     0x2  main.o [1]
  .text                  ro code   0x800'204e     0x2  Solver.o [1]
  .text                  ro code   0x800'2050    0x24  newop_0.o [3]
  .text                  ro code   0x800'2074     0x4  nomemory.o [3]
  .rodata                const     0x800'2078    0x28  Solver.o [1]
  .text                  ro code   0x800'20a0    0x28  data_init.o [5]
  .text                  ro code   0x800'20c8    0x22  fpinit_M.o [4]
  .iar.init_table        const     0x800'20ec    0x28  - Linker created -
  .rodata                const     0x800'2114    0x20  Temperature.o [1]
  .rodata                const     0x800'2134    0x20  Voltage.o [1]
  .text                  ro code   0x800'2154    0x20  cmain_call_ctors.o [5]
  .text                  ro code   0x800'2174    0x18  cppinit.o [2]
  .text                  ro code   0x800'218c    0x1e  cmain.o [5]
  .text                  ro code   0x800'21aa     0x4  exit.o [2]
  .text                  ro code   0x800'21b0     0xa  cexit.o [5]
  .rodata                const     0x800'21bc    0x1c  Adc.o [1]
  .rodata                const     0x800'21d8    0x1c  Led.o [1]
  .rodata                const     0x800'21f4    0x14  main.o [1]
  .rodata                const     0x800'2208    0x14  main.o [1]
  .text                  ro code   0x800'221c    0x10  main.o [1]
  .text                  ro code   0x800'222c    0x10  main.o [1]
  .text                  ro code   0x800'223c    0x10  main.o [1]
  .text                  ro code   0x800'224c    0x10  main.o [1]
  .text                  ro code   0x800'225c    0x10  startup.o [1]
  .rodata                const     0x800'226c     0xc  LedsController.o [1]
  SHT$$PREINIT_ARRAY               0x800'2278     0x0  <Block>
  SHT$$INIT_ARRAY                  0x800'2278     0xc  <Block>
    .init_array          const     0x800'2278     0x4  main.o [1]
    .init_array          const     0x800'227c     0x4  Temperature.o [1]
    .init_array          const     0x800'2280     0x4  Voltage.o [1]
  __iar_tls$$INIT_ARRAY            0x800'2284     0x0  <Block>
  Initializer bytes      const     0x800'2284     0x8  <for P2-1>
  .rodata                const     0x800'228c     0x4  Temperature.o [1]
  .rodata                const     0x800'2290     0x4  Voltage.o [1]
  .rodata                const     0x800'2294     0x0  zero_init3.o [5]
  .rodata                const     0x800'2294     0x0  copy_init3.o [5]
                                 - 0x800'2294  0x21d8

"P2", part 1 of 3:                                0x8
  P2-1                            0x2000'0000     0x8  <Init block>
    .data                inited   0x2000'0000     0x4  main.o [1]
    .data                inited   0x2000'0004     0x4  main.o [1]
                                - 0x2000'0008     0x8

"P2", part 2 of 3:                              0x214
  .bss                   zero     0x2000'0008   0x1d8  dlmalloc.o [2]
  .bss                   zero     0x2000'01e0    0x18  dlmalloc.o [2]
  .bss                   zero     0x2000'01f8     0x4  main.o [1]
  .bss                   zero     0x2000'01fc     0x4  Solver.o [1]
  .bss                   zero     0x2000'0200     0x4  Solver.o [1]
  .bss                   zero     0x2000'0204     0x4  Voltage.o [1]
  .bss                   zero     0x2000'0208     0x4  Voltage.o [1]
  .bss                   zero     0x2000'020c     0x4  new.o [3]
  .bss                   zero     0x2000'0210     0x4  xgetmemchunk.o [2]
  .bss                   zero     0x2000'0214     0x2  main.o [1]
  .bss                   zero     0x2000'0216     0x2  main.o [1]
  .bss                   zero     0x2000'0218     0x2  Temperature.o [1]
  .bss                   zero     0x2000'021a     0x2  Temperature.o [1]
                                - 0x2000'021c   0x214

"P2", part 3 of 3:                             0x4000
  CSTACK                          0x2000'0220  0x2000  <Block>
    CSTACK               uninit   0x2000'0220  0x2000  <Block tail>
  HEAP                            0x2000'2220  0x2000  <Block>
    HEAP                 uninit   0x2000'2220  0x2000  <Block tail>
                                - 0x2000'4220  0x4000

Unused ranges:

         From           To      Size
         ----           --      ----
   0x800'2294   0x807'ffff  0x7'dd6c
  0x2000'021c  0x2000'021f       0x4
  0x2000'4220  0x2001'ffff  0x1'bde0


*******************************************************************************
*** INIT TABLE
***

          Address      Size
          -------      ----
Zero (__iar_zero_init3)
    1 destination range, total size 0x214:
          0x2000'0008  0x214

Copy (__iar_copy_init3)
    1 source range, total size 0x8:
           0x800'2284    0x8
    1 destination range, total size 0x8:
          0x2000'0000    0x8

Extra (__iar_cstart_call_ctors)



*******************************************************************************
*** MODULE SUMMARY
***

    Module              ro code  ro data  rw data
    ------              -------  -------  -------
command line/config:
    ---------------------------------------------
    Total:

C:\Users\User\Desktop\projects\stm32Labs\Lab7_ADC\Debug\Obj: [1]
    Adc.o                    76       28
    Led.o                    78       28
    LedsController.o        136       12
    Solver.o              1'452       41        8
    Temperature.o           262       40        4
    Voltage.o             1'146       40        8
    main.o                  850       53       16
    startup.o                18      188
    ---------------------------------------------
    Total:                4'018      430       36

dl7M_tln.a: [2]
    abort.o                   6
    cppinit.o                24
    dlmalloc.o            3'964               496
    exit.o                    4
    xgetmemchunk.o           44                 4
    ---------------------------------------------
    Total:                4'042               500

dlpp7M_tl_nc.a: [3]
    new.o                                       4
    newop_0.o                36
    nomemory.o                4
    ---------------------------------------------
    Total:                   40                 4

m7M_tls.a: [4]
    fpinit_M.o               34
    ---------------------------------------------
    Total:                   34

rt7M_tl.a: [5]
    cexit.o                  10
    cmain.o                  30
    cmain_call_ctors.o       32
    copy_init3.o             46
    data_init.o              40
    zero_init3.o             58
    ---------------------------------------------
    Total:                  216

shb_l.a: [6]
    exit.o                   20
    unwind_debug.o                     1
    ---------------------------------------------
    Total:                   20        1

    Gaps                      7        4
    Linker created                    40   16'384
-------------------------------------------------
    Grand Total:          8'377      475   16'924


*******************************************************************************
*** ENTRY LIST
***

Entry                       Address   Size  Type      Object
-----                       -------   ----  ----      ------
.iar.init_table$$Base    0x800'20ec          --   Gb  - Linker created -
.iar.init_table$$Limit   0x800'2114          --   Gb  - Linker created -
?main                    0x800'218d         Code  Gb  cmain.o [5]
Adc::Convert()           0x800'18b1   0x26  Code  Gb  Adc.o [1]
Adc::GetTempFromDR()     0x800'18e7    0x8  Code  Gb  Adc.o [1]
Adc::GetVoltageFromDR()
                         0x800'18d7   0x10  Code  Gb  Adc.o [1]
CSTACK$$Base            0x2000'0220          --   Gb  - Linker created -
CSTACK$$Limit           0x2000'2220          --   Gb  - Linker created -
HEAP$$Base              0x2000'2220          --   Gb  - Linker created -
HEAP$$Limit             0x2000'4220          --   Gb  - Linker created -
ILed::ILed()             0x800'191d    0x2  Code  Gb  Led.o [1]
ILed::ILed() [subobject]
                         0x800'1757    0x8  Code  Gb  Led.o [1]
ILed::ILed(const ILed&)
                         0x800'191f    0x2  Code  Gb  main.o [1]
ILed::ILed(const ILed&) [subobject]
                         0x800'175f    0x8  Code  Gb  main.o [1]
IMeasurer::IMeasurer()   0x800'1923    0x2  Code  Gb  main.o [1]
IMeasurer::IMeasurer() [subobject]
                         0x800'176f    0x8  Code  Gb  main.o [1]
IObserver * && std::forward<IObserver *>(std::remove_reference<IObserver *>::type &)
                         0x800'1959    0x2  Code  Gb  Solver.o [1]
IObserver * * std::_Addressof<IObserver *>(IObserver * &, std::integral_constant<bool, (bool)0>)
                         0x800'1dfb    0x2  Code  Gb  Solver.o [1]
IObserver * * std::addressof<IObserver *>(IObserver * &)
                         0x800'1c6b    0x8  Code  Gb  Solver.o [1]
IObserver::IObserver()   0x800'19f9    0x2  Code  Gb  LedsController.o [1]
IObserver::IObserver() [subobject]
                         0x800'1837    0x8  Code  Gb  LedsController.o [1]
IObserverMeasurer * && std::forward<IObserverMeasurer *>(std::remove_reference<IObserverMeasurer *>::type &)
                         0x800'1a6f    0x2  Code  Gb  Voltage.o [1]
IObserverMeasurer * * std::_Addressof<IObserverMeasurer *>(IObserverMeasurer * &, std::integral_constant<bool, (bool)0>)
                         0x800'1e61    0x2  Code  Gb  Voltage.o [1]
IObserverMeasurer * * std::addressof<IObserverMeasurer *>(IObserverMeasurer * &)
                         0x800'1d2f    0x8  Code  Gb  Voltage.o [1]
IObserverMeasurer::IObserverMeasurer()
                         0x800'192d    0x2  Code  Gb  Solver.o [1]
IObserverMeasurer::IObserverMeasurer() [subobject]
                         0x800'1787    0x8  Code  Gb  Solver.o [1]
ISubject::ISubject()     0x800'192f    0x2  Code  Gb  Solver.o [1]
ISubject::ISubject() [subobject]
                         0x800'178f    0x8  Code  Gb  Solver.o [1]
ISubjectMeasurer::ISubjectMeasurer()
                         0x800'1921    0x2  Code  Gb  main.o [1]
ISubjectMeasurer::ISubjectMeasurer() [subobject]
                         0x800'1767    0x8  Code  Gb  main.o [1]
InterruptHandler::DummyHandler()
                         0x800'1573    0x2  Code  Gb  startup.o [1]
K                       0x2000'0208    0x4  Data  Lc  Voltage.o [1]
Led::Led(const Led&)     0x800'12e1   0x24  Code  Gb  main.o [1]
Led::Led(unsigned char, IPortSet &)
                         0x800'129d   0x1a  Code  Gb  Led.o [1]
Led::SetHigh()           0x800'12bd   0x12  Code  Gb  Led.o [1]
Led::SetLow()            0x800'12cf   0x12  Code  Gb  Led.o [1]
LedsController::LedsController(Led *)
                         0x800'14f5   0x16  Code  Gb  LedsController.o [1]
LedsController::OnUpdate(ISubject &, unsigned char)
                         0x800'1511   0x62  Code  Gb  LedsController.o [1]
Port<GPIOA>::SetHigh(unsigned char)
                         0x800'222d   0x10  Code  Gb  main.o [1]
Port<GPIOA>::SetLow(unsigned char)
                         0x800'224d   0x10  Code  Gb  main.o [1]
Port<GPIOC>::SetHigh(unsigned char)
                         0x800'221d   0x10  Code  Gb  main.o [1]
Port<GPIOC>::SetLow(unsigned char)
                         0x800'223d   0x10  Code  Gb  main.o [1]
Region$$Table$$Base      0x800'20ec          --   Gb  - Linker created -
Region$$Table$$Limit     0x800'2114          --   Gb  - Linker created -
SHT$$INIT_ARRAY$$Base    0x800'2278          --   Gb  - Linker created -
SHT$$INIT_ARRAY$$Limit   0x800'2284          --   Gb  - Linker created -
SHT$$PREINIT_ARRAY$$Base
                         0x800'2278          --   Gb  - Linker created -
SHT$$PREINIT_ARRAY$$Limit
                         0x800'2278          --   Gb  - Linker created -
Solver::OnUpdate(float, float, float)
                         0x800'1397   0x5e  Code  Gb  Solver.o [1]
Solver::Run(ISubject &, float, float, float)
                         0x800'1405   0xc2  Code  Gb  Solver.o [1]
Solver::Solver()         0x800'135d   0x2c  Code  Gb  Solver.o [1]
Solver::Subscribe(IObserver &)
                         0x800'1389    0xe  Code  Gb  Solver.o [1]
TEMPERATURE             0x2000'01fc    0x4  Data  Lc  Solver.o [1]
TS_CAL1                 0x2000'0214    0x2  Data  Lc  main.o [1]
TS_CAL1                 0x2000'0218    0x2  Data  Lc  Temperature.o [1]
TS_CAL2                 0x2000'0216    0x2  Data  Lc  main.o [1]
TS_CAL2                 0x2000'021a    0x2  Data  Lc  Temperature.o [1]
Temperature::GetValue()
                         0x800'15ed   0x60  Code  Gb  Temperature.o [1]
Temperature::Run()       0x800'1589   0x62  Code  Gb  Temperature.o [1]
Temperature::Subscribe(IObserverMeasurer &)
                         0x800'166d    0xe  Code  Gb  Temperature.o [1]
Temperature::Temperature()
                         0x800'1305   0x2c  Code  Gb  main.o [1]
VOLTAGE                 0x2000'0200    0x4  Data  Lc  Solver.o [1]
V_REF                   0x2000'01f8    0x4  Data  Lc  main.o [1]
V_REF                   0x2000'0204    0x4  Data  Lc  Voltage.o [1]
Virtual function table for Adc
                         0x800'21bc   0x1c  Data  Gb  Adc.o [1]
Virtual function table for Led
                         0x800'21d8   0x1c  Data  Gb  Led.o [1]
Virtual function table for LedsController
                         0x800'226c    0xc  Data  Gb  LedsController.o [1]
Virtual function table for Port<GPIOA>
                         0x800'2208   0x14  Data  Gb  main.o [1]
Virtual function table for Port<GPIOC>
                         0x800'21f4   0x14  Data  Gb  main.o [1]
Virtual function table for Solver
                         0x800'2078   0x28  Data  Gb  Solver.o [1]
Virtual function table for Temperature
                         0x800'2114   0x20  Data  Gb  Temperature.o [1]
Virtual function table for Voltage
                         0x800'2134   0x20  Data  Gb  Voltage.o [1]
Voltage::GetValue()      0x800'16f9   0x36  Code  Gb  Voltage.o [1]
Voltage::Run()           0x800'1695   0x64  Code  Gb  Voltage.o [1]
Voltage::Subscribe(IObserverMeasurer &)
                         0x800'1749    0xe  Code  Gb  Voltage.o [1]
Voltage::Voltage()       0x800'1331   0x2c  Code  Gb  main.o [1]
__call_ctors             0x800'2175   0x18  Code  Gb  cppinit.o [2]
__cmain                  0x800'218d         Code  Gb  cmain.o [5]
__data_GetMemChunk       0x800'1079   0x2c  Code  Gb  xgetmemchunk.o [2]
__data_GetMemChunk::start
                        0x2000'0210    0x4  Data  Lc  xgetmemchunk.o [2]
__exit                   0x800'10a5   0x14  Code  Gb  exit.o [6]
__iar_copy_init3         0x800'14c7   0x2e  Code  Gb  copy_init3.o [5]
__iar_cstart_call_ctors
                         0x800'2155   0x20  Code  Gb  cmain_call_ctors.o [5]
__iar_data_init3         0x800'20a1   0x28  Code  Gb  data_init.o [5]
__iar_debug_exceptions   0x800'18ae    0x1  Data  Gb  unwind_debug.o [6]
__iar_dlmalloc           0x800'0145  0xeee  Code  Gb  dlmalloc.o [2]
__iar_init_vfp           0x800'20c9         Code  Gb  fpinit_M.o [4]
__iar_program_start      0x800'225d   0x10  Code  Gb  startup.o [1]
__iar_tls$$INIT_ARRAY$$Base
                         0x800'2284          --   Gb  - Linker created -
__iar_tls$$INIT_ARRAY$$Limit
                         0x800'2284          --   Gb  - Linker created -
__iar_zero_init3         0x800'103f   0x3a  Code  Gb  zero_init3.o [5]
__low_level_init         0x800'10df   0xe2  Code  Gb  main.o [1]
__sti__routine           0x800'10b9   0x26  Code  Lc  main.o [1]
__sti__routine           0x800'1575   0x12  Code  Lc  Temperature.o [1]
__sti__routine           0x800'167d   0x16  Code  Lc  Voltage.o [1]
__vector_table           0x800'0000   0xbc  Data  Lc  startup.o [1]
_call_main               0x800'2199         Code  Gb  cmain.o [5]
_exit                    0x800'21b1         Code  Gb  cexit.o [5]
_gm_                    0x2000'0008  0x1d8  Data  Lc  dlmalloc.o [2]
_main                    0x800'21a7         Code  Gb  cmain.o [5]
abort                    0x800'1039    0x6  Code  Gb  abort.o [2]
const std::allocator<IObserver *>& && std::forward<const std::allocator<IObserver *>&>(std::remove_reference<const std::allocator<IObserver *>&>::type &)
                         0x800'1f9b    0x2  Code  Gb  Solver.o [1]
const std::allocator<IObserverMeasurer *>& && std::forward<const std::allocator<IObserverMeasurer *>&>(std::remove_reference<const std::allocator<IObserverMeasurer *>&>::type &)
                         0x800'1f87    0x2  Code  Gb  main.o [1]
exit                     0x800'21ab    0x4  Code  Gb  exit.o [2]
init_mparams             0x800'00d7   0x2c  Code  Lc  dlmalloc.o [2]
init_top                 0x800'0103   0x34  Code  Lc  dlmalloc.o [2]
main                     0x800'11c1   0x8e  Code  Gb  main.o [1]
mparams                 0x2000'01e0   0x18  Data  Lc  dlmalloc.o [2]
operator new (unsigned int)
                         0x800'2051   0x24  Code  Gb  newop_0.o [3]
operator new (unsigned int, void *)
                         0x800'1ff5    0x4  Code  Gb  Voltage.o [1]
portA                   0x2000'0004    0x4  Data  Gb  main.o [1]
portC                   0x2000'0000    0x4  Data  Gb  main.o [1]
segment_holding          0x800'00bd   0x1a  Code  Lc  dlmalloc.o [2]
std::_Compressed_pair<std::_Wrap_alloc<std::allocator<std::_List_node<IObserver *, void *>>>, std::_List_val<std::_List_simple_types<IObserver *>>, (bool)1>::_Compressed_pair<const std::allocator<IObserver *>&, >(std::_One_then_variadic_args_t, const std::allocator<IObserver *>& &&,  &&...)
                         0x800'1eb5   0x1c  Code  Gb  Solver.o [1]
std::_Compressed_pair<std::_Wrap_alloc<std::allocator<std::_List_node<IObserver *, void *>>>, std::_List_val<std::_List_simple_types<IObserver *>>, (bool)1>::_Get_first()
                         0x800'1dfd    0x2  Code  Gb  Solver.o [1]
std::_Compressed_pair<std::_Wrap_alloc<std::allocator<std::_List_node<IObserver *, void *>>>, std::_List_val<std::_List_simple_types<IObserver *>>, (bool)1>::_Get_first() const
                         0x800'1f29    0x2  Code  Gb  Solver.o [1]
std::_Compressed_pair<std::_Wrap_alloc<std::allocator<std::_List_node<IObserver *, void *>>>, std::_List_val<std::_List_simple_types<IObserver *>>, (bool)1>::_Get_second()
                         0x800'1b55    0x2  Code  Gb  Solver.o [1]
std::_Compressed_pair<std::_Wrap_alloc<std::allocator<std::_List_node<IObserverMeasurer *, void *>>>, std::_List_val<std::_List_simple_types<IObserverMeasurer *>>, (bool)1>::_Compressed_pair<const std::allocator<IObserverMeasurer *>&, >(std::_One_then_variadic_args_t, const std::allocator<IObserverMeasurer *>& &&,  &&...)
                         0x800'1e8d   0x1c  Code  Gb  main.o [1]
std::_Compressed_pair<std::_Wrap_alloc<std::allocator<std::_List_node<IObserverMeasurer *, void *>>>, std::_List_val<std::_List_simple_types<IObserverMeasurer *>>, (bool)1>::_Get_first()
                         0x800'1e63    0x2  Code  Gb  Voltage.o [1]
std::_Compressed_pair<std::_Wrap_alloc<std::allocator<std::_List_node<IObserverMeasurer *, void *>>>, std::_List_val<std::_List_simple_types<IObserverMeasurer *>>, (bool)1>::_Get_first() const
                         0x800'1f7d    0x2  Code  Gb  Voltage.o [1]
std::_Compressed_pair<std::_Wrap_alloc<std::allocator<std::_List_node<IObserverMeasurer *, void *>>>, std::_List_val<std::_List_simple_types<IObserverMeasurer *>>, (bool)1>::_Get_second()
                         0x800'1b65    0x2  Code  Gb  Voltage.o [1]
std::_Iterator_base0::_Adopt(void const *)
                         0x800'1edd    0x2  Code  Gb  Voltage.o [1]
std::_List_alloc<std::_List_base_types<IObserver *, std::allocator<IObserver *>>>::_Buyheadnode()
                         0x800'1ed1    0xc  Code  Gb  Solver.o [1]
std::_List_alloc<std::_List_base_types<IObserver *, std::allocator<IObserver *>>>::_Buynode0(std::_List_node<IObserver *, void *> *, std::_List_node<IObserver *, void *> *)
                         0x800'1c0f   0x54  Code  Gb  Solver.o [1]
std::_List_alloc<std::_List_base_types<IObserver *, std::allocator<IObserver *>>>::_Get_data()
                         0x800'19a5    0x8  Code  Gb  Solver.o [1]
std::_List_alloc<std::_List_base_types<IObserver *, std::allocator<IObserver *>>>::_Getal()
                         0x800'1c73    0x8  Code  Gb  Solver.o [1]
std::_List_alloc<std::_List_base_types<IObserver *, std::allocator<IObserver *>>>::_Getal() const
                         0x800'1e17    0x8  Code  Gb  Solver.o [1]
std::_List_alloc<std::_List_base_types<IObserver *, std::allocator<IObserver *>>>::_List_alloc(const std::allocator<IObserver *>&)
                         0x800'1d99   0x28  Code  Gb  Solver.o [1]
std::_List_alloc<std::_List_base_types<IObserver *, std::allocator<IObserver *>>>::_List_alloc(const std::allocator<IObserver *>&) [subobject]
                         0x800'1bfb    0x8  Code  Gb  Solver.o [1]
std::_List_alloc<std::_List_base_types<IObserver *, std::allocator<IObserver *>>>::_Myhead()
                         0x800'19ad    0x8  Code  Gb  Solver.o [1]
std::_List_alloc<std::_List_base_types<IObserver *, std::allocator<IObserver *>>>::_Mysize()
                         0x800'1ca1    0xa  Code  Gb  Solver.o [1]
std::_List_alloc<std::_List_base_types<IObserver *, std::allocator<IObserver *>>>::_Myval(std::_List_node<IObserver *, void *> *)
                         0x800'1c63    0x8  Code  Gb  Solver.o [1]
std::_List_alloc<std::_List_base_types<IObserver *, std::allocator<IObserver *>>>::_Nextnode(std::_List_node<IObserver *, void *> *)
                         0x800'19b5    0x8  Code  Gb  Solver.o [1]
std::_List_alloc<std::_List_base_types<IObserver *, std::allocator<IObserver *>>>::_Prevnode(std::_List_node<IObserver *, void *> *)
                         0x800'1ae9    0x8  Code  Gb  Solver.o [1]
std::_List_alloc<std::_List_base_types<IObserverMeasurer *, std::allocator<IObserverMeasurer *>>>::_Buyheadnode()
                         0x800'1ea9    0xc  Code  Gb  main.o [1]
std::_List_alloc<std::_List_base_types<IObserverMeasurer *, std::allocator<IObserverMeasurer *>>>::_Buynode0(std::_List_node<IObserverMeasurer *, void *> *, std::_List_node<IObserverMeasurer *, void *> *)
                         0x800'1cd3   0x54  Code  Gb  Voltage.o [1]
std::_List_alloc<std::_List_base_types<IObserverMeasurer *, std::allocator<IObserverMeasurer *>>>::_Get_data()
                         0x800'19fb    0x8  Code  Gb  Voltage.o [1]
std::_List_alloc<std::_List_base_types<IObserverMeasurer *, std::allocator<IObserverMeasurer *>>>::_Getal()
                         0x800'1d37    0x8  Code  Gb  Voltage.o [1]
std::_List_alloc<std::_List_base_types<IObserverMeasurer *, std::allocator<IObserverMeasurer *>>>::_Getal() const
                         0x800'1e7d    0x8  Code  Gb  Voltage.o [1]
std::_List_alloc<std::_List_base_types<IObserverMeasurer *, std::allocator<IObserverMeasurer *>>>::_List_alloc(const std::allocator<IObserverMeasurer *>&)
                         0x800'1d71   0x28  Code  Gb  main.o [1]
std::_List_alloc<std::_List_base_types<IObserverMeasurer *, std::allocator<IObserverMeasurer *>>>::_List_alloc(const std::allocator<IObserverMeasurer *>&) [subobject]
                         0x800'1bf3    0x8  Code  Gb  main.o [1]
std::_List_alloc<std::_List_base_types<IObserverMeasurer *, std::allocator<IObserverMeasurer *>>>::_Myhead()
                         0x800'1a03    0x8  Code  Gb  Voltage.o [1]
std::_List_alloc<std::_List_base_types<IObserverMeasurer *, std::allocator<IObserverMeasurer *>>>::_Mysize()
                         0x800'1d65    0xa  Code  Gb  Voltage.o [1]
std::_List_alloc<std::_List_base_types<IObserverMeasurer *, std::allocator<IObserverMeasurer *>>>::_Myval(std::_List_node<IObserverMeasurer *, void *> *)
                         0x800'1d27    0x8  Code  Gb  Voltage.o [1]
std::_List_alloc<std::_List_base_types<IObserverMeasurer *, std::allocator<IObserverMeasurer *>>>::_Nextnode(std::_List_node<IObserverMeasurer *, void *> *)
                         0x800'1a0b    0x8  Code  Gb  Voltage.o [1]
std::_List_alloc<std::_List_base_types<IObserverMeasurer *, std::allocator<IObserverMeasurer *>>>::_Prevnode(std::_List_node<IObserverMeasurer *, void *> *)
                         0x800'1b87    0x8  Code  Gb  Voltage.o [1]
std::_List_buy<IObserver *, std::allocator<IObserver *>>::_List_buy(const std::allocator<IObserver *>&)
                         0x800'1ac9    0xe  Code  Gb  Solver.o [1]
std::_List_buy<IObserver *, std::allocator<IObserver *>>::_List_buy(const std::allocator<IObserver *>&) [subobject]
                         0x800'1931    0x8  Code  Gb  Solver.o [1]
std::_List_buy<IObserverMeasurer *, std::allocator<IObserverMeasurer *>>::_List_buy(const std::allocator<IObserverMeasurer *>&)
                         0x800'1abb    0xe  Code  Gb  main.o [1]
std::_List_buy<IObserverMeasurer *, std::allocator<IObserverMeasurer *>>::_List_buy(const std::allocator<IObserverMeasurer *>&) [subobject]
                         0x800'1925    0x8  Code  Gb  main.o [1]
std::_List_const_iterator<std::_List_val<std::_List_simple_types<IObserver *>>>::_List_const_iterator(std::_List_node<IObserver *, void *> *, std::_List_val<std::_List_simple_types<IObserver *>> const *)
                         0x800'1cab    0xe  Code  Gb  Solver.o [1]
std::_List_const_iterator<std::_List_val<std::_List_simple_types<IObserver *>>>::_List_const_iterator(std::_List_node<IObserver *, void *> *, std::_List_val<std::_List_simple_types<IObserver *>> const *) [subobject]
                         0x800'1b59    0x8  Code  Gb  Solver.o [1]
std::_List_const_iterator<std::_List_val<std::_List_simple_types<IObserver *>>>::operator !=(const std::_List_const_iterator<std::_List_val<std::_List_simple_types<IObserver *>>>&) const
                         0x800'1823   0x14  Code  Gb  Solver.o [1]
std::_List_const_iterator<std::_List_val<std::_List_simple_types<IObserver *>>>::operator *() const
                         0x800'19cb    0xa  Code  Gb  Solver.o [1]
std::_List_const_iterator<std::_List_val<std::_List_simple_types<IObserver *>>>::operator ++()
                         0x800'19d5   0x12  Code  Gb  Solver.o [1]
std::_List_const_iterator<std::_List_val<std::_List_simple_types<IObserver *>>>::operator ==(const std::_List_const_iterator<std::_List_val<std::_List_simple_types<IObserver *>>>&) const
                         0x800'19e7   0x12  Code  Gb  Solver.o [1]
std::_List_const_iterator<std::_List_val<std::_List_simple_types<IObserverMeasurer *>>>::_List_const_iterator(std::_List_node<IObserverMeasurer *, void *> *, std::_List_val<std::_List_simple_types<IObserverMeasurer *>> const *)
                         0x800'1cb9    0xe  Code  Gb  Voltage.o [1]
std::_List_const_iterator<std::_List_val<std::_List_simple_types<IObserverMeasurer *>>>::_List_const_iterator(std::_List_node<IObserverMeasurer *, void *> *, std::_List_val<std::_List_simple_types<IObserverMeasurer *>> const *) [subobject]
                         0x800'1b69    0x8  Code  Gb  Voltage.o [1]
std::_List_const_iterator<std::_List_val<std::_List_simple_types<IObserverMeasurer *>>>::operator !=(const std::_List_const_iterator<std::_List_val<std::_List_simple_types<IObserverMeasurer *>>>&) const
                         0x800'189b   0x14  Code  Gb  Voltage.o [1]
std::_List_const_iterator<std::_List_val<std::_List_simple_types<IObserverMeasurer *>>>::operator *() const
                         0x800'1a21    0xa  Code  Gb  Voltage.o [1]
std::_List_const_iterator<std::_List_val<std::_List_simple_types<IObserverMeasurer *>>>::operator ++()
                         0x800'1a2b   0x12  Code  Gb  Voltage.o [1]
std::_List_const_iterator<std::_List_val<std::_List_simple_types<IObserverMeasurer *>>>::operator ==(const std::_List_const_iterator<std::_List_val<std::_List_simple_types<IObserverMeasurer *>>>&) const
                         0x800'1a3d   0x12  Code  Gb  Voltage.o [1]
std::_List_iterator<std::_List_val<std::_List_simple_types<IObserver *>>>::_List_iterator(std::_List_node<IObserver *, void *> *, std::_List_val<std::_List_simple_types<IObserver *>> const *)
                         0x800'19bd    0xe  Code  Gb  Solver.o [1]
std::_List_iterator<std::_List_val<std::_List_simple_types<IObserver *>>>::operator *() const
                         0x800'180d    0x8  Code  Gb  Solver.o [1]
std::_List_iterator<std::_List_val<std::_List_simple_types<IObserver *>>>::operator ++()
                         0x800'1815    0xe  Code  Gb  Solver.o [1]
std::_List_iterator<std::_List_val<std::_List_simple_types<IObserverMeasurer *>>>::_List_iterator(std::_List_node<IObserverMeasurer *, void *> *, std::_List_val<std::_List_simple_types<IObserverMeasurer *>> const *)
                         0x800'1a13    0xe  Code  Gb  Voltage.o [1]
std::_List_iterator<std::_List_val<std::_List_simple_types<IObserverMeasurer *>>>::operator *() const
                         0x800'1885    0x8  Code  Gb  Voltage.o [1]
std::_List_iterator<std::_List_val<std::_List_simple_types<IObserverMeasurer *>>>::operator ++()
                         0x800'188d    0xe  Code  Gb  Voltage.o [1]
std::_List_node<IObserver *, void *> * * std::_Addressof<std::_List_node<IObserver *, void *> *>(std::_List_node<IObserver *, void *> * &, std::integral_constant<bool, (bool)0>)
                         0x800'1eed    0x2  Code  Gb  Solver.o [1]
std::_List_node<IObserver *, void *> * * std::addressof<std::_List_node<IObserver *, void *> *>(std::_List_node<IObserver *, void *> * &)
                         0x800'1ddb    0x8  Code  Gb  Solver.o [1]
std::_List_node<IObserver *, void *> * std::_Allocate<std::_List_node<IObserver *, void *>>(unsigned int, std::_List_node<IObserver *, void *> *, bool)
                         0x800'1fb1   0x24  Code  Gb  Solver.o [1]
std::_List_node<IObserver *, void *> * std::_List_buy<IObserver *, std::allocator<IObserver *>>::_Buynode<IObserver *>(std::_List_node<IObserver *, void *> *, std::_List_node<IObserver *, void *> *, IObserver * &&...)
                         0x800'1af1   0x34  Code  Gb  Solver.o [1]
std::_List_node<IObserver *, void *> *& && std::forward<std::_List_node<IObserver *, void *> *&>(std::remove_reference<std::_List_node<IObserver *, void *> *&>::type &)
                         0x800'1eef    0x2  Code  Gb  Solver.o [1]
std::_List_node<IObserverMeasurer *, void *> * * std::_Addressof<std::_List_node<IObserverMeasurer *, void *> *>(std::_List_node<IObserverMeasurer *, void *> * &, std::integral_constant<bool, (bool)0>)
                         0x800'1f41    0x2  Code  Gb  Voltage.o [1]
std::_List_node<IObserverMeasurer *, void *> * * std::addressof<std::_List_node<IObserverMeasurer *, void *> *>(std::_List_node<IObserverMeasurer *, void *> * &)
                         0x800'1e41    0x8  Code  Gb  Voltage.o [1]
std::_List_node<IObserverMeasurer *, void *> * std::_Allocate<std::_List_node<IObserverMeasurer *, void *>>(unsigned int, std::_List_node<IObserverMeasurer *, void *> *, bool)
                         0x800'2001   0x24  Code  Gb  Voltage.o [1]
std::_List_node<IObserverMeasurer *, void *> * std::_List_buy<IObserverMeasurer *, std::allocator<IObserverMeasurer *>>::_Buynode<IObserverMeasurer *>(std::_List_node<IObserverMeasurer *, void *> *, std::_List_node<IObserverMeasurer *, void *> *, IObserverMeasurer * &&...)
                         0x800'1b8f   0x34  Code  Gb  Voltage.o [1]
std::_List_node<IObserverMeasurer *, void *> *& && std::forward<std::_List_node<IObserverMeasurer *, void *> *&>(std::remove_reference<std::_List_node<IObserverMeasurer *, void *> *&>::type &)
                         0x800'1f43    0x2  Code  Gb  Voltage.o [1]
std::_List_unchecked_const_iterator<std::_List_val<std::_List_simple_types<IObserver *>>, std::_Iterator_base0>::_List_unchecked_const_iterator(std::_List_node<IObserver *, void *> *, std::_List_val<std::_List_simple_types<IObserver *>> const *)
                         0x800'1dc1   0x12  Code  Gb  Solver.o [1]
std::_List_unchecked_const_iterator<std::_List_val<std::_List_simple_types<IObserver *>>, std::_Iterator_base0>::_List_unchecked_const_iterator(std::_List_node<IObserver *, void *> *, std::_List_val<std::_List_simple_types<IObserver *>> const *) [subobject]
                         0x800'1c03    0x8  Code  Gb  Solver.o [1]
std::_List_unchecked_const_iterator<std::_List_val<std::_List_simple_types<IObserver *>>, std::_Iterator_base0>::_Mynode() const
                         0x800'1ae5    0x4  Code  Gb  Solver.o [1]
std::_List_unchecked_const_iterator<std::_List_val<std::_List_simple_types<IObserverMeasurer *>>, std::_Iterator_base0>::_List_unchecked_const_iterator(std::_List_node<IObserverMeasurer *, void *> *, std::_List_val<std::_List_simple_types<IObserverMeasurer *>> const *)
                         0x800'1e27   0x12  Code  Gb  Voltage.o [1]
std::_List_unchecked_const_iterator<std::_List_val<std::_List_simple_types<IObserverMeasurer *>>, std::_Iterator_base0>::_List_unchecked_const_iterator(std::_List_node<IObserverMeasurer *, void *> *, std::_List_val<std::_List_simple_types<IObserverMeasurer *>> const *) [subobject]
                         0x800'1cc7    0x8  Code  Gb  Voltage.o [1]
std::_List_unchecked_const_iterator<std::_List_val<std::_List_simple_types<IObserverMeasurer *>>, std::_Iterator_base0>::_Mynode() const
                         0x800'1b83    0x4  Code  Gb  Voltage.o [1]
std::_List_unchecked_iterator<std::_List_val<std::_List_simple_types<IObserver *>>>::_List_unchecked_iterator(std::_List_node<IObserver *, void *> *, std::_List_val<std::_List_simple_types<IObserver *>> const *)
                         0x800'1ad7    0xe  Code  Gb  Solver.o [1]
std::_List_unchecked_iterator<std::_List_val<std::_List_simple_types<IObserverMeasurer *>>>::_List_unchecked_iterator(std::_List_node<IObserverMeasurer *, void *> *, std::_List_val<std::_List_simple_types<IObserverMeasurer *>> const *)
                         0x800'1b75    0xe  Code  Gb  Voltage.o [1]
std::_List_val<std::_List_simple_types<IObserver *>>::_List_val()
                         0x800'1fa5    0xa  Code  Gb  Solver.o [1]
std::_List_val<std::_List_simple_types<IObserver *>>::_Myval(std::_List_node<IObserver *, void *> *)
                         0x800'1b61    0x4  Code  Gb  Solver.o [1]
std::_List_val<std::_List_simple_types<IObserver *>>::_Nextnode(std::_List_node<IObserver *, void *> *)
                         0x800'1b57    0x2  Code  Gb  Solver.o [1]
std::_List_val<std::_List_simple_types<IObserver *>>::_Prevnode(std::_List_node<IObserver *, void *> *)
                         0x800'1c0b    0x4  Code  Gb  Solver.o [1]
std::_List_val<std::_List_simple_types<IObserverMeasurer *>>::_List_val()
                         0x800'1f91    0xa  Code  Gb  main.o [1]
std::_List_val<std::_List_simple_types<IObserverMeasurer *>>::_Myval(std::_List_node<IObserverMeasurer *, void *> *)
                         0x800'1b71    0x4  Code  Gb  Voltage.o [1]
std::_List_val<std::_List_simple_types<IObserverMeasurer *>>::_Nextnode(std::_List_node<IObserverMeasurer *, void *> *)
                         0x800'1b67    0x2  Code  Gb  Voltage.o [1]
std::_List_val<std::_List_simple_types<IObserverMeasurer *>>::_Prevnode(std::_List_node<IObserverMeasurer *, void *> *)
                         0x800'1ccf    0x4  Code  Gb  Voltage.o [1]
std::_NomemoryNothrow()
                         0x800'2075    0x4  Code  Gb  nomemory.o [3]
std::_Wrap_alloc<std::allocator<std::_List_node<IObserver *, void *>>>::_Wrap_alloc<std::allocator<IObserver *>>(std::allocator<IObserver *> const &)
                         0x800'204f    0x2  Code  Gb  Solver.o [1]
std::_Wrap_alloc<std::allocator<std::_List_node<IObserver *, void *>>>::_Wrap_alloc<std::allocator<IObserver *>>(std::allocator<IObserver *> const &) [subobject]
                         0x800'1f9d    0x8  Code  Gb  Solver.o [1]
std::_Wrap_alloc<std::allocator<std::_List_node<IObserver *, void *>>>::allocate(unsigned int)
                         0x800'1dd3    0x8  Code  Gb  Solver.o [1]
std::_Wrap_alloc<std::allocator<std::_List_node<IObserver *, void *>>>::max_size(std::_Nil) const
                         0x800'1e1f    0x8  Code  Gb  Solver.o [1]
std::_Wrap_alloc<std::allocator<std::_List_node<IObserverMeasurer *, void *>>>::_Wrap_alloc<std::allocator<IObserverMeasurer *>>(std::allocator<IObserverMeasurer *> const &)
                         0x800'204d    0x2  Code  Gb  main.o [1]
std::_Wrap_alloc<std::allocator<std::_List_node<IObserverMeasurer *, void *>>>::_Wrap_alloc<std::allocator<IObserverMeasurer *>>(std::allocator<IObserverMeasurer *> const &) [subobject]
                         0x800'1f89    0x8  Code  Gb  main.o [1]
std::_Wrap_alloc<std::allocator<std::_List_node<IObserverMeasurer *, void *>>>::allocate(unsigned int)
                         0x800'1e39    0x8  Code  Gb  Voltage.o [1]
std::_Wrap_alloc<std::allocator<std::_List_node<IObserverMeasurer *, void *>>>::max_size(std::_Nil) const
                         0x800'1e85    0x8  Code  Gb  Voltage.o [1]
std::__iar_New_hand     0x2000'020c    0x4  Data  Gb  new.o [3]
std::allocator<std::_List_node<IObserver *, void *>>::allocate(unsigned int)
                         0x800'1edf    0xe  Code  Gb  Solver.o [1]
std::allocator<std::_List_node<IObserver *, void *>>::max_size() const
                         0x800'1ff9    0x8  Code  Gb  Solver.o [1]
std::allocator<std::_List_node<IObserverMeasurer *, void *>>::allocate(unsigned int)
                         0x800'1f33    0xe  Code  Gb  Voltage.o [1]
std::allocator<std::_List_node<IObserverMeasurer *, void *>>::max_size() const
                         0x800'2045    0x8  Code  Gb  Voltage.o [1]
std::allocator_traits<std::allocator<std::_List_node<IObserver *, void *>>>::max_size(const std::allocator<std::_List_node<IObserver *, void *>>&)
                         0x800'1f2b    0x8  Code  Gb  Solver.o [1]
std::allocator_traits<std::allocator<std::_List_node<IObserverMeasurer *, void *>>>::max_size(const std::allocator<std::_List_node<IObserverMeasurer *, void *>>&)
                         0x800'1f7f    0x8  Code  Gb  Voltage.o [1]
std::list<IObserver *, std::allocator<IObserver *>>::_Incsize(unsigned int)
                         0x800'1b25   0x30  Code  Gb  Solver.o [1]
std::list<IObserver *, std::allocator<IObserver *>>::_Unchecked_end()
                         0x800'1939   0x20  Code  Gb  Solver.o [1]
std::list<IObserver *, std::allocator<IObserver *>>::begin()
                         0x800'17c7   0x26  Code  Gb  Solver.o [1]
std::list<IObserver *, std::allocator<IObserver *>>::end()
                         0x800'17ed   0x20  Code  Gb  Solver.o [1]
std::list<IObserver *, std::allocator<IObserver *>>::list()
                         0x800'1797   0x10  Code  Gb  Solver.o [1]
std::list<IObserver *, std::allocator<IObserver *>>::max_size() const
                         0x800'1c93    0xe  Code  Gb  Solver.o [1]
std::list<IObserver *, std::allocator<IObserver *>>::push_back(IObserver *&&)
                         0x800'17a7   0x20  Code  Gb  Solver.o [1]
std::list<IObserverMeasurer *, std::allocator<IObserverMeasurer *>>::_Incsize(unsigned int)
                         0x800'1bc3   0x30  Code  Gb  Voltage.o [1]
std::list<IObserverMeasurer *, std::allocator<IObserverMeasurer *>>::_Unchecked_end()
                         0x800'1a4f   0x20  Code  Gb  Voltage.o [1]
std::list<IObserverMeasurer *, std::allocator<IObserverMeasurer *>>::begin()
                         0x800'183f   0x26  Code  Gb  Voltage.o [1]
std::list<IObserverMeasurer *, std::allocator<IObserverMeasurer *>>::end()
                         0x800'1865   0x20  Code  Gb  Voltage.o [1]
std::list<IObserverMeasurer *, std::allocator<IObserverMeasurer *>>::list()
                         0x800'1777   0x10  Code  Gb  main.o [1]
std::list<IObserverMeasurer *, std::allocator<IObserverMeasurer *>>::max_size() const
                         0x800'1d57    0xe  Code  Gb  Voltage.o [1]
std::list<IObserverMeasurer *, std::allocator<IObserverMeasurer *>>::push_back(IObserverMeasurer *&&)
                         0x800'18fd   0x20  Code  Gb  Voltage.o [1]
void std::_Wrap_alloc<std::allocator<std::_List_node<IObserver *, void *>>>::construct<IObserver *, IObserver *>(IObserver * *, IObserver * &&...)
                         0x800'1c7b   0x18  Code  Gb  Solver.o [1]
void std::_Wrap_alloc<std::allocator<std::_List_node<IObserver *, void *>>>::construct<std::_List_node<IObserver *, void *> *, std::_List_node<IObserver *, void *> *&>(std::_List_node<IObserver *, void *> * *, std::_List_node<IObserver *, void *> *& &&...)
                         0x800'1de3   0x18  Code  Gb  Solver.o [1]
void std::_Wrap_alloc<std::allocator<std::_List_node<IObserverMeasurer *, void *>>>::construct<IObserverMeasurer *, IObserverMeasurer *>(IObserverMeasurer * *, IObserverMeasurer * &&...)
                         0x800'1d3f   0x18  Code  Gb  Voltage.o [1]
void std::_Wrap_alloc<std::allocator<std::_List_node<IObserverMeasurer *, void *>>>::construct<std::_List_node<IObserverMeasurer *, void *> *, std::_List_node<IObserverMeasurer *, void *> *&>(std::_List_node<IObserverMeasurer *, void *> * *, std::_List_node<IObserverMeasurer *, void *> *& &&...)
                         0x800'1e49   0x18  Code  Gb  Voltage.o [1]
void std::allocator<std::_List_node<IObserver *, void *>>::construct<IObserver *, IObserver *>(IObserver * *, IObserver * &&...)
                         0x800'1f09   0x20  Code  Gb  Solver.o [1]
void std::allocator<std::_List_node<IObserver *, void *>>::construct<std::_List_node<IObserver *, void *> *, std::_List_node<IObserver *, void *> *&>(std::_List_node<IObserver *, void *> * *, std::_List_node<IObserver *, void *> *& &&...)
                         0x800'1fd5   0x20  Code  Gb  Solver.o [1]
void std::allocator<std::_List_node<IObserverMeasurer *, void *>>::construct<IObserverMeasurer *, IObserverMeasurer *>(IObserverMeasurer * *, IObserverMeasurer * &&...)
                         0x800'1f5d   0x20  Code  Gb  Voltage.o [1]
void std::allocator<std::_List_node<IObserverMeasurer *, void *>>::construct<std::_List_node<IObserverMeasurer *, void *> *, std::_List_node<IObserverMeasurer *, void *> *&>(std::_List_node<IObserverMeasurer *, void *> * *, std::_List_node<IObserverMeasurer *, void *> *& &&...)
                         0x800'2025   0x20  Code  Gb  Voltage.o [1]
void std::allocator_traits<std::allocator<std::_List_node<IObserver *, void *>>>::construct<IObserver *, IObserver *>(std::allocator<std::_List_node<IObserver *, void *>>&, IObserver * *, IObserver * &&...)
                         0x800'1dff   0x18  Code  Gb  Solver.o [1]
void std::allocator_traits<std::allocator<std::_List_node<IObserver *, void *>>>::construct<std::_List_node<IObserver *, void *> *, std::_List_node<IObserver *, void *> *&>(std::allocator<std::_List_node<IObserver *, void *>>&, std::_List_node<IObserver *, void *> * *, std::_List_node<IObserver *, void *> *& &&...)
                         0x800'1ef1   0x18  Code  Gb  Solver.o [1]
void std::allocator_traits<std::allocator<std::_List_node<IObserverMeasurer *, void *>>>::construct<IObserverMeasurer *, IObserverMeasurer *>(std::allocator<std::_List_node<IObserverMeasurer *, void *>>&, IObserverMeasurer * *, IObserverMeasurer * &&...)
                         0x800'1e65   0x18  Code  Gb  Voltage.o [1]
void std::allocator_traits<std::allocator<std::_List_node<IObserverMeasurer *, void *>>>::construct<std::_List_node<IObserverMeasurer *, void *> *, std::_List_node<IObserverMeasurer *, void *> *&>(std::allocator<std::_List_node<IObserverMeasurer *, void *>>&, std::_List_node<IObserverMeasurer *, void *> * *, std::_List_node<IObserverMeasurer *, void *> *& &&...)
                         0x800'1f45   0x18  Code  Gb  Voltage.o [1]
void std::list<IObserver *, std::allocator<IObserver *>>::_Insert<IObserver *>(std::_List_unchecked_const_iterator<std::_List_val<std::_List_simple_types<IObserver *>>, std::_Iterator_base0>, IObserver * &&...)
                         0x800'195b   0x4a  Code  Gb  Solver.o [1]
void std::list<IObserverMeasurer *, std::allocator<IObserverMeasurer *>>::_Insert<IObserverMeasurer *>(std::_List_unchecked_const_iterator<std::_List_val<std::_List_simple_types<IObserverMeasurer *>>, std::_Iterator_base0>, IObserverMeasurer * &&...)
                         0x800'1a71   0x4a  Code  Gb  Voltage.o [1]


[1] = C:\Users\User\Desktop\projects\stm32Labs\Lab7_ADC\Debug\Obj
[2] = dl7M_tln.a
[3] = dlpp7M_tl_nc.a
[4] = m7M_tls.a
[5] = rt7M_tl.a
[6] = shb_l.a

   8'377 bytes of readonly  code memory
     475 bytes of readonly  data memory
  16'924 bytes of readwrite data memory

Errors: none
Warnings: none
