###############################################################################
#
# IAR ELF Linker V8.40.2.214/W32 for ARM                  19/Feb/2021  03:33:48
# Copyright 2007-2019 IAR Systems AB.
#
#    Output file  =
#        C:\Users\User\Desktop\projects\stm32Labs\Lab7_ADC\Debug\Exe\lab7.out
#    Map file     =
#        C:\Users\User\Desktop\projects\stm32Labs\Lab7_ADC\Debug\List\lab7.map
#    Command line =
#        -f C:\Users\User\AppData\Local\Temp\EW71A6.tmp
#        (C:\Users\User\Desktop\projects\stm32Labs\Lab7_ADC\Debug\Obj\Adc.o
#        C:\Users\User\Desktop\projects\stm32Labs\Lab7_ADC\Debug\Obj\interrupthandler.o
#        C:\Users\User\Desktop\projects\stm32Labs\Lab7_ADC\Debug\Obj\Led.o
#        C:\Users\User\Desktop\projects\stm32Labs\Lab7_ADC\Debug\Obj\main.o
#        C:\Users\User\Desktop\projects\stm32Labs\Lab7_ADC\Debug\Obj\startup.o
#        C:\Users\User\Desktop\projects\stm32Labs\Lab7_ADC\Debug\Obj\TempMeasurement.o
#        C:\Users\User\Desktop\projects\stm32Labs\Lab7_ADC\Debug\Obj\Voltage.o
#        --no_out_extension -o
#        C:\Users\User\Desktop\projects\stm32Labs\Lab7_ADC\Debug\Exe\lab7.out
#        --redirect _Printf=_PrintfFullNoMb --redirect _Scanf=_ScanfFullNoMb
#        --map
#        C:\Users\User\Desktop\projects\stm32Labs\Lab7_ADC\Debug\List\lab7.map
#        --config "C:\Program Files\IAR Systems\Embedded Workbench
#        8.3\arm\config\linker\ST\stm32f411xE.icf" --semihosting --entry
#        __iar_program_start --vfe --text_out locale)
#
###############################################################################

*******************************************************************************
*** RUNTIME MODEL ATTRIBUTES
***

CppFlavor                     = *
__CPP_Exceptions              = Disabled
__CPP_Language                = C++14
__Heap_Handler                = DLMalloc
__SystemLibrary               = DLib
__dlib_dynamic_initialization = normal
__dlib_version                = 6


*******************************************************************************
*** HEAP SELECTION
***

The advanced heap was selected because the application calls memory
allocation functions outside of system library functions, and there
are calls to deallocation functions in the application.


*******************************************************************************
*** PLACEMENT SUMMARY
***

"A0":  place at address 0x800'0000 { ro section .intvec };
"P1":  place in [from 0x800'0000 to 0x807'ffff] { ro };
define block CSTACK with size = 8K, alignment = 8 { };
define block HEAP with size = 8K, alignment = 8 { };
"P2":  place in [from 0x2000'0000 to 0x2001'ffff] {
          rw, block CSTACK, block HEAP };
initialize by copy { rw };

  Section                Kind         Address    Size  Object
  -------                ----         -------    ----  ------
"A0":                                            0xbc
  .intvec                const     0x800'0000    0xbc  startup.o [1]
                                 - 0x800'00bc    0xbc

"P1":                                          0x5540
  .text                  ro code   0x800'00bc  0x149c  dlmalloc.o [2]
  .text                  ro code   0x800'1558     0x6  abort.o [2]
  .text                  ro code   0x800'155e    0x3a  zero_init3.o [5]
  .text                  ro code   0x800'1598    0x2c  xgetmemchunk.o [2]
  .text                  ro code   0x800'15c4    0x14  exit.o [6]
  .text                  ro code   0x800'15d8    0x7c  iarttio.o [6]
  .text                  ro code   0x800'1654    0x3c  XShttio.o [2]
  .text                  ro code   0x800'1690   0xfaa  xprintffull_nomb.o [2]
  .text                  ro code   0x800'263a    0x2e  copy_init3.o [5]
  .text                  ro code   0x800'2668    0x16  strchr.o [5]
  .text                  ro code   0x800'267e     0xa  xsprout.o [2]
  .text                  ro code   0x800'2688    0x40  xfail_s.o [2]
  .text                  ro code   0x800'26c8    0x36  strlen.o [5]
  .text                  ro code   0x800'26fe     0x6  iostream_cout.o [3]
  .text                  ro code   0x800'2704    0x58  memchr.o [5]
  .text                  ro code   0x800'275c    0x76  ABImemcpy_unaligned.o [5]
  .rodata                const     0x800'27d2     0x2  Voltage.o [1]
  .text                  ro code   0x800'27d4    0x70  frexp.o [4]
  .text                  ro code   0x800'2844    0x2e  DblCmpLe.o [4]
  .text                  ro code   0x800'2872     0x2  Adc.o [1]
  .text                  ro code   0x800'2874    0x2e  DblCmpGe.o [4]
  .text                  ro code   0x800'28a2     0x2  startup.o [1]
  .text                  ro code   0x800'28a4   0x13a  ldexp.o [4]
  .text                  ro code   0x800'29de     0x2  Voltage.o [1]
  .text                  ro code   0x800'29e0    0x3a  DblToS32.o [4]
  .text                  ro code   0x800'2a1a     0x2  iostream_cout.o [3]
  .text                  ro code   0x800'2a1c    0x22  S32ToDbl.o [4]
  .text                  ro code   0x800'2a3e     0x2  iostream_cout.o [3]
  .text                  ro code   0x800'2a40    0xe2  DblSub.o [4]
  .rodata                const     0x800'2b22     0x1  Voltage.o [1]
  .rodata                const     0x800'2b23     0x1  Voltage.o [1]
  .text                  ro code   0x800'2b24   0x246  DblDiv.o [4]
  .rodata                const     0x800'2d6a     0x1  unwind_debug.o [6]
  .text                  ro code   0x800'2d6c    0x28  DblToU32.o [4]
  .text                  ro code   0x800'2d94    0x1a  U32ToDbl.o [4]
  .text                  ro code   0x800'2db0   0x1a2  DblMul.o [4]
  .text                  ro code   0x800'2f54   0x230  I64DivMod.o [5]
  .text                  ro code   0x800'3184   0x16a  DblAdd.o [4]
  .text                  ro code   0x800'32f0     0x2  I64DivZer.o [5]
  .text                  ro code   0x800'32f4   0x2ac  Voltage.o [1]
  .text                  ro code   0x800'35a0     0x4  Voltage.o [1]
  .text                  ro code   0x800'35a4     0x6  Voltage.o [1]
  .text                  ro code   0x800'35aa    0x22  strcspn.o [2]
  .text                  ro code   0x800'35cc    0x20  Voltage.o [1]
  .text                  ro code   0x800'35ec     0x6  Voltage.o [1]
  .text                  ro code   0x800'35f2    0x2a  Voltage.o [1]
  .text                  ro code   0x800'361c     0xc  Voltage.o [1]
  .text                  ro code   0x800'3628    0x12  Voltage.o [1]
  .text                  ro code   0x800'363c    0x30  Voltage.o [1]
  .text                  ro code   0x800'366c     0xa  Voltage.o [1]
  .text                  ro code   0x800'3676     0xa  Voltage.o [1]
  .text                  ro code   0x800'3680    0x96  Voltage.o [1]
  .text                  ro code   0x800'3716     0xa  Voltage.o [1]
  .text                  ro code   0x800'3720     0xc  Voltage.o [1]
  .text                  ro code   0x800'372c     0xa  Voltage.o [1]
  .text                  ro code   0x800'3736     0x4  Voltage.o [1]
  .text                  ro code   0x800'373a    0x2e  Voltage.o [1]
  .text                  ro code   0x800'3768    0x2e  Voltage.o [1]
  .text                  ro code   0x800'3796     0x8  Voltage.o [1]
  .text                  ro code   0x800'379e    0x12  Voltage.o [1]
  .text                  ro code   0x800'37b0    0x18  Voltage.o [1]
  .text                  ro code   0x800'37c8     0x8  Voltage.o [1]
  .text                  ro code   0x800'37d0    0x7a  Voltage.o [1]
  .text                  ro code   0x800'384a    0x3a  Voltage.o [1]
  .text                  ro code   0x800'3884     0xc  Voltage.o [1]
  .text                  ro code   0x800'3890    0x18  Voltage.o [1]
  .text                  ro code   0x800'38a8     0xa  cxxabi.o [3]
  .text                  ro code   0x800'38b2     0xa  Voltage.o [1]
  .text                  ro code   0x800'38bc    0x7a  Voltage.o [1]
  .text                  ro code   0x800'3936    0x12  Voltage.o [1]
  .text                  ro code   0x800'3948    0x2a  Voltage.o [1]
  .text                  ro code   0x800'3972    0x28  Voltage.o [1]
  .text                  ro code   0x800'399a     0xc  Voltage.o [1]
  .text                  ro code   0x800'39a6     0xa  Voltage.o [1]
  .text                  ro code   0x800'39b0     0x2  Voltage.o [1]
  .text                  ro code   0x800'39b2    0x2e  Voltage.o [1]
  .text                  ro code   0x800'39e0     0x2  Voltage.o [1]
  .text                  ro code   0x800'39e2     0x8  Voltage.o [1]
  .text                  ro code   0x800'39ec    0x18  Voltage.o [1]
  .text                  ro code   0x800'3a04     0xa  Voltage.o [1]
  .text                  ro code   0x800'3a0e     0x8  Voltage.o [1]
  .text                  ro code   0x800'3a16     0x8  Voltage.o [1]
  .text                  ro code   0x800'3a1e     0x8  Voltage.o [1]
  .text                  ro code   0x800'3a26     0x8  Voltage.o [1]
  .text                  ro code   0x800'3a2e    0x12  Voltage.o [1]
  .text                  ro code   0x800'3a40     0x8  Voltage.o [1]
  .text                  ro code   0x800'3a48     0x8  Voltage.o [1]
  .text                  ro code   0x800'3a50    0x12  Voltage.o [1]
  .text                  ro code   0x800'3a62     0x8  Voltage.o [1]
  .text                  ro code   0x800'3a6c    0xa0  cppinit.o [2]
  .text                  ro code   0x800'3b0c    0x18  Voltage.o [1]
  .text                  ro code   0x800'3b24    0xd6  Voltage.o [1]
  .text                  ro code   0x800'3bfc    0x78  ABImemmove_unaligned.o [5]
  .text                  ro code   0x800'3c74     0x6  Voltage.o [1]
  .text                  ro code   0x800'3c7a    0x10  Voltage.o [1]
  .text                  ro code   0x800'3c8a     0x8  Voltage.o [1]
  .text                  ro code   0x800'3c92    0x12  Voltage.o [1]
  .text                  ro code   0x800'3ca4    0x32  Voltage.o [1]
  .text                  ro code   0x800'3cd6    0x12  Voltage.o [1]
  .text                  ro code   0x800'3ce8     0xc  Voltage.o [1]
  .text                  ro code   0x800'3cf4    0x1c  Voltage.o [1]
  .text                  ro code   0x800'3d10     0x2  Voltage.o [1]
  .text                  ro code   0x800'3d12     0x8  Voltage.o [1]
  .text                  ro code   0x800'3d1a     0x2  Voltage.o [1]
  .text                  ro code   0x800'3d1c     0xc  Voltage.o [1]
  .text                  ro code   0x800'3d28     0x2  Voltage.o [1]
  .text                  ro code   0x800'3d2c    0x28  Voltage.o [1]
  .text                  ro code   0x800'3d54     0x8  Voltage.o [1]
  .text                  ro code   0x800'3d5c     0x8  Voltage.o [1]
  .text                  ro code   0x800'3d64     0x8  Voltage.o [1]
  .text                  ro code   0x800'3d6c     0x2  Voltage.o [1]
  .text                  ro code   0x800'3d6e    0x18  Voltage.o [1]
  .text                  ro code   0x800'3d88    0x66  ABImemset.o [5]
  .text                  ro code   0x800'3dee     0x2  Voltage.o [1]
  .text                  ro code   0x800'3df0    0x18  Voltage.o [1]
  .text                  ro code   0x800'3e08     0xe  Voltage.o [1]
  .text                  ro code   0x800'3e16     0x4  Voltage.o [1]
  .text                  ro code   0x800'3e1a     0x2  Voltage.o [1]
  .text                  ro code   0x800'3e1c     0x8  Voltage.o [1]
  .text                  ro code   0x800'3e24     0xa  Voltage.o [1]
  .text                  ro code   0x800'3e2e     0x2  Voltage.o [1]
  .text                  ro code   0x800'3e30     0x8  Voltage.o [1]
  .text                  ro code   0x800'3e38    0x70  Voltage.o [1]
  .text                  ro code   0x800'3ea8     0x4  Voltage.o [1]
  .text                  ro code   0x800'3eac     0x2  Voltage.o [1]
  .text                  ro code   0x800'3eae     0x8  Voltage.o [1]
  .text                  ro code   0x800'3eb6     0xe  Voltage.o [1]
  .text                  ro code   0x800'3ec4     0x2  Voltage.o [1]
  .text                  ro code   0x800'3ec6    0x18  Voltage.o [1]
  .text                  ro code   0x800'3ede     0x2  Voltage.o [1]
  .text                  ro code   0x800'3ee0     0xa  delop_0.o [3]
  .text                  ro code   0x800'3eea    0x34  Voltage.o [1]
  .text                  ro code   0x800'3f1e    0x1a  Voltage.o [1]
  .text                  ro code   0x800'3f38     0x6  Voltage.o [1]
  .text                  ro code   0x800'3f3e    0x12  Voltage.o [1]
  .text                  ro code   0x800'3f50    0x20  Voltage.o [1]
  .text                  ro code   0x800'3f70     0x4  heaptramp0.o [2]
  .text                  ro code   0x800'3f74    0x24  newop_0.o [3]
  .text                  ro code   0x800'3f98     0x4  Voltage.o [1]
  .text                  ro code   0x800'3f9c     0x4  nomemory.o [3]
  .text                  ro code   0x800'3fa0   0x1b2  Voltage.o [1]
  .text                  ro code   0x800'4152    0x12  Voltage.o [1]
  .text                  ro code   0x800'4164    0x72  Voltage.o [1]
  .text                  ro code   0x800'41d6     0x4  Voltage.o [1]
  .text                  ro code   0x800'41da     0x8  Voltage.o [1]
  .text                  ro code   0x800'41e2     0x6  Voltage.o [1]
  .text                  ro code   0x800'41e8     0x4  Voltage.o [1]
  .text                  ro code   0x800'41ec     0xa  Voltage.o [1]
  .text                  ro code   0x800'41f6    0x28  Voltage.o [1]
  .text                  ro code   0x800'421e     0xe  Voltage.o [1]
  .text                  ro code   0x800'422c     0x8  Voltage.o [1]
  .text                  ro code   0x800'4234    0x14  Voltage.o [1]
  .text                  ro code   0x800'4248     0x4  Voltage.o [1]
  .text                  ro code   0x800'424c    0x54  Voltage.o [1]
  .text                  ro code   0x800'42a0     0x4  Voltage.o [1]
  .text                  ro code   0x800'42a4    0x18  Voltage.o [1]
  .text                  ro code   0x800'42bc     0x8  Voltage.o [1]
  .text                  ro code   0x800'42c4    0x28  Voltage.o [1]
  .text                  ro code   0x800'42ec     0xa  Voltage.o [1]
  .text                  ro code   0x800'42f6    0x14  Voltage.o [1]
  .text                  ro code   0x800'430c   0x104  ios.o [3]
  .text                  ro code   0x800'4410     0x8  Voltage.o [1]
  .text                  ro code   0x800'4418    0x54  Voltage.o [1]
  .text                  ro code   0x800'446c     0x8  Voltage.o [1]
  .text                  ro code   0x800'4474     0x4  delop4_0.o [3]
  .text                  ro code   0x800'4478    0x48  Voltage.o [1]
  .text                  ro code   0x800'44c0    0x46  Voltage.o [1]
  .text                  ro code   0x800'4508   0x190  Voltage.o [1]
  .text                  ro code   0x800'4698     0x4  Voltage.o [1]
  .text                  ro code   0x800'469c    0x20  DblCmpEq.o [4]
  .text                  ro code   0x800'46bc    0xd2  Voltage.o [1]
  .text                  ro code   0x800'4790    0x40  sprintf.o [2]
  .text                  ro code   0x800'47d0   0x150  Voltage.o [1]
  .text                  ro code   0x800'4920     0x8  Voltage.o [1]
  .text                  ro code   0x800'4928    0x44  Adc.o [1]
  .text                  ro code   0x800'496c    0xb0  Voltage.o [1]
  .text                  ro code   0x800'4a1c     0x6  Voltage.o [1]
  .text                  ro code   0x800'4a22     0x2  Voltage.o [1]
  .text                  ro code   0x800'4a24     0x8  Adc.o [1]
  .text                  ro code   0x800'4a2c    0x20  Voltage.o [1]
  .text                  ro code   0x800'4a4c     0x8  Voltage.o [1]
  .text                  ro code   0x800'4a54    0x48  FltToDbl.o [4]
  .text                  ro code   0x800'4a9c    0x18  Voltage.o [1]
  .text                  ro code   0x800'4ab4     0x4  Voltage.o [1]
  .text                  ro code   0x800'4ab8     0x2  Adc.o [1]
  .text                  ro code   0x800'4abc    0x18  Voltage.o [1]
  .text                  ro code   0x800'4ad4     0x8  Voltage.o [1]
  .text                  ro code   0x800'4adc     0xc  Voltage.o [1]
  .text                  ro code   0x800'4ae8   0x120  TempMeasurement.o [1]
  .text                  ro code   0x800'4c08    0x46  Led.o [1]
  .text                  ro code   0x800'4c4e     0x8  Led.o [1]
  .text                  ro code   0x800'4c56     0x2  Led.o [1]
  .text                  ro code   0x800'4c58    0xec  main.o [1]
  .text                  ro code   0x800'4d44    0x90  iostream_cout.o [3]
  .text                  ro code   0x800'4dd4    0x5c  iostream_cout.o [3]
  .text                  ro code   0x800'4e30    0x7c  Voltage.o [1]
  .text                  ro code   0x800'4eac    0x22  Voltage.o [1]
  .text                  ro code   0x800'4ece    0x6c  Voltage.o [1]
  .text                  ro code   0x800'4f3a    0x76  Voltage.o [1]
  .text                  ro code   0x800'4fb0    0x60  iostream_cout.o [3]
  .text                  ro code   0x800'5010    0x52  Voltage.o [1]
  .text                  ro code   0x800'5062    0x32  Voltage.o [1]
  .rodata                const     0x800'5094    0x44  iostream_cout.o [3]
  .rodata                const     0x800'50d8    0x44  iostream_cout.o [3]
  .text                  ro code   0x800'511c    0x38  iostream_cout.o [3]
  .text                  ro code   0x800'5154    0x20  putchar.o [2]
  .text                  ro code   0x800'5174    0x10  write.o [6]
  .text                  ro code   0x800'5184    0x1e  dwrite.o [6]
  .text                  ro code   0x800'51a2    0x20  iarwstd.o [6]
  .text                  ro code   0x800'51c2    0x22  iarwrite.o [6]
  .rodata                const     0x800'51e4    0x30  Voltage.o [1]
  .rodata                const     0x800'5214    0x30  Voltage.o [1]
  .text                  ro code   0x800'5244    0x2e  Voltage.o [1]
  .text                  ro code   0x800'5272    0x12  Voltage.o [1]
  .rodata                const     0x800'5284    0x28  TempMeasurement.o [1]
  .rodata                const     0x800'52ac    0x28  TempMeasurement.o [1]
  .rodata                const     0x800'52d4    0x28  iostream_cout.o [3]
  .text                  ro code   0x800'52fc    0x28  data_init.o [5]
  .rodata                const     0x800'5324    0x24  Voltage.o [1]
  .rodata                const     0x800'5348    0x24  Voltage.o [1]
  .text                  ro code   0x800'536c    0x24  Voltage.o [1]
  .text                  ro code   0x800'5390    0x18  Voltage.o [1]
  .text                  ro code   0x800'53a8    0x22  fpinit_M.o [4]
  .iar.init_table        const     0x800'53cc    0x28  - Linker created -
  .rodata                const     0x800'53f4    0x20  Led.o [1]
  .text                  ro code   0x800'5414    0x20  cmain_call_ctors.o [5]
  .text                  ro code   0x800'5434    0x1e  cmain.o [5]
  .text                  ro code   0x800'5452     0x4  exit.o [2]
  .text                  ro code   0x800'5458     0xe  cexit.o [5]
  .rodata                const     0x800'5468    0x18  Adc.o [1]
  .rodata                const     0x800'5480    0x18  Voltage.o [1]
  .text                  ro code   0x800'5498    0x18  Voltage.o [1]
  .text                  ro code   0x800'54b0    0x18  Voltage.o [1]
  .text                  ro code   0x800'54c8     0x4  delaop_0.o [3]
  Initializer bytes      const     0x800'54cc    0x18  <for P2-1>
  .text                  ro code   0x800'54e4    0x14  iostream_cout.o [3]
  .rodata                const     0x800'54f8    0x10  Voltage.o [1]
  .rodata                const     0x800'5508    0x10  Voltage.o [1]
  .rodata                const     0x800'5518    0x10  Voltage.o [1]
  .rodata                const     0x800'5528    0x10  ios.o [3]
  .rodata                const     0x800'5538    0x10  iostream_cout.o [3]
  .text                  ro code   0x800'5548    0x10  startup.o [1]
  .text                  ro code   0x800'5558    0x10  TempMeasurement.o [1]
  .text                  ro code   0x800'5568    0x10  TempMeasurement.o [1]
  .text                  ro code   0x800'5578    0x10  TempMeasurement.o [1]
  .text                  ro code   0x800'5588    0x10  TempMeasurement.o [1]
  .text                  ro code   0x800'5598     0xe  Voltage.o [1]
  .text                  ro code   0x800'55a6     0x8  Voltage.o [1]
  .text                  ro code   0x800'55ae     0xe  iostream_cout.o [3]
  .text                  ro code   0x800'55bc     0xa  Voltage.o [1]
  .rodata                const     0x800'55c8     0x8  Voltage.o [1]
  .rodata                const     0x800'55d0     0x8  Voltage.o [1]
  .rodata                const     0x800'55d8     0x8  xprintffull_nomb.o [2]
  SHT$$PREINIT_ARRAY               0x800'55e0     0x4  <Block>
    .preinit_array       const     0x800'55e0     0x4  iostream_cout.o [3]
  SHT$$INIT_ARRAY                  0x800'55e4     0x4  <Block>
    .init_array          const     0x800'55e4     0x4  ios.o [3]
  __iar_tls$$INIT_ARRAY            0x800'55e8     0x0  <Block>
  .rodata                const     0x800'55e8     0x4  Voltage.o [1]
  .rodata                const     0x800'55ec     0x4  Voltage.o [1]
  .text                  ro code   0x800'55f0     0x4  Voltage.o [1]
  .text                  ro code   0x800'55f4     0x4  Voltage.o [1]
  .text                  ro code   0x800'55f8     0x4  iostream_cout.o [3]
  .text                  ro code   0x800'55fc     0x0  cstart_call_dtors.o [5]
  .rodata                const     0x800'55fc     0x0  zero_init3.o [5]
  .rodata                const     0x800'55fc     0x0  copy_init3.o [5]
                                 - 0x800'55fc  0x5540

"P2", part 1 of 3:                               0x18
  P2-1                            0x2000'0000    0x18  <Init block>
    .data                inited   0x2000'0000     0x8  TempMeasurement.o [1]
    .data                inited   0x2000'0008     0x8  TempMeasurement.o [1]
    .data                inited   0x2000'0010     0x8  XShttio.o [2]
                                - 0x2000'0018    0x18

"P2", part 2 of 3:                              0x2d8
  .bss                   zero     0x2000'0018   0x1d8  dlmalloc.o [2]
  .bss                   zero     0x2000'01f0    0x70  iostream_cout.o [3]
  .bss                   zero     0x2000'0260    0x34  ios.o [3]
  .bss                   zero     0x2000'0294    0x18  dlmalloc.o [2]
  .bss                   zero     0x2000'02ac    0x14  Voltage.o [1]
  .bss                   zero     0x2000'02c0    0x10  ios.o [3]
  .bss                   zero     0x2000'02d0     0x4  Voltage.o [1]
  .bss                   zero     0x2000'02d4     0x4  Voltage.o [1]
  .bss                   zero     0x2000'02d8     0x4  cppinit.o [2]
  .bss                   zero     0x2000'02dc     0x4  cppinit.o [2]
  .bss                   zero     0x2000'02e0     0x4  new.o [3]
  .bss                   zero     0x2000'02e4     0x4  xfail_s.o [2]
  .bss                   zero     0x2000'02e8     0x4  xgetmemchunk.o [2]
  .bss                   zero     0x2000'02ec     0x1  Voltage.o [1]
  .bss                   zero     0x2000'02ed     0x1  Voltage.o [1]
  .bss                   zero     0x2000'02ee     0x1  Voltage.o [1]
  .bss                   zero     0x2000'02ef     0x1  XShttio.o [2]
                                - 0x2000'02f0   0x2d8

"P2", part 3 of 3:                             0x41a8
  .iar.dynexit                    0x2000'02f0   0x1a4  <Block>
    .iar.dynexit         uninit   0x2000'02f0     0xc  cppinit.o [2]
    .iar.dynexit         uninit   0x2000'02fc   0x198  <Block tail>
  CSTACK                          0x2000'0498  0x2000  <Block>
    CSTACK               uninit   0x2000'0498  0x2000  <Block tail>
  HEAP                            0x2000'2498  0x2000  <Block>
    HEAP                 uninit   0x2000'2498  0x2000  <Block tail>
                                - 0x2000'4498  0x41a8

Unused ranges:

         From           To      Size
         ----           --      ----
   0x800'55fc   0x807'ffff  0x7'aa04
  0x2000'4498  0x2001'ffff  0x1'bb68


*******************************************************************************
*** INIT TABLE
***

          Address      Size
          -------      ----
Zero (__iar_zero_init3)
    1 destination range, total size 0x2d8:
          0x2000'0018  0x2d8

Copy (__iar_copy_init3)
    1 source range, total size 0x18:
           0x800'54cc   0x18
    1 destination range, total size 0x18:
          0x2000'0000   0x18

Extra (__iar_cstart_call_ctors)



*******************************************************************************
*** MODULE SUMMARY
***

    Module                  ro code  ro data  rw data
    ------                  -------  -------  -------
command line/config:
    -------------------------------------------------
    Total:

C:\Users\User\Desktop\projects\stm32Labs\Lab7_ADC\Debug\Obj: [1]
    Adc.o                        80       24
    Led.o                        80       32
    TempMeasurement.o           352       96       16
    Voltage.o                 5'852      268       31
    main.o                      236
    startup.o                    18      188
    -------------------------------------------------
    Total:                    6'618      608       47

dl7M_tln.a: [2]
    XShttio.o                    60        8        9
    abort.o                       6
    cppinit.o                   160                20
    dlmalloc.o                5'276               496
    exit.o                        4
    heaptramp0.o                  4
    putchar.o                    32
    sprintf.o                    64
    strcspn.o                    34
    xfail_s.o                    64                 4
    xgetmemchunk.o               44                 4
    xprintffull_nomb.o        4'010        8
    xsprout.o                    10
    -------------------------------------------------
    Total:                    9'768       16      533

dlpp7M_tl_nc.a: [3]
    cxxabi.o                     10
    delaop_0.o                    4
    delop4_0.o                    4
    delop_0.o                    10
    ios.o                       260       20       68
    iostream_cout.o             436      196      112
    new.o                                           4
    newop_0.o                    36
    nomemory.o                    4
    -------------------------------------------------
    Total:                      764      216      184

m7M_tls.a: [4]
    DblAdd.o                    362
    DblCmpEq.o                   32
    DblCmpGe.o                   46
    DblCmpLe.o                   46
    DblDiv.o                    582
    DblMul.o                    418
    DblSub.o                    226
    DblToS32.o                   58
    DblToU32.o                   40
    FltToDbl.o                   72
    S32ToDbl.o                   34
    U32ToDbl.o                   26
    fpinit_M.o                   34
    frexp.o                     112
    ldexp.o                     314
    -------------------------------------------------
    Total:                    2'402

rt7M_tl.a: [5]
    ABImemcpy_unaligned.o       118
    ABImemmove_unaligned.o      120
    ABImemset.o                 102
    I64DivMod.o                 560
    I64DivZer.o                   2
    cexit.o                      14
    cmain.o                      30
    cmain_call_ctors.o           32
    copy_init3.o                 46
    cstart_call_dtors.o
    data_init.o                  40
    memchr.o                     88
    strchr.o                     22
    strlen.o                     54
    zero_init3.o                 58
    -------------------------------------------------
    Total:                    1'286

shb_l.a: [6]
    dwrite.o                     30
    exit.o                       20
    iarttio.o                   124
    iarwrite.o                   34
    iarwstd.o                    32
    unwind_debug.o                         1
    write.o                      16
    -------------------------------------------------
    Total:                      256        1

    Gaps                         31        6
    Linker created                        40   16'792
-----------------------------------------------------
    Grand Total:             21'125      887   17'556


*******************************************************************************
*** ENTRY LIST
***

Entry                       Address   Size  Type      Object
-----                       -------   ----  ----      ------
.iar.dynexit$$Base      0x2000'02f0          --   Gb  - Linker created -
.iar.dynexit$$Limit     0x2000'0494          --   Gb  - Linker created -
.iar.init_table$$Base    0x800'53cc          --   Gb  - Linker created -
.iar.init_table$$Limit   0x800'53f4          --   Gb  - Linker created -
?main                    0x800'5435         Code  Gb  cmain.o [5]
Adc::Adc()               0x800'4929   0x12  Code  Gb  Adc.o [1]
Adc::Convert()           0x800'493b   0x26  Code  Gb  Adc.o [1]
Adc::~Adc()              0x800'2873    0x2  Code  Gb  Adc.o [1]
CSTACK$$Base            0x2000'0498          --   Gb  - Linker created -
CSTACK$$Limit           0x2000'2498          --   Gb  - Linker created -
DtorRecArray            0x2000'02f0    0xc  Data  Lc  cppinit.o [2]
HEAP$$Base              0x2000'2498          --   Gb  - Linker created -
HEAP$$Limit             0x2000'4498          --   Gb  - Linker created -
IAdc::IAdc()             0x800'4ab9    0x2  Code  Gb  Adc.o [1]
IAdc::IAdc() [subobject]
                         0x800'4a25    0x8  Code  Gb  Adc.o [1]
ILed::ILed()             0x800'4c57    0x2  Code  Gb  Led.o [1]
ILed::ILed() [subobject]
                         0x800'4c4f    0x8  Code  Gb  Led.o [1]
IVoltage::IVoltage()     0x800'4a23    0x2  Code  Gb  Voltage.o [1]
IVoltage::IVoltage() [subobject]
                         0x800'4921    0x8  Code  Gb  Voltage.o [1]
Initialization guard variable for std::ctype<char> const & std::use_facet<std::ctype<char>>()::_MyFacet
                        0x2000'02ed    0x1  Data  Gb  Voltage.o [1]
Initialization guard variable for std::num_put<char, std::ostreambuf_iterator<char, std::char_traits<char>>> const & std::use_facet<std::num_put<char, std::ostreambuf_iterator<char, std::char_traits<char>>>>()::_MyFacet
                        0x2000'02ec    0x1  Data  Gb  Voltage.o [1]
Initialization guard variable for std::numpunct<char> const & std::use_facet<std::numpunct<char>>()::_MyFacet
                        0x2000'02ee    0x1  Data  Gb  Voltage.o [1]
InterruptHandler::DummyHandler()
                         0x800'28a3    0x2  Code  Gb  startup.o [1]
Led::Led(unsigned char, IPortSet &)
                         0x800'4c09   0x1a  Code  Gb  Led.o [1]
Led::SetHigh()           0x800'4c2b   0x12  Code  Gb  Led.o [1]
Led::SetLow()            0x800'4c3d   0x12  Code  Gb  Led.o [1]
Led::~Led()              0x800'4c29    0x2  Code  Gb  Led.o [1]
Port<GPIOA>::SetHigh(unsigned char)
                         0x800'5569   0x10  Code  Gb  TempMeasurement.o [1]
Port<GPIOA>::SetLow(unsigned char)
                         0x800'5589   0x10  Code  Gb  TempMeasurement.o [1]
Port<GPIOC>::SetHigh(unsigned char)
                         0x800'5559   0x10  Code  Gb  TempMeasurement.o [1]
Port<GPIOC>::SetLow(unsigned char)
                         0x800'5579   0x10  Code  Gb  TempMeasurement.o [1]
Region$$Table$$Base      0x800'53cc          --   Gb  - Linker created -
Region$$Table$$Limit     0x800'53f4          --   Gb  - Linker created -
SHT$$INIT_ARRAY$$Base    0x800'55e4          --   Gb  - Linker created -
SHT$$INIT_ARRAY$$Limit   0x800'55e8          --   Gb  - Linker created -
SHT$$PREINIT_ARRAY$$Base
                         0x800'55e0          --   Gb  - Linker created -
SHT$$PREINIT_ARRAY$$Limit
                         0x800'55e4          --   Gb  - Linker created -
TempMeasurement::Run()   0x800'4aeb  0x116  Code  Gb  TempMeasurement.o [1]
TempMeasurement::TempMeasurement()
                         0x800'4ae9    0x2  Code  Gb  TempMeasurement.o [1]
Virtual function table for Adc
                         0x800'5468   0x18  Data  Gb  Adc.o [1]
Virtual function table for Led
                         0x800'53f4   0x20  Data  Gb  Led.o [1]
Virtual function table for Port<GPIOA>
                         0x800'52ac   0x28  Data  Gb  TempMeasurement.o [1]
Virtual function table for Port<GPIOC>
                         0x800'5284   0x28  Data  Gb  TempMeasurement.o [1]
Virtual function table for Voltage
                         0x800'5480   0x18  Data  Gb  Voltage.o [1]
Virtual function table for std::_Wrap_facet<std::ctype<char>>
                         0x800'5508   0x10  Data  Gb  Voltage.o [1]
Virtual function table for std::_Wrap_facet<std::num_put<char, std::ostreambuf_iterator<char, std::char_traits<char>>>>
                         0x800'5214   0x30  Data  Gb  Voltage.o [1]
Virtual function table for std::_Wrap_facet<std::numpunct<char>>
                         0x800'5348   0x24  Data  Gb  Voltage.o [1]
Virtual function table for std::__nobasic_filebuf<char, std::char_traits<char>>
                         0x800'50d8   0x44  Data  Gb  iostream_cout.o [3]
Virtual function table for std::ctype<char>
                         0x800'54f8   0x10  Data  Gb  Voltage.o [1]
Virtual function table for std::ios
                         0x800'5538   0x10  Data  Gb  iostream_cout.o [3]
Virtual function table for std::ios_base
                         0x800'5528   0x10  Data  Gb  ios.o [3]
Virtual function table for std::num_put<char, std::ostreambuf_iterator<char, std::char_traits<char>>>
                         0x800'51e4   0x30  Data  Gb  Voltage.o [1]
Virtual function table for std::numpunct<char>
                         0x800'5324   0x24  Data  Gb  Voltage.o [1]
Virtual function table for std::ostream
                         0x800'52d4   0x28  Data  Gb  iostream_cout.o [3]
Virtual function table for std::streambuf
                         0x800'5094   0x44  Data  Gb  iostream_cout.o [3]
Voltage::GetNumOfLeds()
                         0x800'4821   0xda  Code  Gb  Voltage.o [1]
Voltage::InvokeAdcConversions()
                         0x800'47f9   0x28  Code  Gb  Voltage.o [1]
Voltage::Voltage()       0x800'47d1   0x28  Code  Gb  Voltage.o [1]
Voltage::~Voltage()      0x800'29df    0x2  Code  Gb  Voltage.o [1]
[local to ios_cpp]::std::stdopens
                        0x2000'0260    0xc  Data  Lc  ios.o [3]
[local to ios_cpp]::std::stdstr
                        0x2000'026c   0x28  Data  Lc  ios.o [3]
[local to iostream_cout_cpp]::std::__iarcoutguard
                        0x2000'021c    0x1  Data  Lc  iostream_cout.o [3]
[local to iostream_cout_cpp]::std::fout
                        0x2000'0220   0x40  Data  Lc  iostream_cout.o [3]
_LitobFullNoMb           0x800'2435  0x10a  Code  Lc  xprintffull_nomb.o [2]
_PrintfFullNoMb          0x800'1691  0xd80  Code  Gb  xprintffull_nomb.o [2]
_PutcharFullNoMb         0x800'25a5   0x20  Code  Lc  xprintffull_nomb.o [2]
_PutcharsFullNoMb        0x800'25c5   0x2e  Code  Lc  xprintffull_nomb.o [2]
_SProut                  0x800'267f    0xa  Code  Gb  xsprout.o [2]
__aeabi_atexit           0x800'38a9    0xa  Code  Gb  cxxabi.o [3]
__aeabi_cdcmpeq          0x800'469d         Code  Gb  DblCmpEq.o [4]
__aeabi_cdcmple          0x800'2845         Code  Gb  DblCmpLe.o [4]
__aeabi_cdrcmple         0x800'2875         Code  Gb  DblCmpGe.o [4]
__aeabi_d2iz             0x800'29e1         Code  Gb  DblToS32.o [4]
__aeabi_d2uiz            0x800'2d6d         Code  Gb  DblToU32.o [4]
__aeabi_ddiv             0x800'2b25         Code  Gb  DblDiv.o [4]
__aeabi_dmul             0x800'2db1         Code  Gb  DblMul.o [4]
__aeabi_dsub             0x800'2a41         Code  Gb  DblSub.o [4]
__aeabi_f2d              0x800'4a55         Code  Gb  FltToDbl.o [4]
__aeabi_i2d              0x800'2a1d         Code  Gb  S32ToDbl.o [4]
__aeabi_ldiv0            0x800'32f1         Code  Gb  I64DivZer.o [5]
__aeabi_memset           0x800'3d89         Code  Gb  ABImemset.o [5]
__aeabi_ui2d             0x800'2d95         Code  Gb  U32ToDbl.o [4]
__aeabi_uldivmod         0x800'2f55         Code  Gb  I64DivMod.o [5]
__call_ctors             0x800'3a6d   0x18  Code  Gb  cppinit.o [2]
__call_dtors             0x800'3abb    0xc  Code  Gb  cppinit.o [2]
__call_dtors0            0x800'3ac7   0x36  Code  Gb  cppinit.o [2]
__cexit_call_dtors       0x800'545b         Code  Gb  cexit.o [5]
__cmain                  0x800'5435         Code  Gb  cmain.o [5]
__cstart_call_dtors      0x800'55fc         Data  Gb  cstart_call_dtors.o [5]
__cxa_atexit             0x800'3a85   0x36  Code  Gb  cppinit.o [2]
__data_GetMemChunk       0x800'1599   0x2c  Code  Gb  xgetmemchunk.o [2]
__data_GetMemChunk::start
                        0x2000'02e8    0x4  Data  Lc  xgetmemchunk.o [2]
__dso_handle            0x2000'02dc    0x4  Data  Gb  cppinit.o [2]
__dwrite                 0x800'5185   0x1e  Code  Gb  dwrite.o [6]
__exit                   0x800'15c5   0x14  Code  Gb  exit.o [6]
__iar_Fail_s             0x800'2689   0x1c  Code  Gb  xfail_s.o [2]
__iar_Memchr             0x800'2705         Code  Gb  memchr.o [5]
__iar_Memset             0x800'3d89         Code  Gb  ABImemset.o [5]
__iar_Memset_word        0x800'3d91         Code  Gb  ABImemset.o [5]
__iar_Strchr             0x800'2669         Code  Gb  strchr.o [5]
__iar_close_ttio         0x800'15d9   0x2c  Code  Gb  iarttio.o [6]
__iar_copy_init3         0x800'263b   0x2e  Code  Gb  copy_init3.o [5]
__iar_cstart_call_ctors
                         0x800'5415   0x20  Code  Gb  cmain_call_ctors.o [5]
__iar_dadd               0x800'2a51         Code  Gb  DblSub.o [4]
__iar_data_init3         0x800'52fd   0x28  Code  Gb  data_init.o [5]
__iar_debug_exceptions   0x800'2d6a    0x1  Data  Gb  unwind_debug.o [6]
__iar_dlfree             0x800'1033  0x51e  Code  Gb  dlmalloc.o [2]
__iar_dlmalloc           0x800'0145  0xeee  Code  Gb  dlmalloc.o [2]
__iar_dsub               0x800'3185         Code  Gb  DblAdd.o [4]
__iar_dsubStart          0x800'3197         Code  Gb  DblAdd.o [4]
__iar_frexp              0x800'27e1         Code  Gb  frexp.o [4]
__iar_frexpl             0x800'27e1         Code  Gb  frexp.o [4]
__iar_get_ttio           0x800'1605   0x4c  Code  Gb  iarttio.o [6]
__iar_init_vfp           0x800'53a9         Code  Gb  fpinit_M.o [4]
__iar_ldexp64            0x800'28a5         Code  Gb  ldexp.o [4]
__iar_lookup_ttioh       0x800'1683    0x4  Code  Gb  XShttio.o [2]
__iar_program_start      0x800'5549   0x10  Code  Gb  startup.o [1]
__iar_scalbln64          0x800'28a5         Code  Gb  ldexp.o [4]
__iar_scalbn64           0x800'28a5         Code  Gb  ldexp.o [4]
__iar_sh_stdout          0x800'51a3   0x20  Code  Gb  iarwstd.o [6]
__iar_sh_write           0x800'51c3   0x22  Code  Gb  iarwrite.o [6]
__iar_softfp___iar_frexp64
                         0x800'27d5         Code  Gb  frexp.o [4]
__iar_softfp_frexp       0x800'27d5         Code  Gb  frexp.o [4]
__iar_softfp_frexpl      0x800'27d5         Code  Gb  frexp.o [4]
__iar_tls$$INIT_ARRAY$$Base
                         0x800'55e8          --   Gb  - Linker created -
__iar_tls$$INIT_ARRAY$$Limit
                         0x800'55e8          --   Gb  - Linker created -
__iar_ttio_guard_lock    0x800'1655   0x1e  Code  Gb  XShttio.o [2]
__iar_ttio_guard_unlock
                         0x800'1673   0x10  Code  Gb  XShttio.o [2]
__iar_ttio_handles      0x2000'0010    0x8  Data  Lc  XShttio.o [2]
__iar_unaligned_memcpy   0x800'275d         Code  Gb  ABImemcpy_unaligned.o [5]
__iar_unaligned_memcpy4
                         0x800'277d         Code  Gb  ABImemcpy_unaligned.o [5]
__iar_unaligned_memcpy8
                         0x800'277d         Code  Gb  ABImemcpy_unaligned.o [5]
__iar_unaligned_memmove
                         0x800'3bfd         Code  Gb  ABImemmove_unaligned.o [5]
__iar_unaligned_memmove4
                         0x800'3bfd         Code  Gb  ABImemmove_unaligned.o [5]
__iar_unaligned_memmove8
                         0x800'3bfd         Code  Gb  ABImemmove_unaligned.o [5]
__iar_zero_init3         0x800'155f   0x3a  Code  Gb  zero_init3.o [5]
__low_level_init         0x800'4c59   0xb6  Code  Gb  main.o [1]
__sti__routine           0x800'430f    0xa  Code  Lc  ios.o [3]
__sti__routine           0x800'4d45   0x90  Code  Lc  iostream_cout.o [3]
__vector_table           0x800'0000   0xbc  Data  Lc  startup.o [1]
__write                  0x800'5175   0x10  Code  Gb  write.o [6]
_call_main               0x800'5441         Code  Gb  cmain.o [5]
_exit                    0x800'5459         Code  Gb  cexit.o [5]
_gm_                    0x2000'0018  0x1d8  Data  Lc  dlmalloc.o [2]
_main                    0x800'544f         Code  Gb  cmain.o [5]
abort                    0x800'1559    0x6  Code  Gb  abort.o [2]
char * && std::forward<char *>(std::remove_reference<char *>::type &)
                         0x800'3ec5    0x2  Code  Gb  Voltage.o [1]
char * std::_Addressof<char>(char &, std::integral_constant<bool, (bool)0>)
                         0x800'3d1b    0x2  Code  Gb  Voltage.o [1]
char * std::_Allocate<char>(unsigned int, char *, bool)
                         0x800'3f3f   0x12  Code  Gb  Voltage.o [1]
char * std::_Maklocstr<char>(char const *, char *)
                         0x800'3eeb   0x34  Code  Gb  Voltage.o [1]
char * std::addressof<char>(char &)
                         0x800'3a27    0x8  Code  Gb  Voltage.o [1]
char std::_Maklocchr<char>(char, char *)
                         0x800'3ea9    0x4  Code  Gb  Voltage.o [1]
const std::allocator<char>& && std::forward<const std::allocator<char>&>(std::remove_reference<const std::allocator<char>&>::type &)
                         0x800'3e1b    0x2  Code  Gb  Voltage.o [1]
exit                     0x800'5453    0x4  Code  Gb  exit.o [2]
free                     0x800'3f71    0x4  Code  Gb  heaptramp0.o [2]
init_mparams             0x800'00d7   0x2c  Code  Lc  dlmalloc.o [2]
init_top                 0x800'0103   0x34  Code  Lc  dlmalloc.o [2]
ldexp                    0x800'28a5         Code  Gb  ldexp.o [4]
ldexpl                   0x800'28a5         Code  Gb  ldexp.o [4]
main                     0x800'4d35   0x10  Code  Gb  main.o [1]
memchr                   0x800'2705         Code  Gb  memchr.o [5]
mparams                 0x2000'0294   0x18  Data  Lc  dlmalloc.o [2]
next_abi_dtor_rec       0x2000'02d8    0x4  Data  Lc  cppinit.o [2]
operator delete (void *)
                         0x800'3ee1    0xa  Code  Gb  delop_0.o [3]
operator delete (void *, unsigned int)
                         0x800'4475    0x4  Code  Gb  delop4_0.o [3]
operator delete[] (void *)
                         0x800'54c9    0x4  Code  Gb  delaop_0.o [3]
operator new (unsigned int)
                         0x800'3f75   0x24  Code  Gb  newop_0.o [3]
operator new (unsigned int, void *)
                         0x800'3f99    0x4  Code  Gb  Voltage.o [1]
portA                   0x2000'0008    0x8  Data  Gb  TempMeasurement.o [1]
portC                   0x2000'0000    0x8  Data  Gb  TempMeasurement.o [1]
putchar                  0x800'5155   0x20  Code  Gb  putchar.o [2]
scalbln                  0x800'28a5         Code  Gb  ldexp.o [4]
scalblnl                 0x800'28a5         Code  Gb  ldexp.o [4]
scalbn                   0x800'28a5         Code  Gb  ldexp.o [4]
scalbnl                  0x800'28a5         Code  Gb  ldexp.o [4]
scale                    0x800'253f   0x46  Code  Lc  xprintffull_nomb.o [2]
sec_hand                0x2000'02e4    0x4  Data  Lc  xfail_s.o [2]
segment_holding          0x800'00bd   0x1a  Code  Lc  dlmalloc.o [2]
sprintf                  0x800'4791   0x40  Code  Gb  sprintf.o [2]
std::_Compressed_pair<std::_Wrap_alloc<std::allocator<char>>, std::_String_val<std::_Simple_types<char>>, (bool)1>::_Compressed_pair<const std::allocator<char>&, >(std::_One_then_variadic_args_t, const std::allocator<char>& &&,  &&...)
                         0x800'3cf5   0x1c  Code  Gb  Voltage.o [1]
std::_Compressed_pair<std::_Wrap_alloc<std::allocator<char>>, std::_String_val<std::_Simple_types<char>>, (bool)1>::_Get_first()
                         0x800'3d11    0x2  Code  Gb  Voltage.o [1]
std::_Compressed_pair<std::_Wrap_alloc<std::allocator<char>>, std::_String_val<std::_Simple_types<char>>, (bool)1>::_Get_first() const
                         0x800'3ead    0x2  Code  Gb  Voltage.o [1]
std::_Compressed_pair<std::_Wrap_alloc<std::allocator<char>>, std::_String_val<std::_Simple_types<char>>, (bool)1>::_Get_second()
                         0x800'3d29    0x2  Code  Gb  Voltage.o [1]
std::_Compressed_pair<std::_Wrap_alloc<std::allocator<char>>, std::_String_val<std::_Simple_types<char>>, (bool)1>::_Get_second() const
                         0x800'3def    0x2  Code  Gb  Voltage.o [1]
std::_Fpz               0x2000'02c0   0x10  Data  Gb  ios.o [3]
std::_NomemoryNothrow()
                         0x800'3f9d    0x4  Code  Gb  nomemory.o [3]
std::_String_alloc<std::_String_base_types<char, std::allocator<char>>>::_Bx()
                         0x800'3a0f    0x8  Code  Gb  Voltage.o [1]
std::_String_alloc<std::_String_base_types<char, std::allocator<char>>>::_Get_data()
                         0x800'3a49    0x8  Code  Gb  Voltage.o [1]
std::_String_alloc<std::_String_base_types<char, std::allocator<char>>>::_Get_data() const
                         0x800'3c8b    0x8  Code  Gb  Voltage.o [1]
std::_String_alloc<std::_String_base_types<char, std::allocator<char>>>::_Getal()
                         0x800'3a17    0x8  Code  Gb  Voltage.o [1]
std::_String_alloc<std::_String_base_types<char, std::allocator<char>>>::_Getal() const
                         0x800'3d55    0x8  Code  Gb  Voltage.o [1]
std::_String_alloc<std::_String_base_types<char, std::allocator<char>>>::_Myptr()
                         0x800'3885    0xc  Code  Gb  Voltage.o [1]
std::_String_alloc<std::_String_base_types<char, std::allocator<char>>>::_Myptr() const
                         0x800'399b    0xc  Code  Gb  Voltage.o [1]
std::_String_alloc<std::_String_base_types<char, std::allocator<char>>>::_Myres()
                         0x800'3a05    0xa  Code  Gb  Voltage.o [1]
std::_String_alloc<std::_String_base_types<char, std::allocator<char>>>::_Mysize()
                         0x800'38b3    0xa  Code  Gb  Voltage.o [1]
std::_String_alloc<std::_String_base_types<char, std::allocator<char>>>::_Mysize() const
                         0x800'39a7    0xa  Code  Gb  Voltage.o [1]
std::_String_alloc<std::_String_base_types<char, std::allocator<char>>>::_String_alloc(const std::allocator<char>&)
                         0x800'39ed   0x18  Code  Gb  Voltage.o [1]
std::_String_alloc<std::_String_base_types<char, std::allocator<char>>>::_String_alloc(const std::allocator<char>&) [subobject]
                         0x800'37c9    0x8  Code  Gb  Voltage.o [1]
std::_String_val<std::_Simple_types<char>>::_Myptr()
                         0x800'3a51   0x12  Code  Gb  Voltage.o [1]
std::_String_val<std::_Simple_types<char>>::_Myptr() const
                         0x800'3c93   0x12  Code  Gb  Voltage.o [1]
std::_String_val<std::_Simple_types<char>>::_String_val()
                         0x800'3e25    0xa  Code  Gb  Voltage.o [1]
std::_Wrap_alloc<std::allocator<char>>::_Wrap_alloc(const std::allocator<char>&)
                         0x800'3edf    0x2  Code  Gb  Voltage.o [1]
std::_Wrap_alloc<std::allocator<char>>::_Wrap_alloc(const std::allocator<char>&) [subobject]
                         0x800'3e1d    0x8  Code  Gb  Voltage.o [1]
std::_Wrap_alloc<std::allocator<char>>::allocate(unsigned int)
                         0x800'3d65    0x8  Code  Gb  Voltage.o [1]
std::_Wrap_alloc<std::allocator<char>>::deallocate(char *, unsigned int)
                         0x800'3a41    0x8  Code  Gb  Voltage.o [1]
std::_Wrap_alloc<std::allocator<char>>::max_size(std::_Nil) const
                         0x800'3d5d    0x8  Code  Gb  Voltage.o [1]
std::_Wrap_facet<std::ctype<char>>::_Wrap_facet()
                         0x800'37b1   0x18  Code  Gb  Voltage.o [1]
std::_Wrap_facet<std::num_put<char, std::ostreambuf_iterator<char, std::char_traits<char>>>>::_Wrap_facet()
                         0x800'4abd   0x18  Code  Gb  Voltage.o [1]
std::_Wrap_facet<std::numpunct<char>>::_Wrap_facet()
                         0x800'3891   0x18  Code  Gb  Voltage.o [1]
std::_Wrap_facet<std::numpunct<char>>::~_Wrap_facet()
                         0x800'5599    0xe  Code  Gb  Voltage.o [1]
std::__iar_New_hand     0x2000'02e0    0x4  Data  Gb  new.o [3]
std::__iar_cout_guard::~__iar_cout_guard()
                         0x800'54e5   0x14  Code  Gb  iostream_cout.o [3]
std::__nobasic_filebuf<char, std::char_traits<char>>::__nobasic_filebuf()
                         0x800'4dd5   0x5c  Code  Gb  iostream_cout.o [3]
std::__nobasic_filebuf<char, std::char_traits<char>>::overflow(int)
                         0x800'511d   0x38  Code  Gb  iostream_cout.o [3]
std::allocator<char>::allocate(unsigned int)
                         0x800'3eb7    0xe  Code  Gb  Voltage.o [1]
std::allocator<char>::deallocate(char *, unsigned int)
                         0x800'3d1d    0xc  Code  Gb  Voltage.o [1]
std::allocator<char>::max_size() const
                         0x800'3f39    0x6  Code  Gb  Voltage.o [1]
std::allocator_traits<std::allocator<char>>::max_size(const std::allocator<char>&)
                         0x800'3eaf    0x8  Code  Gb  Voltage.o [1]
std::char_traits<char>::assign(char &, char const &)
                         0x800'3c75    0x6  Code  Gb  Voltage.o [1]
std::char_traits<char>::assign(char *, unsigned int, char)
                         0x800'3c7b   0x10  Code  Gb  Voltage.o [1]
std::char_traits<char>::copy(char *, char const *, unsigned int)
                         0x800'3a2f   0x12  Code  Gb  Voltage.o [1]
std::char_traits<char>::eq_int_type(int const &, int const &)
                         0x800'3cd7   0x12  Code  Gb  Voltage.o [1]
std::char_traits<char>::length(char const *)
                         0x800'4153   0x12  Code  Gb  Voltage.o [1]
std::char_traits<char>::move(char *, char const *, unsigned int)
                         0x800'3937   0x12  Code  Gb  Voltage.o [1]
std::char_traits<char>::to_int_type(char const &)
                         0x800'3e17    0x4  Code  Gb  Voltage.o [1]
std::cout               0x2000'01f0   0x2c  Data  Gb  iostream_cout.o [3]
std::ctype<char> const & std::use_facet<std::ctype<char>>()
                         0x800'35cd   0x20  Code  Gb  Voltage.o [1]
std::ctype<char> const & std::use_facet<std::ctype<char>>()::_MyFacet
                        0x2000'02d4    0x4  Data  Gb  Voltage.o [1]
std::ctype<char>::ctype()
                         0x800'3ce9    0xc  Code  Gb  Voltage.o [1]
std::ctype<char>::ctype() [subobject]
                         0x800'39e3    0x8  Code  Gb  Voltage.o [1]
std::ctype<char>::widen(char const *, char const *, char *) const
                         0x800'3629   0x12  Code  Gb  Voltage.o [1]
std::ctype<char>::widen(char) const
                         0x800'35ed    0x6  Code  Gb  Voltage.o [1]
std::ios::clear(std::_Iosb<int>::_Iostate, bool)
                         0x800'42a5   0x18  Code  Gb  Voltage.o [1]
std::ios::fill() const   0x800'41e3    0x6  Code  Gb  Voltage.o [1]
std::ios::rdbuf() const
                         0x800'41e9    0x4  Code  Gb  Voltage.o [1]
std::ios::setstate(std::_Iosb<int>::_Iostate, bool)
                         0x800'41f7   0x28  Code  Gb  Voltage.o [1]
std::ios::tie() const    0x800'4249    0x4  Code  Gb  Voltage.o [1]
std::ios::widen(char) const
                         0x800'5273   0x12  Code  Gb  Voltage.o [1]
std::ios_base::_Addstd(std::ios_base*)
                         0x800'4379   0x36  Code  Gb  ios.o [3]
std::ios_base::_Callfns(std::ios_base::event)
                         0x800'435d   0x1c  Code  Gb  ios.o [3]
std::ios_base::_Init()   0x800'43bd   0x1c  Code  Gb  ios.o [3]
std::ios_base::_Tidy()   0x800'43d9   0x38  Code  Gb  ios.o [3]
std::ios_base::clear(std::_Iosb<int>::_Iostate, bool)
                         0x800'4319   0x20  Code  Gb  ios.o [3]
std::ios_base::flags() const
                         0x800'35a1    0x4  Code  Gb  Voltage.o [1]
std::ios_base::good() const
                         0x800'4235   0x14  Code  Gb  Voltage.o [1]
std::ios_base::precision() const
                         0x800'4699    0x4  Code  Gb  Voltage.o [1]
std::ios_base::rdstate() const
                         0x800'42a1    0x4  Code  Gb  Voltage.o [1]
std::ios_base::width() const
                         0x800'3737    0x4  Code  Gb  Voltage.o [1]
std::ios_base::width(int)
                         0x800'3797    0x8  Code  Gb  Voltage.o [1]
std::ios_base::~ios_base()
                         0x800'4339   0x24  Code  Gb  ios.o [3]
std::ios_base::~ios_base() [subobject]
                         0x800'430d    0x2  Code  Gb  ios.o [3]
std::num_put<char, std::ostreambuf_iterator<char, std::char_traits<char>>> const & std::use_facet<std::num_put<char, std::ostreambuf_iterator<char, std::char_traits<char>>>>()
                         0x800'4a2d   0x20  Code  Gb  Voltage.o [1]
std::num_put<char, std::ostreambuf_iterator<char, std::char_traits<char>>> const & std::use_facet<std::num_put<char, std::ostreambuf_iterator<char, std::char_traits<char>>>>()::_MyFacet
                        0x2000'02d0    0x4  Data  Gb  Voltage.o [1]
std::num_put<char, std::ostreambuf_iterator<char, std::char_traits<char>>>::_Ffmt(char *, char, std::_Iosb<int>::_Fmtflags) const
                         0x800'46bd   0xd2  Code  Gb  Voltage.o [1]
std::num_put<char, std::ostreambuf_iterator<char, std::char_traits<char>>>::_Fput(std::ostreambuf_iterator<char, std::char_traits<char>>, std::ios_base &, char, char const *, unsigned int, unsigned int, unsigned int, unsigned int) const
                         0x800'32f5  0x2ac  Code  Gb  Voltage.o [1]
std::num_put<char, std::ostreambuf_iterator<char, std::char_traits<char>>>::_Fput(std::ostreambuf_iterator<char, std::char_traits<char>>, std::ios_base &, char, char const *, unsigned int, unsigned int, unsigned int, unsigned int) const::string
                         0x800'55e8    0x4  Data  Gb  Voltage.o [1]
std::num_put<char, std::ostreambuf_iterator<char, std::char_traits<char>>>::_Fput(std::ostreambuf_iterator<char, std::char_traits<char>>, std::ios_base &, char, char const *, unsigned int, unsigned int, unsigned int, unsigned int) const::string (instance 2)
                         0x800'55ec    0x4  Data  Gb  Voltage.o [1]
std::num_put<char, std::ostreambuf_iterator<char, std::char_traits<char>>>::_Put(std::ostreambuf_iterator<char, std::char_traits<char>>, char const *, unsigned int) const
                         0x800'3769   0x2e  Code  Gb  Voltage.o [1]
std::num_put<char, std::ostreambuf_iterator<char, std::char_traits<char>>>::_Rep(std::ostreambuf_iterator<char, std::char_traits<char>>, char, unsigned int) const
                         0x800'373b   0x2e  Code  Gb  Voltage.o [1]
std::num_put<char, std::ostreambuf_iterator<char, std::char_traits<char>>>::do_put(std::ostreambuf_iterator<char, std::char_traits<char>>, std::ios_base &, char, double) const
                         0x800'4509  0x190  Code  Gb  Voltage.o [1]
std::num_put<char, std::ostreambuf_iterator<char, std::char_traits<char>>>::num_put()
                         0x800'4add    0xc  Code  Gb  Voltage.o [1]
std::num_put<char, std::ostreambuf_iterator<char, std::char_traits<char>>>::num_put() [subobject]
                         0x800'4ad5    0x8  Code  Gb  Voltage.o [1]
std::num_put<char, std::ostreambuf_iterator<char, std::char_traits<char>>>::put(std::ostreambuf_iterator<char, std::char_traits<char>>, std::ios_base &, char, double) const
                         0x800'4a9d   0x18  Code  Gb  Voltage.o [1]
std::numpunct<char> const & std::use_facet<std::numpunct<char>>()
                         0x800'363d   0x30  Code  Gb  Voltage.o [1]
std::numpunct<char> const & std::use_facet<std::numpunct<char>>()::_MyFacet
                        0x2000'02ac   0x14  Data  Gb  Voltage.o [1]
std::numpunct<char>::_Init(bool)
                         0x800'3e39   0x70  Code  Gb  Voltage.o [1]
std::numpunct<char>::_Init(bool)::string
                         0x800'2b22    0x1  Data  Gb  Voltage.o [1]
std::numpunct<char>::_Init(bool)::string (instance 2)
                         0x800'55c8    0x8  Data  Gb  Voltage.o [1]
std::numpunct<char>::_Init(bool)::string (instance 3)
                         0x800'55d0    0x8  Data  Gb  Voltage.o [1]
std::numpunct<char>::_Tidy()
                         0x800'54b1   0x18  Code  Gb  Voltage.o [1]
std::numpunct<char>::decimal_point() const
                         0x800'3717    0xa  Code  Gb  Voltage.o [1]
std::numpunct<char>::do_decimal_point() const
                         0x800'55f1    0x4  Code  Gb  Voltage.o [1]
std::numpunct<char>::do_grouping() const
                         0x800'55bd    0xa  Code  Gb  Voltage.o [1]
std::numpunct<char>::do_thousands_sep() const
                         0x800'55f5    0x4  Code  Gb  Voltage.o [1]
std::numpunct<char>::grouping() const
                         0x800'366d    0xa  Code  Gb  Voltage.o [1]
std::numpunct<char>::numpunct()
                         0x800'3d2d   0x28  Code  Gb  Voltage.o [1]
std::numpunct<char>::numpunct() [subobject]
                         0x800'3a63    0x8  Code  Gb  Voltage.o [1]
std::numpunct<char>::thousands_sep() const
                         0x800'3677    0xa  Code  Gb  Voltage.o [1]
std::numpunct<char>::~numpunct()
                         0x800'5499   0x18  Code  Gb  Voltage.o [1]
std::numpunct<char>::~numpunct() [subobject]
                         0x800'55a7    0x8  Code  Gb  Voltage.o [1]
std::operator &(std::_Iosb<int>::_Fmtflags, std::_Iosb<int>::_Fmtflags)
                         0x800'35a5    0x6  Code  Gb  Voltage.o [1]
std::operator |=(std::_Iosb<int>::_Iostate &, std::_Iosb<int>::_Iostate)
                         0x800'41db    0x8  Code  Gb  Voltage.o [1]
std::ostream & std::endl<char, std::char_traits<char>>(std::ostream &)
                         0x800'5245   0x2e  Code  Gb  Voltage.o [1]
std::ostream & std::operator <<<std::char_traits<char>>(std::ostream &, char const *)
                         0x800'3fa1  0x1b2  Code  Gb  Voltage.o [1]
std::ostream::_Flush_sentry::_Flush_sentry(std::ostream&)
                         0x800'42c5   0x28  Code  Gb  Voltage.o [1]
std::ostream::_Flush_sentry::_Flush_sentry(std::ostream&) [subobject]
                         0x800'422d    0x8  Code  Gb  Voltage.o [1]
std::ostream::_Flush_sentry::operator bool() const
                         0x800'41d7    0x4  Code  Gb  Voltage.o [1]
std::ostream::_Flush_sentry::~_Flush_sentry()
                         0x800'42f7   0x14  Code  Gb  Voltage.o [1]
std::ostream::_Flush_sentry::~_Flush_sentry() [subobject]
                         0x800'42bd    0x8  Code  Gb  Voltage.o [1]
std::ostream::_Osfx()    0x800'4419   0x54  Code  Gb  Voltage.o [1]
std::ostream::_Sentry_base::_Sentry_base(std::ostream&)
                         0x800'4479   0x48  Code  Gb  Voltage.o [1]
std::ostream::_Sentry_base::_Sentry_base(std::ostream&) [subobject]
                         0x800'4411    0x8  Code  Gb  Voltage.o [1]
std::ostream::_Sentry_base::~_Sentry_base()
                         0x800'44c1   0x46  Code  Gb  Voltage.o [1]
std::ostream::_Sentry_base::~_Sentry_base() [subobject]
                         0x800'446d    0x8  Code  Gb  Voltage.o [1]
std::ostream::flush()    0x800'424d   0x54  Code  Gb  Voltage.o [1]
std::ostream::operator <<(float)
                         0x800'496d   0xb0  Code  Gb  Voltage.o [1]
std::ostream::operator <<(std::ostream&(*)(std::ostream&))
                         0x800'4a1d    0x6  Code  Gb  Voltage.o [1]
std::ostream::put(char)
                         0x800'4f3b   0x76  Code  Gb  Voltage.o [1]
std::ostream::sentry::sentry(std::ostream&)
                         0x800'4165   0x72  Code  Gb  Voltage.o [1]
std::ostream::sentry::~sentry()
                         0x800'421f    0xe  Code  Gb  Voltage.o [1]
std::ostream::~basic_ostream()
                         0x800'55af    0xe  Code  Gb  iostream_cout.o [3]
std::ostreambuf_iterator<char, std::char_traits<char>>::failed() const
                         0x800'4ab5    0x4  Code  Gb  Voltage.o [1]
std::ostreambuf_iterator<char, std::char_traits<char>>::operator *()
                         0x800'39b1    0x2  Code  Gb  Voltage.o [1]
std::ostreambuf_iterator<char, std::char_traits<char>>::operator ++()
                         0x800'39e1    0x2  Code  Gb  Voltage.o [1]
std::ostreambuf_iterator<char, std::char_traits<char>>::operator =(char)
                         0x800'39b3   0x2e  Code  Gb  Voltage.o [1]
std::ostreambuf_iterator<char, std::char_traits<char>>::ostreambuf_iterator(std::streambuf *)
                         0x800'4a4d    0x8  Code  Gb  Voltage.o [1]
std::remove_reference<char *&>::type && std::move<char *&>(char *& &&)
                         0x800'3d6d    0x2  Code  Gb  Voltage.o [1]
std::streambuf::_Lock()
                         0x800'2a1b    0x2  Code  Gb  iostream_cout.o [3]
std::streambuf::_Pnavail() const
                         0x800'3df1   0x18  Code  Gb  Voltage.o [1]
std::streambuf::_Pninc()
                         0x800'3e09    0xe  Code  Gb  Voltage.o [1]
std::streambuf::_Unlock()
                         0x800'2a3f    0x2  Code  Gb  iostream_cout.o [3]
std::streambuf::overflow(int)
                         0x800'26ff    0x6  Code  Gb  iostream_cout.o [3]
std::streambuf::pubsync()
                         0x800'42ed    0xa  Code  Gb  Voltage.o [1]
std::streambuf::sputc(char)
                         0x800'3ca5   0x32  Code  Gb  Voltage.o [1]
std::streambuf::sputn(char const *, int)
                         0x800'41ed    0xa  Code  Gb  Voltage.o [1]
std::streambuf::sync()   0x800'55f9    0x4  Code  Gb  iostream_cout.o [3]
std::streambuf::xsputn(char const *, int)
                         0x800'4fb1   0x60  Code  Gb  iostream_cout.o [3]
std::string::_Chassign(unsigned int, unsigned int, char)
                         0x800'3949   0x2a  Code  Gb  Voltage.o [1]
std::string::_Copy(unsigned int, unsigned int)
                         0x800'3b25   0xd6  Code  Gb  Voltage.o [1]
std::string::_Eos(unsigned int)
                         0x800'3973   0x28  Code  Gb  Voltage.o [1]
std::string::_Grow(unsigned int, bool)
                         0x800'38bd   0x7a  Code  Gb  Voltage.o [1]
std::string::_Inside(char const *)
                         0x800'5063   0x32  Code  Gb  Voltage.o [1]
std::string::_Tidy(bool, unsigned int)
                         0x800'37d1   0x7a  Code  Gb  Voltage.o [1]
std::string::assign(char const *)
                         0x800'5391   0x18  Code  Gb  Voltage.o [1]
std::string::assign(char const *, unsigned int)
                         0x800'5011   0x52  Code  Gb  Voltage.o [1]
std::string::assign(const std::string&, unsigned int, unsigned int)
                         0x800'4e31   0x7c  Code  Gb  Voltage.o [1]
std::string::assign(unsigned int, char)
                         0x800'384b   0x3a  Code  Gb  Voltage.o [1]
std::string::basic_string(char const *)
                         0x800'536d   0x24  Code  Gb  Voltage.o [1]
std::string::basic_string(unsigned int, char)
                         0x800'35f3   0x2a  Code  Gb  Voltage.o [1]
std::string::erase(unsigned int)
                         0x800'4ead   0x22  Code  Gb  Voltage.o [1]
std::string::erase(unsigned int, unsigned int)
                         0x800'4ecf   0x6c  Code  Gb  Voltage.o [1]
std::string::insert(unsigned int, unsigned int, char)
                         0x800'3681   0x96  Code  Gb  Voltage.o [1]
std::string::max_size() const
                         0x800'3b0d   0x18  Code  Gb  Voltage.o [1]
std::string::operator [](unsigned int)
                         0x800'361d    0xc  Code  Gb  Voltage.o [1]
std::string::operator [](unsigned int) const
                         0x800'3721    0xc  Code  Gb  Voltage.o [1]
std::string::size() const
                         0x800'372d    0xa  Code  Gb  Voltage.o [1]
std::string::~basic_string()
                         0x800'379f   0x12  Code  Gb  Voltage.o [1]
strchr                   0x800'2669         Code  Gb  strchr.o [5]
strcspn                  0x800'35ab   0x22  Code  Gb  strcspn.o [2]
strlen                   0x800'26c9         Code  Gb  strlen.o [5]
ttio_guard              0x2000'02ef    0x1  Data  Lc  XShttio.o [2]
void std::_Deallocate<char>(char *, unsigned int)
                         0x800'3e31    0x8  Code  Gb  Voltage.o [1]
void std::_Wrap_alloc<std::allocator<char>>::construct<char *, char *>(char * *, char * &&...)
                         0x800'3d6f   0x18  Code  Gb  Voltage.o [1]
void std::_Wrap_alloc<std::allocator<char>>::destroy<char *>(char * *)
                         0x800'3a1f    0x8  Code  Gb  Voltage.o [1]
void std::allocator<char>::construct<char *, char *>(char * *, char * &&...)
                         0x800'3f51   0x20  Code  Gb  Voltage.o [1]
void std::allocator<char>::destroy<char *>(char * *)
                         0x800'3e2f    0x2  Code  Gb  Voltage.o [1]
void std::allocator_traits<std::allocator<char>>::construct<char *, char *>(std::allocator<char>&, char * *, char * &&...)
                         0x800'3ec7   0x18  Code  Gb  Voltage.o [1]
void std::allocator_traits<std::allocator<char>>::destroy<char *>(std::allocator<char>&, char * *)
                         0x800'3d13    0x8  Code  Gb  Voltage.o [1]
void std::numpunct<char>::_Getvals<char>(char)
                         0x800'3f1f   0x1a  Code  Gb  Voltage.o [1]


[1] = C:\Users\User\Desktop\projects\stm32Labs\Lab7_ADC\Debug\Obj
[2] = dl7M_tln.a
[3] = dlpp7M_tl_nc.a
[4] = m7M_tls.a
[5] = rt7M_tl.a
[6] = shb_l.a

  21'125 bytes of readonly  code memory
     887 bytes of readonly  data memory
  17'556 bytes of readwrite data memory

Errors: none
Warnings: none
